DEBUG - 2026-08-04 03:55:12 --> Session: Class initialized using 'CodeIgniter\Session\Handlers\FileHandler' driver.
DEBUG - 2026-08-04 03:57:31 --> Session: Class initialized using 'CodeIgniter\Session\Handlers\FileHandler' driver.
DEBUG - 2026-08-04 03:57:33 --> Session: Class initialized using 'CodeIgniter\Session\Handlers\FileHandler' driver.
DEBUG - 2026-08-04 03:57:33 --> Session: Class initialized using 'CodeIgniter\Session\Handlers\FileHandler' driver.
DEBUG - 2026-08-04 03:57:41 --> Session: Class initialized using 'CodeIgniter\Session\Handlers\FileHandler' driver.
DEBUG - 2026-08-04 03:57:49 --> Session: Class initialized using 'CodeIgniter\Session\Handlers\FileHandler' driver.
DEBUG - 2026-08-04 03:58:12 --> Session: Class initialized using 'CodeIgniter\Session\Handlers\FileHandler' driver.
DEBUG - 2026-08-04 03:58:12 --> Session: Class initialized using 'CodeIgniter\Session\Handlers\FileHandler' driver.
DEBUG - 2026-08-04 03:58:12 --> Session: Class initialized using 'CodeIgniter\Session\Handlers\FileHandler' driver.
DEBUG - 2026-08-04 03:58:26 --> Session: Class initialized using 'CodeIgniter\Session\Handlers\FileHandler' driver.
DEBUG - 2026-08-04 03:59:00 --> Session: Class initialized using 'CodeIgniter\Session\Handlers\FileHandler' driver.
CRITICAL - 2026-08-04 03:59:00 --> Error: Class "App\Models\NewProductAddModel" not found
[Method: GET, Route: barcode]
in APPPATH\Controllers\BarcodeGenerateController.php on line 23.
 1 SYSTEMPATH\CodeIgniter.php(903): App\Controllers\BarcodeGenerateController->__construct()
 2 SYSTEMPATH\CodeIgniter.php(498): CodeIgniter\CodeIgniter->createController()
 3 SYSTEMPATH\CodeIgniter.php(354): CodeIgniter\CodeIgniter->handleRequest(null, Object(Config\Cache), false)
 4 SYSTEMPATH\Boot.php(363): CodeIgniter\CodeIgniter->run()
 5 SYSTEMPATH\Boot.php(68): CodeIgniter\Boot::runCodeIgniter(Object(CodeIgniter\CodeIgniter))
 6 FCPATH\index.php(59): CodeIgniter\Boot::bootWeb(Object(Config\Paths))
DEBUG - 2026-08-04 03:59:12 --> Session: Class initialized using 'CodeIgniter\Session\Handlers\FileHandler' driver.
DEBUG - 2026-08-04 03:59:20 --> Session: Class initialized using 'CodeIgniter\Session\Handlers\FileHandler' driver.
CRITICAL - 2026-08-04 03:59:20 --> Error: Class "App\Models\NewProductAddModel" not found
[Method: GET, Route: barcode]
in APPPATH\Controllers\BarcodeGenerateController.php on line 23.
 1 SYSTEMPATH\CodeIgniter.php(903): App\Controllers\BarcodeGenerateController->__construct()
 2 SYSTEMPATH\CodeIgniter.php(498): CodeIgniter\CodeIgniter->createController()
 3 SYSTEMPATH\CodeIgniter.php(354): CodeIgniter\CodeIgniter->handleRequest(null, Object(Config\Cache), false)
 4 SYSTEMPATH\Boot.php(363): CodeIgniter\CodeIgniter->run()
 5 SYSTEMPATH\Boot.php(68): CodeIgniter\Boot::runCodeIgniter(Object(CodeIgniter\CodeIgniter))
 6 FCPATH\index.php(59): CodeIgniter\Boot::bootWeb(Object(Config\Paths))
DEBUG - 2026-08-04 04:03:06 --> Session: Class initialized using 'CodeIgniter\Session\Handlers\FileHandler' driver.
CRITICAL - 2026-08-04 04:03:06 --> Error: Class "App\Models\NewProductAddModel" not found
[Method: GET, Route: barcode]
in APPPATH\Controllers\BarcodeGenerateController.php on line 23.
 1 SYSTEMPATH\CodeIgniter.php(903): App\Controllers\BarcodeGenerateController->__construct()
 2 SYSTEMPATH\CodeIgniter.php(498): CodeIgniter\CodeIgniter->createController()
 3 SYSTEMPATH\CodeIgniter.php(354): CodeIgniter\CodeIgniter->handleRequest(null, Object(Config\Cache), false)
 4 SYSTEMPATH\Boot.php(363): CodeIgniter\CodeIgniter->run()
 5 SYSTEMPATH\Boot.php(68): CodeIgniter\Boot::runCodeIgniter(Object(CodeIgniter\CodeIgniter))
 6 FCPATH\index.php(59): CodeIgniter\Boot::bootWeb(Object(Config\Paths))
DEBUG - 2026-08-04 04:03:55 --> Session: Class initialized using 'CodeIgniter\Session\Handlers\FileHandler' driver.
ERROR - 2026-08-04 04:03:55 --> mysqli_sql_exception: Table 'pharmacy_db.product_inital_stock' doesn't exist in C:\laragon\www\pharmacy-project\system\Database\MySQLi\Connection.php:327
Stack trace:
#0 C:\laragon\www\pharmacy-project\system\Database\MySQLi\Connection.php(327): mysqli->query('SELECT\r\n       ...', 0)
#1 C:\laragon\www\pharmacy-project\system\Database\BaseConnection.php(729): CodeIgniter\Database\MySQLi\Connection->execute('SELECT\r\n       ...')
#2 C:\laragon\www\pharmacy-project\system\Database\BaseConnection.php(646): CodeIgniter\Database\BaseConnection->simpleQuery('SELECT\r\n       ...')
#3 C:\laragon\www\pharmacy-project\app\Controllers\BarcodeGenerateController.php(46): CodeIgniter\Database\BaseConnection->query('SELECT\r\n       ...')
#4 C:\laragon\www\pharmacy-project\system\CodeIgniter.php(933): App\Controllers\BarcodeGenerateController->index()
#5 C:\laragon\www\pharmacy-project\system\CodeIgniter.php(507): CodeIgniter\CodeIgniter->runController(Object(App\Controllers\BarcodeGenerateController))
#6 C:\laragon\www\pharmacy-project\system\CodeIgniter.php(354): CodeIgniter\CodeIgniter->handleRequest(NULL, Object(Config\Cache), false)
#7 C:\laragon\www\pharmacy-project\system\Boot.php(363): CodeIgniter\CodeIgniter->run()
#8 C:\laragon\www\pharmacy-project\system\Boot.php(68): CodeIgniter\Boot::runCodeIgniter(Object(CodeIgniter\CodeIgniter))
#9 C:\laragon\www\pharmacy-project\index.php(59): CodeIgniter\Boot::bootWeb(Object(Config\Paths))
#10 {main}
CRITICAL - 2026-08-04 04:03:55 --> CodeIgniter\Database\Exceptions\DatabaseException: Table 'pharmacy_db.product_inital_stock' doesn't exist
[Method: GET, Route: barcode]
in SYSTEMPATH\Database\BaseConnection.php on line 684.
 1 APPPATH\Controllers\BarcodeGenerateController.php(46): CodeIgniter\Database\BaseConnection->query('SELECT
        piq.*,

        COALESCE(sl.total_stock, 0) AS total_stock

    FROM product_inital_stock piq

    LEFT JOIN (
        SELECT
            product_id,
            SUM(qty_in - qty_out) AS total_stock
        FROM stock_ledger
        GROUP BY product_id
    ) sl
    ON sl.product_id = piq.product_id')
 2 SYSTEMPATH\CodeIgniter.php(933): App\Controllers\BarcodeGenerateController->index()
 3 SYSTEMPATH\CodeIgniter.php(507): CodeIgniter\CodeIgniter->runController(Object(App\Controllers\BarcodeGenerateController))
 4 SYSTEMPATH\CodeIgniter.php(354): CodeIgniter\CodeIgniter->handleRequest(null, Object(Config\Cache), false)
 5 SYSTEMPATH\Boot.php(363): CodeIgniter\CodeIgniter->run()
 6 SYSTEMPATH\Boot.php(68): CodeIgniter\Boot::runCodeIgniter(Object(CodeIgniter\CodeIgniter))
 7 FCPATH\index.php(59): CodeIgniter\Boot::bootWeb(Object(Config\Paths))
CRITICAL - 2026-08-04 04:03:55 --> [Caused by] CodeIgniter\Database\Exceptions\DatabaseException: Table 'pharmacy_db.product_inital_stock' doesn't exist
in SYSTEMPATH\Database\MySQLi\Connection.php on line 332.
 1 SYSTEMPATH\Database\BaseConnection.php(729): CodeIgniter\Database\MySQLi\Connection->execute('SELECT
        piq.*,

        COALESCE(sl.total_stock, 0) AS total_stock

    FROM product_inital_stock piq

    LEFT JOIN (
        SELECT
            product_id,
            SUM(qty_in - qty_out) AS total_stock
        FROM stock_ledger
        GROUP BY product_id
    ) sl
    ON sl.product_id = piq.product_id')
 2 SYSTEMPATH\Database\BaseConnection.php(646): CodeIgniter\Database\BaseConnection->simpleQuery('SELECT
        piq.*,

        COALESCE(sl.total_stock, 0) AS total_stock

    FROM product_inital_stock piq

    LEFT JOIN (
        SELECT
            product_id,
            SUM(qty_in - qty_out) AS total_stock
        FROM stock_ledger
        GROUP BY product_id
    ) sl
    ON sl.product_id = piq.product_id')
 3 APPPATH\Controllers\BarcodeGenerateController.php(46): CodeIgniter\Database\BaseConnection->query('SELECT
        piq.*,

        COALESCE(sl.total_stock, 0) AS total_stock

    FROM product_inital_stock piq

    LEFT JOIN (
        SELECT
            product_id,
            SUM(qty_in - qty_out) AS total_stock
        FROM stock_ledger
        GROUP BY product_id
    ) sl
    ON sl.product_id = piq.product_id')
 4 SYSTEMPATH\CodeIgniter.php(933): App\Controllers\BarcodeGenerateController->index()
 5 SYSTEMPATH\CodeIgniter.php(507): CodeIgniter\CodeIgniter->runController(Object(App\Controllers\BarcodeGenerateController))
 6 SYSTEMPATH\CodeIgniter.php(354): CodeIgniter\CodeIgniter->handleRequest(null, Object(Config\Cache), false)
 7 SYSTEMPATH\Boot.php(363): CodeIgniter\CodeIgniter->run()
 8 SYSTEMPATH\Boot.php(68): CodeIgniter\Boot::runCodeIgniter(Object(CodeIgniter\CodeIgniter))
 9 FCPATH\index.php(59): CodeIgniter\Boot::bootWeb(Object(Config\Paths))
CRITICAL - 2026-08-04 04:03:55 --> [Caused by] mysqli_sql_exception: Table 'pharmacy_db.product_inital_stock' doesn't exist
in SYSTEMPATH\Database\MySQLi\Connection.php on line 327.
 1 SYSTEMPATH\Database\MySQLi\Connection.php(327): mysqli->query('SELECT
        piq.*,

        COALESCE(sl.total_stock, 0) AS total_stock

    FROM product_inital_stock piq

    LEFT JOIN (
        SELECT
            product_id,
            SUM(qty_in - qty_out) AS total_stock
        FROM stock_ledger
        GROUP BY product_id
    ) sl
    ON sl.product_id = piq.product_id', 0)
 2 SYSTEMPATH\Database\BaseConnection.php(729): CodeIgniter\Database\MySQLi\Connection->execute('SELECT
        piq.*,

        COALESCE(sl.total_stock, 0) AS total_stock

    FROM product_inital_stock piq

    LEFT JOIN (
        SELECT
            product_id,
            SUM(qty_in - qty_out) AS total_stock
        FROM stock_ledger
        GROUP BY product_id
    ) sl
    ON sl.product_id = piq.product_id')
 3 SYSTEMPATH\Database\BaseConnection.php(646): CodeIgniter\Database\BaseConnection->simpleQuery('SELECT
        piq.*,

        COALESCE(sl.total_stock, 0) AS total_stock

    FROM product_inital_stock piq

    LEFT JOIN (
        SELECT
            product_id,
            SUM(qty_in - qty_out) AS total_stock
        FROM stock_ledger
        GROUP BY product_id
    ) sl
    ON sl.product_id = piq.product_id')
 4 APPPATH\Controllers\BarcodeGenerateController.php(46): CodeIgniter\Database\BaseConnection->query('SELECT
        piq.*,

        COALESCE(sl.total_stock, 0) AS total_stock

    FROM product_inital_stock piq

    LEFT JOIN (
        SELECT
            product_id,
            SUM(qty_in - qty_out) AS total_stock
        FROM stock_ledger
        GROUP BY product_id
    ) sl
    ON sl.product_id = piq.product_id')
 5 SYSTEMPATH\CodeIgniter.php(933): App\Controllers\BarcodeGenerateController->index()
 6 SYSTEMPATH\CodeIgniter.php(507): CodeIgniter\CodeIgniter->runController(Object(App\Controllers\BarcodeGenerateController))
 7 SYSTEMPATH\CodeIgniter.php(354): CodeIgniter\CodeIgniter->handleRequest(null, Object(Config\Cache), false)
 8 SYSTEMPATH\Boot.php(363): CodeIgniter\CodeIgniter->run()
 9 SYSTEMPATH\Boot.php(68): CodeIgniter\Boot::runCodeIgniter(Object(CodeIgniter\CodeIgniter))
10 FCPATH\index.php(59): CodeIgniter\Boot::bootWeb(Object(Config\Paths))
DEBUG - 2026-08-04 04:03:57 --> Session: Class initialized using 'CodeIgniter\Session\Handlers\FileHandler' driver.
ERROR - 2026-08-04 04:03:57 --> mysqli_sql_exception: Table 'pharmacy_db.product_inital_stock' doesn't exist in C:\laragon\www\pharmacy-project\system\Database\MySQLi\Connection.php:327
Stack trace:
#0 C:\laragon\www\pharmacy-project\system\Database\MySQLi\Connection.php(327): mysqli->query('SELECT\r\n       ...', 0)
#1 C:\laragon\www\pharmacy-project\system\Database\BaseConnection.php(729): CodeIgniter\Database\MySQLi\Connection->execute('SELECT\r\n       ...')
#2 C:\laragon\www\pharmacy-project\system\Database\BaseConnection.php(646): CodeIgniter\Database\BaseConnection->simpleQuery('SELECT\r\n       ...')
#3 C:\laragon\www\pharmacy-project\app\Controllers\BarcodeGenerateController.php(46): CodeIgniter\Database\BaseConnection->query('SELECT\r\n       ...')
#4 C:\laragon\www\pharmacy-project\system\CodeIgniter.php(933): App\Controllers\BarcodeGenerateController->index()
#5 C:\laragon\www\pharmacy-project\system\CodeIgniter.php(507): CodeIgniter\CodeIgniter->runController(Object(App\Controllers\BarcodeGenerateController))
#6 C:\laragon\www\pharmacy-project\system\CodeIgniter.php(354): CodeIgniter\CodeIgniter->handleRequest(NULL, Object(Config\Cache), false)
#7 C:\laragon\www\pharmacy-project\system\Boot.php(363): CodeIgniter\CodeIgniter->run()
#8 C:\laragon\www\pharmacy-project\system\Boot.php(68): CodeIgniter\Boot::runCodeIgniter(Object(CodeIgniter\CodeIgniter))
#9 C:\laragon\www\pharmacy-project\index.php(59): CodeIgniter\Boot::bootWeb(Object(Config\Paths))
#10 {main}
CRITICAL - 2026-08-04 04:03:57 --> CodeIgniter\Database\Exceptions\DatabaseException: Table 'pharmacy_db.product_inital_stock' doesn't exist
[Method: GET, Route: barcode]
in SYSTEMPATH\Database\BaseConnection.php on line 684.
 1 APPPATH\Controllers\BarcodeGenerateController.php(46): CodeIgniter\Database\BaseConnection->query('SELECT
        piq.*,

        COALESCE(sl.total_stock, 0) AS total_stock

    FROM product_inital_stock piq

    LEFT JOIN (
        SELECT
            product_id,
            SUM(qty_in - qty_out) AS total_stock
        FROM stock_ledger
        GROUP BY product_id
    ) sl
    ON sl.product_id = piq.product_id')
 2 SYSTEMPATH\CodeIgniter.php(933): App\Controllers\BarcodeGenerateController->index()
 3 SYSTEMPATH\CodeIgniter.php(507): CodeIgniter\CodeIgniter->runController(Object(App\Controllers\BarcodeGenerateController))
 4 SYSTEMPATH\CodeIgniter.php(354): CodeIgniter\CodeIgniter->handleRequest(null, Object(Config\Cache), false)
 5 SYSTEMPATH\Boot.php(363): CodeIgniter\CodeIgniter->run()
 6 SYSTEMPATH\Boot.php(68): CodeIgniter\Boot::runCodeIgniter(Object(CodeIgniter\CodeIgniter))
 7 FCPATH\index.php(59): CodeIgniter\Boot::bootWeb(Object(Config\Paths))
CRITICAL - 2026-08-04 04:03:57 --> [Caused by] CodeIgniter\Database\Exceptions\DatabaseException: Table 'pharmacy_db.product_inital_stock' doesn't exist
in SYSTEMPATH\Database\MySQLi\Connection.php on line 332.
 1 SYSTEMPATH\Database\BaseConnection.php(729): CodeIgniter\Database\MySQLi\Connection->execute('SELECT
        piq.*,

        COALESCE(sl.total_stock, 0) AS total_stock

    FROM product_inital_stock piq

    LEFT JOIN (
        SELECT
            product_id,
            SUM(qty_in - qty_out) AS total_stock
        FROM stock_ledger
        GROUP BY product_id
    ) sl
    ON sl.product_id = piq.product_id')
 2 SYSTEMPATH\Database\BaseConnection.php(646): CodeIgniter\Database\BaseConnection->simpleQuery('SELECT
        piq.*,

        COALESCE(sl.total_stock, 0) AS total_stock

    FROM product_inital_stock piq

    LEFT JOIN (
        SELECT
            product_id,
            SUM(qty_in - qty_out) AS total_stock
        FROM stock_ledger
        GROUP BY product_id
    ) sl
    ON sl.product_id = piq.product_id')
 3 APPPATH\Controllers\BarcodeGenerateController.php(46): CodeIgniter\Database\BaseConnection->query('SELECT
        piq.*,

        COALESCE(sl.total_stock, 0) AS total_stock

    FROM product_inital_stock piq

    LEFT JOIN (
        SELECT
            product_id,
            SUM(qty_in - qty_out) AS total_stock
        FROM stock_ledger
        GROUP BY product_id
    ) sl
    ON sl.product_id = piq.product_id')
 4 SYSTEMPATH\CodeIgniter.php(933): App\Controllers\BarcodeGenerateController->index()
 5 SYSTEMPATH\CodeIgniter.php(507): CodeIgniter\CodeIgniter->runController(Object(App\Controllers\BarcodeGenerateController))
 6 SYSTEMPATH\CodeIgniter.php(354): CodeIgniter\CodeIgniter->handleRequest(null, Object(Config\Cache), false)
 7 SYSTEMPATH\Boot.php(363): CodeIgniter\CodeIgniter->run()
 8 SYSTEMPATH\Boot.php(68): CodeIgniter\Boot::runCodeIgniter(Object(CodeIgniter\CodeIgniter))
 9 FCPATH\index.php(59): CodeIgniter\Boot::bootWeb(Object(Config\Paths))
CRITICAL - 2026-08-04 04:03:57 --> [Caused by] mysqli_sql_exception: Table 'pharmacy_db.product_inital_stock' doesn't exist
in SYSTEMPATH\Database\MySQLi\Connection.php on line 327.
 1 SYSTEMPATH\Database\MySQLi\Connection.php(327): mysqli->query('SELECT
        piq.*,

        COALESCE(sl.total_stock, 0) AS total_stock

    FROM product_inital_stock piq

    LEFT JOIN (
        SELECT
            product_id,
            SUM(qty_in - qty_out) AS total_stock
        FROM stock_ledger
        GROUP BY product_id
    ) sl
    ON sl.product_id = piq.product_id', 0)
 2 SYSTEMPATH\Database\BaseConnection.php(729): CodeIgniter\Database\MySQLi\Connection->execute('SELECT
        piq.*,

        COALESCE(sl.total_stock, 0) AS total_stock

    FROM product_inital_stock piq

    LEFT JOIN (
        SELECT
            product_id,
            SUM(qty_in - qty_out) AS total_stock
        FROM stock_ledger
        GROUP BY product_id
    ) sl
    ON sl.product_id = piq.product_id')
 3 SYSTEMPATH\Database\BaseConnection.php(646): CodeIgniter\Database\BaseConnection->simpleQuery('SELECT
        piq.*,

        COALESCE(sl.total_stock, 0) AS total_stock

    FROM product_inital_stock piq

    LEFT JOIN (
        SELECT
            product_id,
            SUM(qty_in - qty_out) AS total_stock
        FROM stock_ledger
        GROUP BY product_id
    ) sl
    ON sl.product_id = piq.product_id')
 4 APPPATH\Controllers\BarcodeGenerateController.php(46): CodeIgniter\Database\BaseConnection->query('SELECT
        piq.*,

        COALESCE(sl.total_stock, 0) AS total_stock

    FROM product_inital_stock piq

    LEFT JOIN (
        SELECT
            product_id,
            SUM(qty_in - qty_out) AS total_stock
        FROM stock_ledger
        GROUP BY product_id
    ) sl
    ON sl.product_id = piq.product_id')
 5 SYSTEMPATH\CodeIgniter.php(933): App\Controllers\BarcodeGenerateController->index()
 6 SYSTEMPATH\CodeIgniter.php(507): CodeIgniter\CodeIgniter->runController(Object(App\Controllers\BarcodeGenerateController))
 7 SYSTEMPATH\CodeIgniter.php(354): CodeIgniter\CodeIgniter->handleRequest(null, Object(Config\Cache), false)
 8 SYSTEMPATH\Boot.php(363): CodeIgniter\CodeIgniter->run()
 9 SYSTEMPATH\Boot.php(68): CodeIgniter\Boot::runCodeIgniter(Object(CodeIgniter\CodeIgniter))
10 FCPATH\index.php(59): CodeIgniter\Boot::bootWeb(Object(Config\Paths))
DEBUG - 2026-08-04 04:06:03 --> Session: Class initialized using 'CodeIgniter\Session\Handlers\FileHandler' driver.
ERROR - 2026-08-04 04:06:03 --> mysqli_sql_exception: Table 'pharmacy_db.product_inital_stock' doesn't exist in C:\laragon\www\pharmacy-project\system\Database\MySQLi\Connection.php:327
Stack trace:
#0 C:\laragon\www\pharmacy-project\system\Database\MySQLi\Connection.php(327): mysqli->query('SELECT\r\n       ...', 0)
#1 C:\laragon\www\pharmacy-project\system\Database\BaseConnection.php(729): CodeIgniter\Database\MySQLi\Connection->execute('SELECT\r\n       ...')
#2 C:\laragon\www\pharmacy-project\system\Database\BaseConnection.php(646): CodeIgniter\Database\BaseConnection->simpleQuery('SELECT\r\n       ...')
#3 C:\laragon\www\pharmacy-project\app\Controllers\BarcodeGenerateController.php(46): CodeIgniter\Database\BaseConnection->query('SELECT\r\n       ...')
#4 C:\laragon\www\pharmacy-project\system\CodeIgniter.php(933): App\Controllers\BarcodeGenerateController->index()
#5 C:\laragon\www\pharmacy-project\system\CodeIgniter.php(507): CodeIgniter\CodeIgniter->runController(Object(App\Controllers\BarcodeGenerateController))
#6 C:\laragon\www\pharmacy-project\system\CodeIgniter.php(354): CodeIgniter\CodeIgniter->handleRequest(NULL, Object(Config\Cache), false)
#7 C:\laragon\www\pharmacy-project\system\Boot.php(363): CodeIgniter\CodeIgniter->run()
#8 C:\laragon\www\pharmacy-project\system\Boot.php(68): CodeIgniter\Boot::runCodeIgniter(Object(CodeIgniter\CodeIgniter))
#9 C:\laragon\www\pharmacy-project\index.php(59): CodeIgniter\Boot::bootWeb(Object(Config\Paths))
#10 {main}
CRITICAL - 2026-08-04 04:06:03 --> CodeIgniter\Database\Exceptions\DatabaseException: Table 'pharmacy_db.product_inital_stock' doesn't exist
[Method: GET, Route: barcode]
in SYSTEMPATH\Database\BaseConnection.php on line 684.
 1 APPPATH\Controllers\BarcodeGenerateController.php(46): CodeIgniter\Database\BaseConnection->query('SELECT
        piq.*,

        COALESCE(sl.total_stock, 0) AS total_stock

    FROM product_inital_stock piq

    LEFT JOIN (
        SELECT
            product_id,
            SUM(qty_in - qty_out) AS total_stock
        FROM stock_ledger
        GROUP BY product_id
    ) sl
    ON sl.product_id = piq.product_id')
 2 SYSTEMPATH\CodeIgniter.php(933): App\Controllers\BarcodeGenerateController->index()
 3 SYSTEMPATH\CodeIgniter.php(507): CodeIgniter\CodeIgniter->runController(Object(App\Controllers\BarcodeGenerateController))
 4 SYSTEMPATH\CodeIgniter.php(354): CodeIgniter\CodeIgniter->handleRequest(null, Object(Config\Cache), false)
 5 SYSTEMPATH\Boot.php(363): CodeIgniter\CodeIgniter->run()
 6 SYSTEMPATH\Boot.php(68): CodeIgniter\Boot::runCodeIgniter(Object(CodeIgniter\CodeIgniter))
 7 FCPATH\index.php(59): CodeIgniter\Boot::bootWeb(Object(Config\Paths))
CRITICAL - 2026-08-04 04:06:03 --> [Caused by] CodeIgniter\Database\Exceptions\DatabaseException: Table 'pharmacy_db.product_inital_stock' doesn't exist
in SYSTEMPATH\Database\MySQLi\Connection.php on line 332.
 1 SYSTEMPATH\Database\BaseConnection.php(729): CodeIgniter\Database\MySQLi\Connection->execute('SELECT
        piq.*,

        COALESCE(sl.total_stock, 0) AS total_stock

    FROM product_inital_stock piq

    LEFT JOIN (
        SELECT
            product_id,
            SUM(qty_in - qty_out) AS total_stock
        FROM stock_ledger
        GROUP BY product_id
    ) sl
    ON sl.product_id = piq.product_id')
 2 SYSTEMPATH\Database\BaseConnection.php(646): CodeIgniter\Database\BaseConnection->simpleQuery('SELECT
        piq.*,

        COALESCE(sl.total_stock, 0) AS total_stock

    FROM product_inital_stock piq

    LEFT JOIN (
        SELECT
            product_id,
            SUM(qty_in - qty_out) AS total_stock
        FROM stock_ledger
        GROUP BY product_id
    ) sl
    ON sl.product_id = piq.product_id')
 3 APPPATH\Controllers\BarcodeGenerateController.php(46): CodeIgniter\Database\BaseConnection->query('SELECT
        piq.*,

        COALESCE(sl.total_stock, 0) AS total_stock

    FROM product_inital_stock piq

    LEFT JOIN (
        SELECT
            product_id,
            SUM(qty_in - qty_out) AS total_stock
        FROM stock_ledger
        GROUP BY product_id
    ) sl
    ON sl.product_id = piq.product_id')
 4 SYSTEMPATH\CodeIgniter.php(933): App\Controllers\BarcodeGenerateController->index()
 5 SYSTEMPATH\CodeIgniter.php(507): CodeIgniter\CodeIgniter->runController(Object(App\Controllers\BarcodeGenerateController))
 6 SYSTEMPATH\CodeIgniter.php(354): CodeIgniter\CodeIgniter->handleRequest(null, Object(Config\Cache), false)
 7 SYSTEMPATH\Boot.php(363): CodeIgniter\CodeIgniter->run()
 8 SYSTEMPATH\Boot.php(68): CodeIgniter\Boot::runCodeIgniter(Object(CodeIgniter\CodeIgniter))
 9 FCPATH\index.php(59): CodeIgniter\Boot::bootWeb(Object(Config\Paths))
CRITICAL - 2026-08-04 04:06:03 --> [Caused by] mysqli_sql_exception: Table 'pharmacy_db.product_inital_stock' doesn't exist
in SYSTEMPATH\Database\MySQLi\Connection.php on line 327.
 1 SYSTEMPATH\Database\MySQLi\Connection.php(327): mysqli->query('SELECT
        piq.*,

        COALESCE(sl.total_stock, 0) AS total_stock

    FROM product_inital_stock piq

    LEFT JOIN (
        SELECT
            product_id,
            SUM(qty_in - qty_out) AS total_stock
        FROM stock_ledger
        GROUP BY product_id
    ) sl
    ON sl.product_id = piq.product_id', 0)
 2 SYSTEMPATH\Database\BaseConnection.php(729): CodeIgniter\Database\MySQLi\Connection->execute('SELECT
        piq.*,

        COALESCE(sl.total_stock, 0) AS total_stock

    FROM product_inital_stock piq

    LEFT JOIN (
        SELECT
            product_id,
            SUM(qty_in - qty_out) AS total_stock
        FROM stock_ledger
        GROUP BY product_id
    ) sl
    ON sl.product_id = piq.product_id')
 3 SYSTEMPATH\Database\BaseConnection.php(646): CodeIgniter\Database\BaseConnection->simpleQuery('SELECT
        piq.*,

        COALESCE(sl.total_stock, 0) AS total_stock

    FROM product_inital_stock piq

    LEFT JOIN (
        SELECT
            product_id,
            SUM(qty_in - qty_out) AS total_stock
        FROM stock_ledger
        GROUP BY product_id
    ) sl
    ON sl.product_id = piq.product_id')
 4 APPPATH\Controllers\BarcodeGenerateController.php(46): CodeIgniter\Database\BaseConnection->query('SELECT
        piq.*,

        COALESCE(sl.total_stock, 0) AS total_stock

    FROM product_inital_stock piq

    LEFT JOIN (
        SELECT
            product_id,
            SUM(qty_in - qty_out) AS total_stock
        FROM stock_ledger
        GROUP BY product_id
    ) sl
    ON sl.product_id = piq.product_id')
 5 SYSTEMPATH\CodeIgniter.php(933): App\Controllers\BarcodeGenerateController->index()
 6 SYSTEMPATH\CodeIgniter.php(507): CodeIgniter\CodeIgniter->runController(Object(App\Controllers\BarcodeGenerateController))
 7 SYSTEMPATH\CodeIgniter.php(354): CodeIgniter\CodeIgniter->handleRequest(null, Object(Config\Cache), false)
 8 SYSTEMPATH\Boot.php(363): CodeIgniter\CodeIgniter->run()
 9 SYSTEMPATH\Boot.php(68): CodeIgniter\Boot::runCodeIgniter(Object(CodeIgniter\CodeIgniter))
10 FCPATH\index.php(59): CodeIgniter\Boot::bootWeb(Object(Config\Paths))
DEBUG - 2026-08-04 04:06:04 --> Session: Class initialized using 'CodeIgniter\Session\Handlers\FileHandler' driver.
ERROR - 2026-08-04 04:06:04 --> mysqli_sql_exception: Table 'pharmacy_db.product_inital_stock' doesn't exist in C:\laragon\www\pharmacy-project\system\Database\MySQLi\Connection.php:327
Stack trace:
#0 C:\laragon\www\pharmacy-project\system\Database\MySQLi\Connection.php(327): mysqli->query('SELECT\r\n       ...', 0)
#1 C:\laragon\www\pharmacy-project\system\Database\BaseConnection.php(729): CodeIgniter\Database\MySQLi\Connection->execute('SELECT\r\n       ...')
#2 C:\laragon\www\pharmacy-project\system\Database\BaseConnection.php(646): CodeIgniter\Database\BaseConnection->simpleQuery('SELECT\r\n       ...')
#3 C:\laragon\www\pharmacy-project\app\Controllers\BarcodeGenerateController.php(46): CodeIgniter\Database\BaseConnection->query('SELECT\r\n       ...')
#4 C:\laragon\www\pharmacy-project\system\CodeIgniter.php(933): App\Controllers\BarcodeGenerateController->index()
#5 C:\laragon\www\pharmacy-project\system\CodeIgniter.php(507): CodeIgniter\CodeIgniter->runController(Object(App\Controllers\BarcodeGenerateController))
#6 C:\laragon\www\pharmacy-project\system\CodeIgniter.php(354): CodeIgniter\CodeIgniter->handleRequest(NULL, Object(Config\Cache), false)
#7 C:\laragon\www\pharmacy-project\system\Boot.php(363): CodeIgniter\CodeIgniter->run()
#8 C:\laragon\www\pharmacy-project\system\Boot.php(68): CodeIgniter\Boot::runCodeIgniter(Object(CodeIgniter\CodeIgniter))
#9 C:\laragon\www\pharmacy-project\index.php(59): CodeIgniter\Boot::bootWeb(Object(Config\Paths))
#10 {main}
CRITICAL - 2026-08-04 04:06:04 --> CodeIgniter\Database\Exceptions\DatabaseException: Table 'pharmacy_db.product_inital_stock' doesn't exist
[Method: GET, Route: barcode]
in SYSTEMPATH\Database\BaseConnection.php on line 684.
 1 APPPATH\Controllers\BarcodeGenerateController.php(46): CodeIgniter\Database\BaseConnection->query('SELECT
        piq.*,

        COALESCE(sl.total_stock, 0) AS total_stock

    FROM product_inital_stock piq

    LEFT JOIN (
        SELECT
            product_id,
            SUM(qty_in - qty_out) AS total_stock
        FROM stock_ledger
        GROUP BY product_id
    ) sl
    ON sl.product_id = piq.product_id')
 2 SYSTEMPATH\CodeIgniter.php(933): App\Controllers\BarcodeGenerateController->index()
 3 SYSTEMPATH\CodeIgniter.php(507): CodeIgniter\CodeIgniter->runController(Object(App\Controllers\BarcodeGenerateController))
 4 SYSTEMPATH\CodeIgniter.php(354): CodeIgniter\CodeIgniter->handleRequest(null, Object(Config\Cache), false)
 5 SYSTEMPATH\Boot.php(363): CodeIgniter\CodeIgniter->run()
 6 SYSTEMPATH\Boot.php(68): CodeIgniter\Boot::runCodeIgniter(Object(CodeIgniter\CodeIgniter))
 7 FCPATH\index.php(59): CodeIgniter\Boot::bootWeb(Object(Config\Paths))
CRITICAL - 2026-08-04 04:06:04 --> [Caused by] CodeIgniter\Database\Exceptions\DatabaseException: Table 'pharmacy_db.product_inital_stock' doesn't exist
in SYSTEMPATH\Database\MySQLi\Connection.php on line 332.
 1 SYSTEMPATH\Database\BaseConnection.php(729): CodeIgniter\Database\MySQLi\Connection->execute('SELECT
        piq.*,

        COALESCE(sl.total_stock, 0) AS total_stock

    FROM product_inital_stock piq

    LEFT JOIN (
        SELECT
            product_id,
            SUM(qty_in - qty_out) AS total_stock
        FROM stock_ledger
        GROUP BY product_id
    ) sl
    ON sl.product_id = piq.product_id')
 2 SYSTEMPATH\Database\BaseConnection.php(646): CodeIgniter\Database\BaseConnection->simpleQuery('SELECT
        piq.*,

        COALESCE(sl.total_stock, 0) AS total_stock

    FROM product_inital_stock piq

    LEFT JOIN (
        SELECT
            product_id,
            SUM(qty_in - qty_out) AS total_stock
        FROM stock_ledger
        GROUP BY product_id
    ) sl
    ON sl.product_id = piq.product_id')
 3 APPPATH\Controllers\BarcodeGenerateController.php(46): CodeIgniter\Database\BaseConnection->query('SELECT
        piq.*,

        COALESCE(sl.total_stock, 0) AS total_stock

    FROM product_inital_stock piq

    LEFT JOIN (
        SELECT
            product_id,
            SUM(qty_in - qty_out) AS total_stock
        FROM stock_ledger
        GROUP BY product_id
    ) sl
    ON sl.product_id = piq.product_id')
 4 SYSTEMPATH\CodeIgniter.php(933): App\Controllers\BarcodeGenerateController->index()
 5 SYSTEMPATH\CodeIgniter.php(507): CodeIgniter\CodeIgniter->runController(Object(App\Controllers\BarcodeGenerateController))
 6 SYSTEMPATH\CodeIgniter.php(354): CodeIgniter\CodeIgniter->handleRequest(null, Object(Config\Cache), false)
 7 SYSTEMPATH\Boot.php(363): CodeIgniter\CodeIgniter->run()
 8 SYSTEMPATH\Boot.php(68): CodeIgniter\Boot::runCodeIgniter(Object(CodeIgniter\CodeIgniter))
 9 FCPATH\index.php(59): CodeIgniter\Boot::bootWeb(Object(Config\Paths))
CRITICAL - 2026-08-04 04:06:04 --> [Caused by] mysqli_sql_exception: Table 'pharmacy_db.product_inital_stock' doesn't exist
in SYSTEMPATH\Database\MySQLi\Connection.php on line 327.
 1 SYSTEMPATH\Database\MySQLi\Connection.php(327): mysqli->query('SELECT
        piq.*,

        COALESCE(sl.total_stock, 0) AS total_stock

    FROM product_inital_stock piq

    LEFT JOIN (
        SELECT
            product_id,
            SUM(qty_in - qty_out) AS total_stock
        FROM stock_ledger
        GROUP BY product_id
    ) sl
    ON sl.product_id = piq.product_id', 0)
 2 SYSTEMPATH\Database\BaseConnection.php(729): CodeIgniter\Database\MySQLi\Connection->execute('SELECT
        piq.*,

        COALESCE(sl.total_stock, 0) AS total_stock

    FROM product_inital_stock piq

    LEFT JOIN (
        SELECT
            product_id,
            SUM(qty_in - qty_out) AS total_stock
        FROM stock_ledger
        GROUP BY product_id
    ) sl
    ON sl.product_id = piq.product_id')
 3 SYSTEMPATH\Database\BaseConnection.php(646): CodeIgniter\Database\BaseConnection->simpleQuery('SELECT
        piq.*,

        COALESCE(sl.total_stock, 0) AS total_stock

    FROM product_inital_stock piq

    LEFT JOIN (
        SELECT
            product_id,
            SUM(qty_in - qty_out) AS total_stock
        FROM stock_ledger
        GROUP BY product_id
    ) sl
    ON sl.product_id = piq.product_id')
 4 APPPATH\Controllers\BarcodeGenerateController.php(46): CodeIgniter\Database\BaseConnection->query('SELECT
        piq.*,

        COALESCE(sl.total_stock, 0) AS total_stock

    FROM product_inital_stock piq

    LEFT JOIN (
        SELECT
            product_id,
            SUM(qty_in - qty_out) AS total_stock
        FROM stock_ledger
        GROUP BY product_id
    ) sl
    ON sl.product_id = piq.product_id')
 5 SYSTEMPATH\CodeIgniter.php(933): App\Controllers\BarcodeGenerateController->index()
 6 SYSTEMPATH\CodeIgniter.php(507): CodeIgniter\CodeIgniter->runController(Object(App\Controllers\BarcodeGenerateController))
 7 SYSTEMPATH\CodeIgniter.php(354): CodeIgniter\CodeIgniter->handleRequest(null, Object(Config\Cache), false)
 8 SYSTEMPATH\Boot.php(363): CodeIgniter\CodeIgniter->run()
 9 SYSTEMPATH\Boot.php(68): CodeIgniter\Boot::runCodeIgniter(Object(CodeIgniter\CodeIgniter))
10 FCPATH\index.php(59): CodeIgniter\Boot::bootWeb(Object(Config\Paths))
DEBUG - 2026-08-04 04:06:05 --> Session: Class initialized using 'CodeIgniter\Session\Handlers\FileHandler' driver.
DEBUG - 2026-08-04 04:06:10 --> Session: Class initialized using 'CodeIgniter\Session\Handlers\FileHandler' driver.
ERROR - 2026-08-04 04:06:10 --> mysqli_sql_exception: Table 'pharmacy_db.product_inital_stock' doesn't exist in C:\laragon\www\pharmacy-project\system\Database\MySQLi\Connection.php:327
Stack trace:
#0 C:\laragon\www\pharmacy-project\system\Database\MySQLi\Connection.php(327): mysqli->query('SELECT\r\n       ...', 0)
#1 C:\laragon\www\pharmacy-project\system\Database\BaseConnection.php(729): CodeIgniter\Database\MySQLi\Connection->execute('SELECT\r\n       ...')
#2 C:\laragon\www\pharmacy-project\system\Database\BaseConnection.php(646): CodeIgniter\Database\BaseConnection->simpleQuery('SELECT\r\n       ...')
#3 C:\laragon\www\pharmacy-project\app\Controllers\BarcodeGenerateController.php(46): CodeIgniter\Database\BaseConnection->query('SELECT\r\n       ...')
#4 C:\laragon\www\pharmacy-project\system\CodeIgniter.php(933): App\Controllers\BarcodeGenerateController->index()
#5 C:\laragon\www\pharmacy-project\system\CodeIgniter.php(507): CodeIgniter\CodeIgniter->runController(Object(App\Controllers\BarcodeGenerateController))
#6 C:\laragon\www\pharmacy-project\system\CodeIgniter.php(354): CodeIgniter\CodeIgniter->handleRequest(NULL, Object(Config\Cache), false)
#7 C:\laragon\www\pharmacy-project\system\Boot.php(363): CodeIgniter\CodeIgniter->run()
#8 C:\laragon\www\pharmacy-project\system\Boot.php(68): CodeIgniter\Boot::runCodeIgniter(Object(CodeIgniter\CodeIgniter))
#9 C:\laragon\www\pharmacy-project\index.php(59): CodeIgniter\Boot::bootWeb(Object(Config\Paths))
#10 {main}
CRITICAL - 2026-08-04 04:06:10 --> CodeIgniter\Database\Exceptions\DatabaseException: Table 'pharmacy_db.product_inital_stock' doesn't exist
[Method: GET, Route: barcode]
in SYSTEMPATH\Database\BaseConnection.php on line 684.
 1 APPPATH\Controllers\BarcodeGenerateController.php(46): CodeIgniter\Database\BaseConnection->query('SELECT
        piq.*,

        COALESCE(sl.total_stock, 0) AS total_stock

    FROM product_inital_stock piq

    LEFT JOIN (
        SELECT
            product_id,
            SUM(qty_in - qty_out) AS total_stock
        FROM stock_ledger
        GROUP BY product_id
    ) sl
    ON sl.product_id = piq.product_id')
 2 SYSTEMPATH\CodeIgniter.php(933): App\Controllers\BarcodeGenerateController->index()
 3 SYSTEMPATH\CodeIgniter.php(507): CodeIgniter\CodeIgniter->runController(Object(App\Controllers\BarcodeGenerateController))
 4 SYSTEMPATH\CodeIgniter.php(354): CodeIgniter\CodeIgniter->handleRequest(null, Object(Config\Cache), false)
 5 SYSTEMPATH\Boot.php(363): CodeIgniter\CodeIgniter->run()
 6 SYSTEMPATH\Boot.php(68): CodeIgniter\Boot::runCodeIgniter(Object(CodeIgniter\CodeIgniter))
 7 FCPATH\index.php(59): CodeIgniter\Boot::bootWeb(Object(Config\Paths))
CRITICAL - 2026-08-04 04:06:10 --> [Caused by] CodeIgniter\Database\Exceptions\DatabaseException: Table 'pharmacy_db.product_inital_stock' doesn't exist
in SYSTEMPATH\Database\MySQLi\Connection.php on line 332.
 1 SYSTEMPATH\Database\BaseConnection.php(729): CodeIgniter\Database\MySQLi\Connection->execute('SELECT
        piq.*,

        COALESCE(sl.total_stock, 0) AS total_stock

    FROM product_inital_stock piq

    LEFT JOIN (
        SELECT
            product_id,
            SUM(qty_in - qty_out) AS total_stock
        FROM stock_ledger
        GROUP BY product_id
    ) sl
    ON sl.product_id = piq.product_id')
 2 SYSTEMPATH\Database\BaseConnection.php(646): CodeIgniter\Database\BaseConnection->simpleQuery('SELECT
        piq.*,

        COALESCE(sl.total_stock, 0) AS total_stock

    FROM product_inital_stock piq

    LEFT JOIN (
        SELECT
            product_id,
            SUM(qty_in - qty_out) AS total_stock
        FROM stock_ledger
        GROUP BY product_id
    ) sl
    ON sl.product_id = piq.product_id')
 3 APPPATH\Controllers\BarcodeGenerateController.php(46): CodeIgniter\Database\BaseConnection->query('SELECT
        piq.*,

        COALESCE(sl.total_stock, 0) AS total_stock

    FROM product_inital_stock piq

    LEFT JOIN (
        SELECT
            product_id,
            SUM(qty_in - qty_out) AS total_stock
        FROM stock_ledger
        GROUP BY product_id
    ) sl
    ON sl.product_id = piq.product_id')
 4 SYSTEMPATH\CodeIgniter.php(933): App\Controllers\BarcodeGenerateController->index()
 5 SYSTEMPATH\CodeIgniter.php(507): CodeIgniter\CodeIgniter->runController(Object(App\Controllers\BarcodeGenerateController))
 6 SYSTEMPATH\CodeIgniter.php(354): CodeIgniter\CodeIgniter->handleRequest(null, Object(Config\Cache), false)
 7 SYSTEMPATH\Boot.php(363): CodeIgniter\CodeIgniter->run()
 8 SYSTEMPATH\Boot.php(68): CodeIgniter\Boot::runCodeIgniter(Object(CodeIgniter\CodeIgniter))
 9 FCPATH\index.php(59): CodeIgniter\Boot::bootWeb(Object(Config\Paths))
CRITICAL - 2026-08-04 04:06:10 --> [Caused by] mysqli_sql_exception: Table 'pharmacy_db.product_inital_stock' doesn't exist
in SYSTEMPATH\Database\MySQLi\Connection.php on line 327.
 1 SYSTEMPATH\Database\MySQLi\Connection.php(327): mysqli->query('SELECT
        piq.*,

        COALESCE(sl.total_stock, 0) AS total_stock

    FROM product_inital_stock piq

    LEFT JOIN (
        SELECT
            product_id,
            SUM(qty_in - qty_out) AS total_stock
        FROM stock_ledger
        GROUP BY product_id
    ) sl
    ON sl.product_id = piq.product_id', 0)
 2 SYSTEMPATH\Database\BaseConnection.php(729): CodeIgniter\Database\MySQLi\Connection->execute('SELECT
        piq.*,

        COALESCE(sl.total_stock, 0) AS total_stock

    FROM product_inital_stock piq

    LEFT JOIN (
        SELECT
            product_id,
            SUM(qty_in - qty_out) AS total_stock
        FROM stock_ledger
        GROUP BY product_id
    ) sl
    ON sl.product_id = piq.product_id')
 3 SYSTEMPATH\Database\BaseConnection.php(646): CodeIgniter\Database\BaseConnection->simpleQuery('SELECT
        piq.*,

        COALESCE(sl.total_stock, 0) AS total_stock

    FROM product_inital_stock piq

    LEFT JOIN (
        SELECT
            product_id,
            SUM(qty_in - qty_out) AS total_stock
        FROM stock_ledger
        GROUP BY product_id
    ) sl
    ON sl.product_id = piq.product_id')
 4 APPPATH\Controllers\BarcodeGenerateController.php(46): CodeIgniter\Database\BaseConnection->query('SELECT
        piq.*,

        COALESCE(sl.total_stock, 0) AS total_stock

    FROM product_inital_stock piq

    LEFT JOIN (
        SELECT
            product_id,
            SUM(qty_in - qty_out) AS total_stock
        FROM stock_ledger
        GROUP BY product_id
    ) sl
    ON sl.product_id = piq.product_id')
 5 SYSTEMPATH\CodeIgniter.php(933): App\Controllers\BarcodeGenerateController->index()
 6 SYSTEMPATH\CodeIgniter.php(507): CodeIgniter\CodeIgniter->runController(Object(App\Controllers\BarcodeGenerateController))
 7 SYSTEMPATH\CodeIgniter.php(354): CodeIgniter\CodeIgniter->handleRequest(null, Object(Config\Cache), false)
 8 SYSTEMPATH\Boot.php(363): CodeIgniter\CodeIgniter->run()
 9 SYSTEMPATH\Boot.php(68): CodeIgniter\Boot::runCodeIgniter(Object(CodeIgniter\CodeIgniter))
10 FCPATH\index.php(59): CodeIgniter\Boot::bootWeb(Object(Config\Paths))
DEBUG - 2026-08-04 04:09:38 --> Session: Class initialized using 'CodeIgniter\Session\Handlers\FileHandler' driver.
CRITICAL - 2026-08-04 04:09:38 --> ErrorException: Undefined array key "product_name"
[Method: GET, Route: barcode]
in APPPATH\Views\barcode\barcodeAdd.php on line 48.
 1 APPPATH\Views\barcode\barcodeAdd.php(48): CodeIgniter\Debug\Exceptions->errorHandler(2, 'Undefined array key "product_name"', 'C:\\laragon\\www\\pharmacy-project\\app\\Views\\barcode\\barcodeAdd.php', 48)
 2 SYSTEMPATH\View\View.php(226): include('C:\\laragon\\www\\pharmacy-project\\app\\Views\\barcode\\barcodeAdd.php')
 3 SYSTEMPATH\View\View.php(229): CodeIgniter\View\View->CodeIgniter\View\{closure}()
 4 SYSTEMPATH\Common.php(1167): CodeIgniter\View\View->render('barcode/barcodeAdd', [], true)
 5 APPPATH\Controllers\BarcodeGenerateController.php(50): view('barcode/barcodeAdd', [...])
 6 SYSTEMPATH\CodeIgniter.php(933): App\Controllers\BarcodeGenerateController->index()
 7 SYSTEMPATH\CodeIgniter.php(507): CodeIgniter\CodeIgniter->runController(Object(App\Controllers\BarcodeGenerateController))
 8 SYSTEMPATH\CodeIgniter.php(354): CodeIgniter\CodeIgniter->handleRequest(null, Object(Config\Cache), false)
 9 SYSTEMPATH\Boot.php(363): CodeIgniter\CodeIgniter->run()
10 SYSTEMPATH\Boot.php(68): CodeIgniter\Boot::runCodeIgniter(Object(CodeIgniter\CodeIgniter))
11 FCPATH\index.php(59): CodeIgniter\Boot::bootWeb(Object(Config\Paths))
DEBUG - 2026-08-04 04:09:40 --> Session: Class initialized using 'CodeIgniter\Session\Handlers\FileHandler' driver.
CRITICAL - 2026-08-04 04:09:40 --> ErrorException: Undefined array key "product_name"
[Method: GET, Route: barcode]
in APPPATH\Views\barcode\barcodeAdd.php on line 48.
 1 APPPATH\Views\barcode\barcodeAdd.php(48): CodeIgniter\Debug\Exceptions->errorHandler(2, 'Undefined array key "product_name"', 'C:\\laragon\\www\\pharmacy-project\\app\\Views\\barcode\\barcodeAdd.php', 48)
 2 SYSTEMPATH\View\View.php(226): include('C:\\laragon\\www\\pharmacy-project\\app\\Views\\barcode\\barcodeAdd.php')
 3 SYSTEMPATH\View\View.php(229): CodeIgniter\View\View->CodeIgniter\View\{closure}()
 4 SYSTEMPATH\Common.php(1167): CodeIgniter\View\View->render('barcode/barcodeAdd', [], true)
 5 APPPATH\Controllers\BarcodeGenerateController.php(50): view('barcode/barcodeAdd', [...])
 6 SYSTEMPATH\CodeIgniter.php(933): App\Controllers\BarcodeGenerateController->index()
 7 SYSTEMPATH\CodeIgniter.php(507): CodeIgniter\CodeIgniter->runController(Object(App\Controllers\BarcodeGenerateController))
 8 SYSTEMPATH\CodeIgniter.php(354): CodeIgniter\CodeIgniter->handleRequest(null, Object(Config\Cache), false)
 9 SYSTEMPATH\Boot.php(363): CodeIgniter\CodeIgniter->run()
10 SYSTEMPATH\Boot.php(68): CodeIgniter\Boot::runCodeIgniter(Object(CodeIgniter\CodeIgniter))
11 FCPATH\index.php(59): CodeIgniter\Boot::bootWeb(Object(Config\Paths))
DEBUG - 2026-08-04 04:13:04 --> Session: Class initialized using 'CodeIgniter\Session\Handlers\FileHandler' driver.
CRITICAL - 2026-08-04 04:13:04 --> ErrorException: Undefined array key "product_image"
[Method: GET, Route: barcode]
in APPPATH\Views\barcode\barcodeAdd.php on line 103.
 1 APPPATH\Views\barcode\barcodeAdd.php(103): CodeIgniter\Debug\Exceptions->errorHandler(2, 'Undefined array key "product_image"', 'C:\\laragon\\www\\pharmacy-project\\app\\Views\\barcode\\barcodeAdd.php', 103)
 2 SYSTEMPATH\View\View.php(226): include('C:\\laragon\\www\\pharmacy-project\\app\\Views\\barcode\\barcodeAdd.php')
 3 SYSTEMPATH\View\View.php(229): CodeIgniter\View\View->CodeIgniter\View\{closure}()
 4 SYSTEMPATH\Common.php(1167): CodeIgniter\View\View->render('barcode/barcodeAdd', [], true)
 5 APPPATH\Controllers\BarcodeGenerateController.php(57): view('barcode/barcodeAdd', [...])
 6 SYSTEMPATH\CodeIgniter.php(933): App\Controllers\BarcodeGenerateController->index()
 7 SYSTEMPATH\CodeIgniter.php(507): CodeIgniter\CodeIgniter->runController(Object(App\Controllers\BarcodeGenerateController))
 8 SYSTEMPATH\CodeIgniter.php(354): CodeIgniter\CodeIgniter->handleRequest(null, Object(Config\Cache), false)
 9 SYSTEMPATH\Boot.php(363): CodeIgniter\CodeIgniter->run()
10 SYSTEMPATH\Boot.php(68): CodeIgniter\Boot::runCodeIgniter(Object(CodeIgniter\CodeIgniter))
11 FCPATH\index.php(59): CodeIgniter\Boot::bootWeb(Object(Config\Paths))
DEBUG - 2026-08-04 04:14:03 --> Session: Class initialized using 'CodeIgniter\Session\Handlers\FileHandler' driver.
DEBUG - 2026-08-04 04:14:14 --> Session: Class initialized using 'CodeIgniter\Session\Handlers\FileHandler' driver.
DEBUG - 2026-08-04 04:14:26 --> Session: Class initialized using 'CodeIgniter\Session\Handlers\FileHandler' driver.
DEBUG - 2026-08-04 04:14:41 --> Session: Class initialized using 'CodeIgniter\Session\Handlers\FileHandler' driver.
DEBUG - 2026-08-04 04:15:02 --> Session: Class initialized using 'CodeIgniter\Session\Handlers\FileHandler' driver.
DEBUG - 2026-08-04 04:15:05 --> Session: Class initialized using 'CodeIgniter\Session\Handlers\FileHandler' driver.
DEBUG - 2026-08-04 04:15:08 --> Session: Class initialized using 'CodeIgniter\Session\Handlers\FileHandler' driver.
DEBUG - 2026-08-04 04:15:16 --> Session: Class initialized using 'CodeIgniter\Session\Handlers\FileHandler' driver.
DEBUG - 2026-08-04 04:16:13 --> Session: Class initialized using 'CodeIgniter\Session\Handlers\FileHandler' driver.
DEBUG - 2026-08-04 04:16:20 --> Session: Class initialized using 'CodeIgniter\Session\Handlers\FileHandler' driver.
DEBUG - 2026-08-04 04:24:26 --> Session: Class initialized using 'CodeIgniter\Session\Handlers\FileHandler' driver.
DEBUG - 2026-08-04 04:24:27 --> Session: Class initialized using 'CodeIgniter\Session\Handlers\FileHandler' driver.
DEBUG - 2026-08-04 04:24:35 --> Session: Class initialized using 'CodeIgniter\Session\Handlers\FileHandler' driver.
DEBUG - 2026-08-04 04:25:02 --> Session: Class initialized using 'CodeIgniter\Session\Handlers\FileHandler' driver.
DEBUG - 2026-08-04 04:25:05 --> Session: Class initialized using 'CodeIgniter\Session\Handlers\FileHandler' driver.
DEBUG - 2026-08-04 04:25:13 --> Session: Class initialized using 'CodeIgniter\Session\Handlers\FileHandler' driver.
DEBUG - 2026-08-04 04:28:26 --> Session: Class initialized using 'CodeIgniter\Session\Handlers\FileHandler' driver.
DEBUG - 2026-08-04 04:28:33 --> Session: Class initialized using 'CodeIgniter\Session\Handlers\FileHandler' driver.
DEBUG - 2026-08-04 04:30:59 --> Session: Class initialized using 'CodeIgniter\Session\Handlers\FileHandler' driver.
DEBUG - 2026-08-04 04:43:34 --> Session: Class initialized using 'CodeIgniter\Session\Handlers\FileHandler' driver.
DEBUG - 2026-08-04 04:43:35 --> Session: Class initialized using 'CodeIgniter\Session\Handlers\FileHandler' driver.
DEBUG - 2026-08-04 04:43:54 --> Session: Class initialized using 'CodeIgniter\Session\Handlers\FileHandler' driver.
DEBUG - 2026-08-04 04:44:14 --> Session: Class initialized using 'CodeIgniter\Session\Handlers\FileHandler' driver.
DEBUG - 2026-08-04 04:45:18 --> Session: Class initialized using 'CodeIgniter\Session\Handlers\FileHandler' driver.
DEBUG - 2026-08-04 04:45:19 --> Session: Class initialized using 'CodeIgniter\Session\Handlers\FileHandler' driver.
DEBUG - 2026-08-04 04:45:21 --> Session: Class initialized using 'CodeIgniter\Session\Handlers\FileHandler' driver.
DEBUG - 2026-08-04 04:45:27 --> Session: Class initialized using 'CodeIgniter\Session\Handlers\FileHandler' driver.
DEBUG - 2026-08-04 04:45:30 --> Session: Class initialized using 'CodeIgniter\Session\Handlers\FileHandler' driver.
DEBUG - 2026-08-04 05:00:06 --> Session: Class initialized using 'CodeIgniter\Session\Handlers\FileHandler' driver.
DEBUG - 2026-08-04 05:02:24 --> Session: Class initialized using 'CodeIgniter\Session\Handlers\FileHandler' driver.
DEBUG - 2026-08-04 05:02:26 --> Session: Class initialized using 'CodeIgniter\Session\Handlers\FileHandler' driver.
DEBUG - 2026-08-04 05:02:40 --> Session: Class initialized using 'CodeIgniter\Session\Handlers\FileHandler' driver.
DEBUG - 2026-08-04 05:04:29 --> Session: Class initialized using 'CodeIgniter\Session\Handlers\FileHandler' driver.
DEBUG - 2026-08-04 05:04:38 --> Session: Class initialized using 'CodeIgniter\Session\Handlers\FileHandler' driver.
DEBUG - 2026-08-04 05:11:06 --> Session: Class initialized using 'CodeIgniter\Session\Handlers\FileHandler' driver.
DEBUG - 2026-08-04 05:11:08 --> Session: Class initialized using 'CodeIgniter\Session\Handlers\FileHandler' driver.
DEBUG - 2026-08-04 05:15:39 --> Session: Class initialized using 'CodeIgniter\Session\Handlers\FileHandler' driver.
DEBUG - 2026-08-04 05:15:55 --> Session: Class initialized using 'CodeIgniter\Session\Handlers\FileHandler' driver.
DEBUG - 2026-08-04 05:15:57 --> Session: Class initialized using 'CodeIgniter\Session\Handlers\FileHandler' driver.
DEBUG - 2026-08-04 05:16:04 --> Session: Class initialized using 'CodeIgniter\Session\Handlers\FileHandler' driver.
DEBUG - 2026-08-04 05:16:04 --> Session: Class initialized using 'CodeIgniter\Session\Handlers\FileHandler' driver.
DEBUG - 2026-08-04 05:16:12 --> Session: Class initialized using 'CodeIgniter\Session\Handlers\FileHandler' driver.
DEBUG - 2026-08-04 05:16:12 --> Session: Class initialized using 'CodeIgniter\Session\Handlers\FileHandler' driver.
DEBUG - 2026-08-04 05:16:14 --> Session: Class initialized using 'CodeIgniter\Session\Handlers\FileHandler' driver.
DEBUG - 2026-08-04 05:21:02 --> Session: Class initialized using 'CodeIgniter\Session\Handlers\FileHandler' driver.
DEBUG - 2026-08-04 05:28:15 --> Session: Class initialized using 'CodeIgniter\Session\Handlers\FileHandler' driver.
DEBUG - 2026-08-04 05:28:20 --> Session: Class initialized using 'CodeIgniter\Session\Handlers\FileHandler' driver.
DEBUG - 2026-08-04 05:28:27 --> Session: Class initialized using 'CodeIgniter\Session\Handlers\FileHandler' driver.
DEBUG - 2026-08-04 05:30:29 --> Session: Class initialized using 'CodeIgniter\Session\Handlers\FileHandler' driver.
DEBUG - 2026-08-04 05:31:40 --> Session: Class initialized using 'CodeIgniter\Session\Handlers\FileHandler' driver.
DEBUG - 2026-08-04 05:31:49 --> Session: Class initialized using 'CodeIgniter\Session\Handlers\FileHandler' driver.
DEBUG - 2026-08-04 05:32:37 --> Session: Class initialized using 'CodeIgniter\Session\Handlers\FileHandler' driver.
DEBUG - 2026-08-04 05:32:37 --> Session: Class initialized using 'CodeIgniter\Session\Handlers\FileHandler' driver.
DEBUG - 2026-08-04 05:32:48 --> Session: Class initialized using 'CodeIgniter\Session\Handlers\FileHandler' driver.
DEBUG - 2026-08-04 05:32:58 --> Session: Class initialized using 'CodeIgniter\Session\Handlers\FileHandler' driver.
DEBUG - 2026-08-04 05:34:11 --> Session: Class initialized using 'CodeIgniter\Session\Handlers\FileHandler' driver.
DEBUG - 2026-08-04 05:34:16 --> Session: Class initialized using 'CodeIgniter\Session\Handlers\FileHandler' driver.
DEBUG - 2026-08-04 05:34:23 --> Session: Class initialized using 'CodeIgniter\Session\Handlers\FileHandler' driver.
DEBUG - 2026-08-04 05:34:23 --> Session: Class initialized using 'CodeIgniter\Session\Handlers\FileHandler' driver.
DEBUG - 2026-08-04 05:34:28 --> Session: Class initialized using 'CodeIgniter\Session\Handlers\FileHandler' driver.
DEBUG - 2026-08-04 05:34:33 --> Session: Class initialized using 'CodeIgniter\Session\Handlers\FileHandler' driver.
DEBUG - 2026-08-04 05:47:44 --> Session: Class initialized using 'CodeIgniter\Session\Handlers\FileHandler' driver.
DEBUG - 2026-08-04 05:48:19 --> Session: Class initialized using 'CodeIgniter\Session\Handlers\FileHandler' driver.
DEBUG - 2026-08-04 05:48:21 --> Session: Class initialized using 'CodeIgniter\Session\Handlers\FileHandler' driver.
DEBUG - 2026-08-04 05:48:34 --> Session: Class initialized using 'CodeIgniter\Session\Handlers\FileHandler' driver.
DEBUG - 2026-08-04 05:51:22 --> Session: Class initialized using 'CodeIgniter\Session\Handlers\FileHandler' driver.
DEBUG - 2026-08-04 05:58:22 --> Session: Class initialized using 'CodeIgniter\Session\Handlers\FileHandler' driver.
DEBUG - 2026-08-04 05:58:39 --> Session: Class initialized using 'CodeIgniter\Session\Handlers\FileHandler' driver.
DEBUG - 2026-08-04 05:58:56 --> Session: Class initialized using 'CodeIgniter\Session\Handlers\FileHandler' driver.
DEBUG - 2026-08-04 05:58:56 --> Session: Class initialized using 'CodeIgniter\Session\Handlers\FileHandler' driver.
DEBUG - 2026-08-04 05:58:58 --> Session: Class initialized using 'CodeIgniter\Session\Handlers\FileHandler' driver.
DEBUG - 2026-08-04 06:02:18 --> Session: Class initialized using 'CodeIgniter\Session\Handlers\FileHandler' driver.
DEBUG - 2026-08-04 06:05:39 --> Session: Class initialized using 'CodeIgniter\Session\Handlers\FileHandler' driver.
DEBUG - 2026-08-04 06:05:40 --> Session: Class initialized using 'CodeIgniter\Session\Handlers\FileHandler' driver.
DEBUG - 2026-08-04 06:10:09 --> Session: Class initialized using 'CodeIgniter\Session\Handlers\FileHandler' driver.
DEBUG - 2026-08-04 06:14:10 --> Session: Class initialized using 'CodeIgniter\Session\Handlers\FileHandler' driver.
DEBUG - 2026-08-04 06:20:34 --> Session: Class initialized using 'CodeIgniter\Session\Handlers\FileHandler' driver.
DEBUG - 2026-08-04 06:22:40 --> Session: Class initialized using 'CodeIgniter\Session\Handlers\FileHandler' driver.
DEBUG - 2026-08-04 06:26:28 --> Session: Class initialized using 'CodeIgniter\Session\Handlers\FileHandler' driver.
DEBUG - 2026-08-04 06:32:01 --> Session: Class initialized using 'CodeIgniter\Session\Handlers\FileHandler' driver.
DEBUG - 2026-08-04 06:34:46 --> Session: Class initialized using 'CodeIgniter\Session\Handlers\FileHandler' driver.
DEBUG - 2026-08-04 06:34:56 --> Session: Class initialized using 'CodeIgniter\Session\Handlers\FileHandler' driver.
DEBUG - 2026-08-04 06:39:02 --> Session: Class initialized using 'CodeIgniter\Session\Handlers\FileHandler' driver.
DEBUG - 2026-08-04 06:39:04 --> Session: Class initialized using 'CodeIgniter\Session\Handlers\FileHandler' driver.
DEBUG - 2026-08-04 06:41:48 --> Session: Class initialized using 'CodeIgniter\Session\Handlers\FileHandler' driver.
DEBUG - 2026-08-04 06:42:24 --> Session: Class initialized using 'CodeIgniter\Session\Handlers\FileHandler' driver.
DEBUG - 2026-08-04 06:45:15 --> Session: Class initialized using 'CodeIgniter\Session\Handlers\FileHandler' driver.
