DEBUG - 2026-08-06 06:00:26 --> Session: Class initialized using 'CodeIgniter\Session\Handlers\FileHandler' driver.
DEBUG - 2026-08-06 06:00:32 --> Session: Class initialized using 'CodeIgniter\Session\Handlers\FileHandler' driver.
DEBUG - 2026-08-06 06:00:33 --> Session: Class initialized using 'CodeIgniter\Session\Handlers\FileHandler' driver.
DEBUG - 2026-08-06 06:00:38 --> Session: Class initialized using 'CodeIgniter\Session\Handlers\FileHandler' driver.
DEBUG - 2026-08-06 06:00:42 --> Session: Class initialized using 'CodeIgniter\Session\Handlers\FileHandler' driver.
DEBUG - 2026-08-06 06:00:45 --> Session: Class initialized using 'CodeIgniter\Session\Handlers\FileHandler' driver.
DEBUG - 2026-08-06 06:00:48 --> Session: Class initialized using 'CodeIgniter\Session\Handlers\FileHandler' driver.
DEBUG - 2026-08-06 06:00:56 --> Session: Class initialized using 'CodeIgniter\Session\Handlers\FileHandler' driver.
DEBUG - 2026-08-06 06:00:59 --> Session: Class initialized using 'CodeIgniter\Session\Handlers\FileHandler' driver.
ERROR - 2026-08-06 06:00:59 --> mysqli_sql_exception: Unknown column 'c.cus_first_name' in 'field list' in C:\laragon\www\pharmacy-project\system\Database\MySQLi\Connection.php:327
Stack trace:
#0 C:\laragon\www\pharmacy-project\system\Database\MySQLi\Connection.php(327): mysqli->query('\r\n            S...', 0)
#1 C:\laragon\www\pharmacy-project\system\Database\BaseConnection.php(729): CodeIgniter\Database\MySQLi\Connection->execute('\r\n            S...')
#2 C:\laragon\www\pharmacy-project\system\Database\BaseConnection.php(646): CodeIgniter\Database\BaseConnection->simpleQuery('\r\n            S...')
#3 C:\laragon\www\pharmacy-project\app\Controllers\CustomerReportController.php(29): CodeIgniter\Database\BaseConnection->query('\r\n            S...')
#4 C:\laragon\www\pharmacy-project\system\CodeIgniter.php(933): App\Controllers\CustomerReportController->index()
#5 C:\laragon\www\pharmacy-project\system\CodeIgniter.php(507): CodeIgniter\CodeIgniter->runController(Object(App\Controllers\CustomerReportController))
#6 C:\laragon\www\pharmacy-project\system\CodeIgniter.php(354): CodeIgniter\CodeIgniter->handleRequest(NULL, Object(Config\Cache), false)
#7 C:\laragon\www\pharmacy-project\system\Boot.php(363): CodeIgniter\CodeIgniter->run()
#8 C:\laragon\www\pharmacy-project\system\Boot.php(68): CodeIgniter\Boot::runCodeIgniter(Object(CodeIgniter\CodeIgniter))
#9 C:\laragon\www\pharmacy-project\index.php(59): CodeIgniter\Boot::bootWeb(Object(Config\Paths))
#10 {main}
CRITICAL - 2026-08-06 06:00:59 --> CodeIgniter\Database\Exceptions\DatabaseException: Unknown column 'c.cus_first_name' in 'field list'
[Method: GET, Route: reports/customer]
in SYSTEMPATH\Database\BaseConnection.php on line 684.
 1 APPPATH\Controllers\CustomerReportController.php(29): CodeIgniter\Database\BaseConnection->query('
            SELECT 
                c.customer_id,
                CONCAT(c.cus_first_name, \' \', c.cus_last_name) AS customer_name,
                c.cus_phone,

                SUM(cd.due_amount) AS total_due,
                SUM(cd.due_paid_amount) AS total_paid,

                (SUM(cd.due_amount) - SUM(cd.due_paid_amount)) AS current_balance

            FROM customer c
            LEFT JOIN customer_due cd 
                ON c.customer_id = cd.customer_id

            GROUP BY c.customer_id
        ')
 2 SYSTEMPATH\CodeIgniter.php(933): App\Controllers\CustomerReportController->index()
 3 SYSTEMPATH\CodeIgniter.php(507): CodeIgniter\CodeIgniter->runController(Object(App\Controllers\CustomerReportController))
 4 SYSTEMPATH\CodeIgniter.php(354): CodeIgniter\CodeIgniter->handleRequest(null, Object(Config\Cache), false)
 5 SYSTEMPATH\Boot.php(363): CodeIgniter\CodeIgniter->run()
 6 SYSTEMPATH\Boot.php(68): CodeIgniter\Boot::runCodeIgniter(Object(CodeIgniter\CodeIgniter))
 7 FCPATH\index.php(59): CodeIgniter\Boot::bootWeb(Object(Config\Paths))
CRITICAL - 2026-08-06 06:00:59 --> [Caused by] CodeIgniter\Database\Exceptions\DatabaseException: Unknown column 'c.cus_first_name' in 'field list'
in SYSTEMPATH\Database\MySQLi\Connection.php on line 332.
 1 SYSTEMPATH\Database\BaseConnection.php(729): CodeIgniter\Database\MySQLi\Connection->execute('
            SELECT 
                c.customer_id,
                CONCAT(c.cus_first_name, \' \', c.cus_last_name) AS customer_name,
                c.cus_phone,

                SUM(cd.due_amount) AS total_due,
                SUM(cd.due_paid_amount) AS total_paid,

                (SUM(cd.due_amount) - SUM(cd.due_paid_amount)) AS current_balance

            FROM customer c
            LEFT JOIN customer_due cd 
                ON c.customer_id = cd.customer_id

            GROUP BY c.customer_id
        ')
 2 SYSTEMPATH\Database\BaseConnection.php(646): CodeIgniter\Database\BaseConnection->simpleQuery('
            SELECT 
                c.customer_id,
                CONCAT(c.cus_first_name, \' \', c.cus_last_name) AS customer_name,
                c.cus_phone,

                SUM(cd.due_amount) AS total_due,
                SUM(cd.due_paid_amount) AS total_paid,

                (SUM(cd.due_amount) - SUM(cd.due_paid_amount)) AS current_balance

            FROM customer c
            LEFT JOIN customer_due cd 
                ON c.customer_id = cd.customer_id

            GROUP BY c.customer_id
        ')
 3 APPPATH\Controllers\CustomerReportController.php(29): CodeIgniter\Database\BaseConnection->query('
            SELECT 
                c.customer_id,
                CONCAT(c.cus_first_name, \' \', c.cus_last_name) AS customer_name,
                c.cus_phone,

                SUM(cd.due_amount) AS total_due,
                SUM(cd.due_paid_amount) AS total_paid,

                (SUM(cd.due_amount) - SUM(cd.due_paid_amount)) AS current_balance

            FROM customer c
            LEFT JOIN customer_due cd 
                ON c.customer_id = cd.customer_id

            GROUP BY c.customer_id
        ')
 4 SYSTEMPATH\CodeIgniter.php(933): App\Controllers\CustomerReportController->index()
 5 SYSTEMPATH\CodeIgniter.php(507): CodeIgniter\CodeIgniter->runController(Object(App\Controllers\CustomerReportController))
 6 SYSTEMPATH\CodeIgniter.php(354): CodeIgniter\CodeIgniter->handleRequest(null, Object(Config\Cache), false)
 7 SYSTEMPATH\Boot.php(363): CodeIgniter\CodeIgniter->run()
 8 SYSTEMPATH\Boot.php(68): CodeIgniter\Boot::runCodeIgniter(Object(CodeIgniter\CodeIgniter))
 9 FCPATH\index.php(59): CodeIgniter\Boot::bootWeb(Object(Config\Paths))
CRITICAL - 2026-08-06 06:00:59 --> [Caused by] mysqli_sql_exception: Unknown column 'c.cus_first_name' in 'field list'
in SYSTEMPATH\Database\MySQLi\Connection.php on line 327.
 1 SYSTEMPATH\Database\MySQLi\Connection.php(327): mysqli->query('
            SELECT 
                c.customer_id,
                CONCAT(c.cus_first_name, \' \', c.cus_last_name) AS customer_name,
                c.cus_phone,

                SUM(cd.due_amount) AS total_due,
                SUM(cd.due_paid_amount) AS total_paid,

                (SUM(cd.due_amount) - SUM(cd.due_paid_amount)) AS current_balance

            FROM customer c
            LEFT JOIN customer_due cd 
                ON c.customer_id = cd.customer_id

            GROUP BY c.customer_id
        ', 0)
 2 SYSTEMPATH\Database\BaseConnection.php(729): CodeIgniter\Database\MySQLi\Connection->execute('
            SELECT 
                c.customer_id,
                CONCAT(c.cus_first_name, \' \', c.cus_last_name) AS customer_name,
                c.cus_phone,

                SUM(cd.due_amount) AS total_due,
                SUM(cd.due_paid_amount) AS total_paid,

                (SUM(cd.due_amount) - SUM(cd.due_paid_amount)) AS current_balance

            FROM customer c
            LEFT JOIN customer_due cd 
                ON c.customer_id = cd.customer_id

            GROUP BY c.customer_id
        ')
 3 SYSTEMPATH\Database\BaseConnection.php(646): CodeIgniter\Database\BaseConnection->simpleQuery('
            SELECT 
                c.customer_id,
                CONCAT(c.cus_first_name, \' \', c.cus_last_name) AS customer_name,
                c.cus_phone,

                SUM(cd.due_amount) AS total_due,
                SUM(cd.due_paid_amount) AS total_paid,

                (SUM(cd.due_amount) - SUM(cd.due_paid_amount)) AS current_balance

            FROM customer c
            LEFT JOIN customer_due cd 
                ON c.customer_id = cd.customer_id

            GROUP BY c.customer_id
        ')
 4 APPPATH\Controllers\CustomerReportController.php(29): CodeIgniter\Database\BaseConnection->query('
            SELECT 
                c.customer_id,
                CONCAT(c.cus_first_name, \' \', c.cus_last_name) AS customer_name,
                c.cus_phone,

                SUM(cd.due_amount) AS total_due,
                SUM(cd.due_paid_amount) AS total_paid,

                (SUM(cd.due_amount) - SUM(cd.due_paid_amount)) AS current_balance

            FROM customer c
            LEFT JOIN customer_due cd 
                ON c.customer_id = cd.customer_id

            GROUP BY c.customer_id
        ')
 5 SYSTEMPATH\CodeIgniter.php(933): App\Controllers\CustomerReportController->index()
 6 SYSTEMPATH\CodeIgniter.php(507): CodeIgniter\CodeIgniter->runController(Object(App\Controllers\CustomerReportController))
 7 SYSTEMPATH\CodeIgniter.php(354): CodeIgniter\CodeIgniter->handleRequest(null, Object(Config\Cache), false)
 8 SYSTEMPATH\Boot.php(363): CodeIgniter\CodeIgniter->run()
 9 SYSTEMPATH\Boot.php(68): CodeIgniter\Boot::runCodeIgniter(Object(CodeIgniter\CodeIgniter))
10 FCPATH\index.php(59): CodeIgniter\Boot::bootWeb(Object(Config\Paths))
DEBUG - 2026-08-06 06:01:03 --> Session: Class initialized using 'CodeIgniter\Session\Handlers\FileHandler' driver.
DEBUG - 2026-08-06 06:01:09 --> Session: Class initialized using 'CodeIgniter\Session\Handlers\FileHandler' driver.
DEBUG - 2026-08-06 06:47:26 --> Session: Class initialized using 'CodeIgniter\Session\Handlers\FileHandler' driver.
DEBUG - 2026-08-06 06:53:57 --> Session: Class initialized using 'CodeIgniter\Session\Handlers\FileHandler' driver.
DEBUG - 2026-08-06 06:54:04 --> Session: Class initialized using 'CodeIgniter\Session\Handlers\FileHandler' driver.
DEBUG - 2026-08-06 06:54:10 --> Session: Class initialized using 'CodeIgniter\Session\Handlers\FileHandler' driver.
DEBUG - 2026-08-06 06:54:34 --> Session: Class initialized using 'CodeIgniter\Session\Handlers\FileHandler' driver.
DEBUG - 2026-08-06 06:57:30 --> Session: Class initialized using 'CodeIgniter\Session\Handlers\FileHandler' driver.
DEBUG - 2026-08-06 06:58:36 --> Session: Class initialized using 'CodeIgniter\Session\Handlers\FileHandler' driver.
DEBUG - 2026-08-06 06:58:41 --> Session: Class initialized using 'CodeIgniter\Session\Handlers\FileHandler' driver.
DEBUG - 2026-08-06 06:59:03 --> Session: Class initialized using 'CodeIgniter\Session\Handlers\FileHandler' driver.
DEBUG - 2026-08-06 06:59:05 --> Session: Class initialized using 'CodeIgniter\Session\Handlers\FileHandler' driver.
DEBUG - 2026-08-06 06:59:10 --> Session: Class initialized using 'CodeIgniter\Session\Handlers\FileHandler' driver.
DEBUG - 2026-08-06 06:59:31 --> Session: Class initialized using 'CodeIgniter\Session\Handlers\FileHandler' driver.
DEBUG - 2026-08-06 07:00:22 --> Session: Class initialized using 'CodeIgniter\Session\Handlers\FileHandler' driver.
DEBUG - 2026-08-06 07:06:27 --> Session: Class initialized using 'CodeIgniter\Session\Handlers\FileHandler' driver.
DEBUG - 2026-08-06 07:06:32 --> Session: Class initialized using 'CodeIgniter\Session\Handlers\FileHandler' driver.
DEBUG - 2026-08-06 07:08:17 --> Session: Class initialized using 'CodeIgniter\Session\Handlers\FileHandler' driver.
DEBUG - 2026-08-06 07:08:20 --> Session: Class initialized using 'CodeIgniter\Session\Handlers\FileHandler' driver.
DEBUG - 2026-08-06 07:08:29 --> Session: Class initialized using 'CodeIgniter\Session\Handlers\FileHandler' driver.
DEBUG - 2026-08-06 07:09:56 --> Session: Class initialized using 'CodeIgniter\Session\Handlers\FileHandler' driver.
DEBUG - 2026-08-06 07:10:05 --> Session: Class initialized using 'CodeIgniter\Session\Handlers\FileHandler' driver.
DEBUG - 2026-08-06 07:11:18 --> Session: Class initialized using 'CodeIgniter\Session\Handlers\FileHandler' driver.
DEBUG - 2026-08-06 07:12:08 --> Session: Class initialized using 'CodeIgniter\Session\Handlers\FileHandler' driver.
ERROR - 2026-08-06 07:12:08 --> mysqli_sql_exception: Unknown column 'c.cus_first_name' in 'field list' in C:\laragon\www\pharmacy-project\system\Database\MySQLi\Connection.php:327
Stack trace:
#0 C:\laragon\www\pharmacy-project\system\Database\MySQLi\Connection.php(327): mysqli->query('\r\n            S...', 0)
#1 C:\laragon\www\pharmacy-project\system\Database\BaseConnection.php(729): CodeIgniter\Database\MySQLi\Connection->execute('\r\n            S...')
#2 C:\laragon\www\pharmacy-project\system\Database\BaseConnection.php(646): CodeIgniter\Database\BaseConnection->simpleQuery('\r\n            S...')
#3 C:\laragon\www\pharmacy-project\app\Controllers\CustomerReportController.php(29): CodeIgniter\Database\BaseConnection->query('\r\n            S...')
#4 C:\laragon\www\pharmacy-project\system\CodeIgniter.php(933): App\Controllers\CustomerReportController->index()
#5 C:\laragon\www\pharmacy-project\system\CodeIgniter.php(507): CodeIgniter\CodeIgniter->runController(Object(App\Controllers\CustomerReportController))
#6 C:\laragon\www\pharmacy-project\system\CodeIgniter.php(354): CodeIgniter\CodeIgniter->handleRequest(NULL, Object(Config\Cache), false)
#7 C:\laragon\www\pharmacy-project\system\Boot.php(363): CodeIgniter\CodeIgniter->run()
#8 C:\laragon\www\pharmacy-project\system\Boot.php(68): CodeIgniter\Boot::runCodeIgniter(Object(CodeIgniter\CodeIgniter))
#9 C:\laragon\www\pharmacy-project\index.php(59): CodeIgniter\Boot::bootWeb(Object(Config\Paths))
#10 {main}
CRITICAL - 2026-08-06 07:12:08 --> CodeIgniter\Database\Exceptions\DatabaseException: Unknown column 'c.cus_first_name' in 'field list'
[Method: GET, Route: reports/customer]
in SYSTEMPATH\Database\BaseConnection.php on line 684.
 1 APPPATH\Controllers\CustomerReportController.php(29): CodeIgniter\Database\BaseConnection->query('
            SELECT 
                c.customer_id,
                CONCAT(c.cus_first_name, \' \', c.cus_last_name) AS customer_name,
                c.cus_phone,

                SUM(cd.due_amount) AS total_due,
                SUM(cd.due_paid_amount) AS total_paid,

                (SUM(cd.due_amount) - SUM(cd.due_paid_amount)) AS current_balance

            FROM customer c
            LEFT JOIN customer_due cd 
                ON c.customer_id = cd.customer_id

            GROUP BY c.customer_id
        ')
 2 SYSTEMPATH\CodeIgniter.php(933): App\Controllers\CustomerReportController->index()
 3 SYSTEMPATH\CodeIgniter.php(507): CodeIgniter\CodeIgniter->runController(Object(App\Controllers\CustomerReportController))
 4 SYSTEMPATH\CodeIgniter.php(354): CodeIgniter\CodeIgniter->handleRequest(null, Object(Config\Cache), false)
 5 SYSTEMPATH\Boot.php(363): CodeIgniter\CodeIgniter->run()
 6 SYSTEMPATH\Boot.php(68): CodeIgniter\Boot::runCodeIgniter(Object(CodeIgniter\CodeIgniter))
 7 FCPATH\index.php(59): CodeIgniter\Boot::bootWeb(Object(Config\Paths))
CRITICAL - 2026-08-06 07:12:08 --> [Caused by] CodeIgniter\Database\Exceptions\DatabaseException: Unknown column 'c.cus_first_name' in 'field list'
in SYSTEMPATH\Database\MySQLi\Connection.php on line 332.
 1 SYSTEMPATH\Database\BaseConnection.php(729): CodeIgniter\Database\MySQLi\Connection->execute('
            SELECT 
                c.customer_id,
                CONCAT(c.cus_first_name, \' \', c.cus_last_name) AS customer_name,
                c.cus_phone,

                SUM(cd.due_amount) AS total_due,
                SUM(cd.due_paid_amount) AS total_paid,

                (SUM(cd.due_amount) - SUM(cd.due_paid_amount)) AS current_balance

            FROM customer c
            LEFT JOIN customer_due cd 
                ON c.customer_id = cd.customer_id

            GROUP BY c.customer_id
        ')
 2 SYSTEMPATH\Database\BaseConnection.php(646): CodeIgniter\Database\BaseConnection->simpleQuery('
            SELECT 
                c.customer_id,
                CONCAT(c.cus_first_name, \' \', c.cus_last_name) AS customer_name,
                c.cus_phone,

                SUM(cd.due_amount) AS total_due,
                SUM(cd.due_paid_amount) AS total_paid,

                (SUM(cd.due_amount) - SUM(cd.due_paid_amount)) AS current_balance

            FROM customer c
            LEFT JOIN customer_due cd 
                ON c.customer_id = cd.customer_id

            GROUP BY c.customer_id
        ')
 3 APPPATH\Controllers\CustomerReportController.php(29): CodeIgniter\Database\BaseConnection->query('
            SELECT 
                c.customer_id,
                CONCAT(c.cus_first_name, \' \', c.cus_last_name) AS customer_name,
                c.cus_phone,

                SUM(cd.due_amount) AS total_due,
                SUM(cd.due_paid_amount) AS total_paid,

                (SUM(cd.due_amount) - SUM(cd.due_paid_amount)) AS current_balance

            FROM customer c
            LEFT JOIN customer_due cd 
                ON c.customer_id = cd.customer_id

            GROUP BY c.customer_id
        ')
 4 SYSTEMPATH\CodeIgniter.php(933): App\Controllers\CustomerReportController->index()
 5 SYSTEMPATH\CodeIgniter.php(507): CodeIgniter\CodeIgniter->runController(Object(App\Controllers\CustomerReportController))
 6 SYSTEMPATH\CodeIgniter.php(354): CodeIgniter\CodeIgniter->handleRequest(null, Object(Config\Cache), false)
 7 SYSTEMPATH\Boot.php(363): CodeIgniter\CodeIgniter->run()
 8 SYSTEMPATH\Boot.php(68): CodeIgniter\Boot::runCodeIgniter(Object(CodeIgniter\CodeIgniter))
 9 FCPATH\index.php(59): CodeIgniter\Boot::bootWeb(Object(Config\Paths))
CRITICAL - 2026-08-06 07:12:08 --> [Caused by] mysqli_sql_exception: Unknown column 'c.cus_first_name' in 'field list'
in SYSTEMPATH\Database\MySQLi\Connection.php on line 327.
 1 SYSTEMPATH\Database\MySQLi\Connection.php(327): mysqli->query('
            SELECT 
                c.customer_id,
                CONCAT(c.cus_first_name, \' \', c.cus_last_name) AS customer_name,
                c.cus_phone,

                SUM(cd.due_amount) AS total_due,
                SUM(cd.due_paid_amount) AS total_paid,

                (SUM(cd.due_amount) - SUM(cd.due_paid_amount)) AS current_balance

            FROM customer c
            LEFT JOIN customer_due cd 
                ON c.customer_id = cd.customer_id

            GROUP BY c.customer_id
        ', 0)
 2 SYSTEMPATH\Database\BaseConnection.php(729): CodeIgniter\Database\MySQLi\Connection->execute('
            SELECT 
                c.customer_id,
                CONCAT(c.cus_first_name, \' \', c.cus_last_name) AS customer_name,
                c.cus_phone,

                SUM(cd.due_amount) AS total_due,
                SUM(cd.due_paid_amount) AS total_paid,

                (SUM(cd.due_amount) - SUM(cd.due_paid_amount)) AS current_balance

            FROM customer c
            LEFT JOIN customer_due cd 
                ON c.customer_id = cd.customer_id

            GROUP BY c.customer_id
        ')
 3 SYSTEMPATH\Database\BaseConnection.php(646): CodeIgniter\Database\BaseConnection->simpleQuery('
            SELECT 
                c.customer_id,
                CONCAT(c.cus_first_name, \' \', c.cus_last_name) AS customer_name,
                c.cus_phone,

                SUM(cd.due_amount) AS total_due,
                SUM(cd.due_paid_amount) AS total_paid,

                (SUM(cd.due_amount) - SUM(cd.due_paid_amount)) AS current_balance

            FROM customer c
            LEFT JOIN customer_due cd 
                ON c.customer_id = cd.customer_id

            GROUP BY c.customer_id
        ')
 4 APPPATH\Controllers\CustomerReportController.php(29): CodeIgniter\Database\BaseConnection->query('
            SELECT 
                c.customer_id,
                CONCAT(c.cus_first_name, \' \', c.cus_last_name) AS customer_name,
                c.cus_phone,

                SUM(cd.due_amount) AS total_due,
                SUM(cd.due_paid_amount) AS total_paid,

                (SUM(cd.due_amount) - SUM(cd.due_paid_amount)) AS current_balance

            FROM customer c
            LEFT JOIN customer_due cd 
                ON c.customer_id = cd.customer_id

            GROUP BY c.customer_id
        ')
 5 SYSTEMPATH\CodeIgniter.php(933): App\Controllers\CustomerReportController->index()
 6 SYSTEMPATH\CodeIgniter.php(507): CodeIgniter\CodeIgniter->runController(Object(App\Controllers\CustomerReportController))
 7 SYSTEMPATH\CodeIgniter.php(354): CodeIgniter\CodeIgniter->handleRequest(null, Object(Config\Cache), false)
 8 SYSTEMPATH\Boot.php(363): CodeIgniter\CodeIgniter->run()
 9 SYSTEMPATH\Boot.php(68): CodeIgniter\Boot::runCodeIgniter(Object(CodeIgniter\CodeIgniter))
10 FCPATH\index.php(59): CodeIgniter\Boot::bootWeb(Object(Config\Paths))
DEBUG - 2026-08-06 07:16:14 --> Session: Class initialized using 'CodeIgniter\Session\Handlers\FileHandler' driver.
DEBUG - 2026-08-06 07:16:16 --> Session: Class initialized using 'CodeIgniter\Session\Handlers\FileHandler' driver.
DEBUG - 2026-08-06 07:16:39 --> Session: Class initialized using 'CodeIgniter\Session\Handlers\FileHandler' driver.
ERROR - 2026-08-06 07:16:39 --> mysqli_sql_exception: Unknown column 's.total_amount' in 'field list' in C:\laragon\www\pharmacy-project\system\Database\MySQLi\Connection.php:327
Stack trace:
#0 C:\laragon\www\pharmacy-project\system\Database\MySQLi\Connection.php(327): mysqli->query('SELECT `cd`.*, ...', 0)
#1 C:\laragon\www\pharmacy-project\system\Database\BaseConnection.php(729): CodeIgniter\Database\MySQLi\Connection->execute('SELECT `cd`.*, ...')
#2 C:\laragon\www\pharmacy-project\system\Database\BaseConnection.php(646): CodeIgniter\Database\BaseConnection->simpleQuery('SELECT `cd`.*, ...')
#3 C:\laragon\www\pharmacy-project\system\Database\BaseBuilder.php(1649): CodeIgniter\Database\BaseConnection->query('SELECT `cd`.*, ...', Array, false)
#4 C:\laragon\www\pharmacy-project\app\Models\CustomerDueModel.php(26): CodeIgniter\Database\BaseBuilder->get()
#5 C:\laragon\www\pharmacy-project\app\Controllers\DuePaymentController.php(27): App\Models\CustomerDueModel->getAllDue()
#6 C:\laragon\www\pharmacy-project\system\CodeIgniter.php(933): App\Controllers\DuePaymentController->index()
#7 C:\laragon\www\pharmacy-project\system\CodeIgniter.php(507): CodeIgniter\CodeIgniter->runController(Object(App\Controllers\DuePaymentController))
#8 C:\laragon\www\pharmacy-project\system\CodeIgniter.php(354): CodeIgniter\CodeIgniter->handleRequest(NULL, Object(Config\Cache), false)
#9 C:\laragon\www\pharmacy-project\system\Boot.php(363): CodeIgniter\CodeIgniter->run()
#10 C:\laragon\www\pharmacy-project\system\Boot.php(68): CodeIgniter\Boot::runCodeIgniter(Object(CodeIgniter\CodeIgniter))
#11 C:\laragon\www\pharmacy-project\index.php(59): CodeIgniter\Boot::bootWeb(Object(Config\Paths))
#12 {main}
CRITICAL - 2026-08-06 07:16:39 --> CodeIgniter\Database\Exceptions\DatabaseException: Unknown column 's.total_amount' in 'field list'
[Method: GET, Route: payment/due-collection]
in SYSTEMPATH\Database\BaseConnection.php on line 684.
 1 SYSTEMPATH\Database\BaseBuilder.php(1649): CodeIgniter\Database\BaseConnection->query('SELECT `cd`.*, `s`.`sales_invoice`, `s`.`total_amount`, `c`.`customer_name`
FROM `customer_due` `cd`
JOIN `sales` `s` ON `s`.`sales_id` = `cd`.`sales_id`
JOIN `customer` `c` ON `c`.`customer_id` = `cd`.`customer_id`
WHERE `cd`.`due_amount` > :cd.due_amount:
ORDER BY `cd`.`due_id` DESC', [...], false)
 2 APPPATH\Models\CustomerDueModel.php(26): CodeIgniter\Database\BaseBuilder->get()
 3 APPPATH\Controllers\DuePaymentController.php(27): App\Models\CustomerDueModel->getAllDue()
 4 SYSTEMPATH\CodeIgniter.php(933): App\Controllers\DuePaymentController->index()
 5 SYSTEMPATH\CodeIgniter.php(507): CodeIgniter\CodeIgniter->runController(Object(App\Controllers\DuePaymentController))
 6 SYSTEMPATH\CodeIgniter.php(354): CodeIgniter\CodeIgniter->handleRequest(null, Object(Config\Cache), false)
 7 SYSTEMPATH\Boot.php(363): CodeIgniter\CodeIgniter->run()
 8 SYSTEMPATH\Boot.php(68): CodeIgniter\Boot::runCodeIgniter(Object(CodeIgniter\CodeIgniter))
 9 FCPATH\index.php(59): CodeIgniter\Boot::bootWeb(Object(Config\Paths))
CRITICAL - 2026-08-06 07:16:39 --> [Caused by] CodeIgniter\Database\Exceptions\DatabaseException: Unknown column 's.total_amount' in 'field list'
in SYSTEMPATH\Database\MySQLi\Connection.php on line 332.
 1 SYSTEMPATH\Database\BaseConnection.php(729): CodeIgniter\Database\MySQLi\Connection->execute('SELECT `cd`.*, `s`.`sales_invoice`, `s`.`total_amount`, `c`.`customer_name`
FROM `customer_due` `cd`
JOIN `sales` `s` ON `s`.`sales_id` = `cd`.`sales_id`
JOIN `customer` `c` ON `c`.`customer_id` = `cd`.`customer_id`
WHERE `cd`.`due_amount` > 0
ORDER BY `cd`.`due_id` DESC')
 2 SYSTEMPATH\Database\BaseConnection.php(646): CodeIgniter\Database\BaseConnection->simpleQuery('SELECT `cd`.*, `s`.`sales_invoice`, `s`.`total_amount`, `c`.`customer_name`
FROM `customer_due` `cd`
JOIN `sales` `s` ON `s`.`sales_id` = `cd`.`sales_id`
JOIN `customer` `c` ON `c`.`customer_id` = `cd`.`customer_id`
WHERE `cd`.`due_amount` > 0
ORDER BY `cd`.`due_id` DESC')
 3 SYSTEMPATH\Database\BaseBuilder.php(1649): CodeIgniter\Database\BaseConnection->query('SELECT `cd`.*, `s`.`sales_invoice`, `s`.`total_amount`, `c`.`customer_name`
FROM `customer_due` `cd`
JOIN `sales` `s` ON `s`.`sales_id` = `cd`.`sales_id`
JOIN `customer` `c` ON `c`.`customer_id` = `cd`.`customer_id`
WHERE `cd`.`due_amount` > :cd.due_amount:
ORDER BY `cd`.`due_id` DESC', [...], false)
 4 APPPATH\Models\CustomerDueModel.php(26): CodeIgniter\Database\BaseBuilder->get()
 5 APPPATH\Controllers\DuePaymentController.php(27): App\Models\CustomerDueModel->getAllDue()
 6 SYSTEMPATH\CodeIgniter.php(933): App\Controllers\DuePaymentController->index()
 7 SYSTEMPATH\CodeIgniter.php(507): CodeIgniter\CodeIgniter->runController(Object(App\Controllers\DuePaymentController))
 8 SYSTEMPATH\CodeIgniter.php(354): CodeIgniter\CodeIgniter->handleRequest(null, Object(Config\Cache), false)
 9 SYSTEMPATH\Boot.php(363): CodeIgniter\CodeIgniter->run()
10 SYSTEMPATH\Boot.php(68): CodeIgniter\Boot::runCodeIgniter(Object(CodeIgniter\CodeIgniter))
11 FCPATH\index.php(59): CodeIgniter\Boot::bootWeb(Object(Config\Paths))
CRITICAL - 2026-08-06 07:16:39 --> [Caused by] mysqli_sql_exception: Unknown column 's.total_amount' in 'field list'
in SYSTEMPATH\Database\MySQLi\Connection.php on line 327.
 1 SYSTEMPATH\Database\MySQLi\Connection.php(327): mysqli->query('SELECT `cd`.*, `s`.`sales_invoice`, `s`.`total_amount`, `c`.`customer_name`
FROM `customer_due` `cd`
JOIN `sales` `s` ON `s`.`sales_id` = `cd`.`sales_id`
JOIN `customer` `c` ON `c`.`customer_id` = `cd`.`customer_id`
WHERE `cd`.`due_amount` > 0
ORDER BY `cd`.`due_id` DESC', 0)
 2 SYSTEMPATH\Database\BaseConnection.php(729): CodeIgniter\Database\MySQLi\Connection->execute('SELECT `cd`.*, `s`.`sales_invoice`, `s`.`total_amount`, `c`.`customer_name`
FROM `customer_due` `cd`
JOIN `sales` `s` ON `s`.`sales_id` = `cd`.`sales_id`
JOIN `customer` `c` ON `c`.`customer_id` = `cd`.`customer_id`
WHERE `cd`.`due_amount` > 0
ORDER BY `cd`.`due_id` DESC')
 3 SYSTEMPATH\Database\BaseConnection.php(646): CodeIgniter\Database\BaseConnection->simpleQuery('SELECT `cd`.*, `s`.`sales_invoice`, `s`.`total_amount`, `c`.`customer_name`
FROM `customer_due` `cd`
JOIN `sales` `s` ON `s`.`sales_id` = `cd`.`sales_id`
JOIN `customer` `c` ON `c`.`customer_id` = `cd`.`customer_id`
WHERE `cd`.`due_amount` > 0
ORDER BY `cd`.`due_id` DESC')
 4 SYSTEMPATH\Database\BaseBuilder.php(1649): CodeIgniter\Database\BaseConnection->query('SELECT `cd`.*, `s`.`sales_invoice`, `s`.`total_amount`, `c`.`customer_name`
FROM `customer_due` `cd`
JOIN `sales` `s` ON `s`.`sales_id` = `cd`.`sales_id`
JOIN `customer` `c` ON `c`.`customer_id` = `cd`.`customer_id`
WHERE `cd`.`due_amount` > :cd.due_amount:
ORDER BY `cd`.`due_id` DESC', [...], false)
 5 APPPATH\Models\CustomerDueModel.php(26): CodeIgniter\Database\BaseBuilder->get()
 6 APPPATH\Controllers\DuePaymentController.php(27): App\Models\CustomerDueModel->getAllDue()
 7 SYSTEMPATH\CodeIgniter.php(933): App\Controllers\DuePaymentController->index()
 8 SYSTEMPATH\CodeIgniter.php(507): CodeIgniter\CodeIgniter->runController(Object(App\Controllers\DuePaymentController))
 9 SYSTEMPATH\CodeIgniter.php(354): CodeIgniter\CodeIgniter->handleRequest(null, Object(Config\Cache), false)
10 SYSTEMPATH\Boot.php(363): CodeIgniter\CodeIgniter->run()
11 SYSTEMPATH\Boot.php(68): CodeIgniter\Boot::runCodeIgniter(Object(CodeIgniter\CodeIgniter))
12 FCPATH\index.php(59): CodeIgniter\Boot::bootWeb(Object(Config\Paths))
DEBUG - 2026-08-06 08:14:47 --> Session: Class initialized using 'CodeIgniter\Session\Handlers\FileHandler' driver.
CRITICAL - 2026-08-06 08:14:47 --> ErrorException: Undefined array key "total_amount"
[Method: GET, Route: payment/due-collection]
in APPPATH\Views\payment\due-collection.php on line 59.
 1 APPPATH\Views\payment\due-collection.php(59): CodeIgniter\Debug\Exceptions->errorHandler(2, 'Undefined array key "total_amount"', 'C:\\laragon\\www\\pharmacy-project\\app\\Views\\payment\\due-collection.php', 59)
 2 SYSTEMPATH\View\View.php(226): include('C:\\laragon\\www\\pharmacy-project\\app\\Views\\payment\\due-collection.php')
 3 SYSTEMPATH\View\View.php(229): CodeIgniter\View\View->CodeIgniter\View\{closure}()
 4 SYSTEMPATH\Common.php(1167): CodeIgniter\View\View->render('payment/due-collection', [], true)
 5 APPPATH\Controllers\DuePaymentController.php(30): view('payment/due-collection', [...])
 6 SYSTEMPATH\CodeIgniter.php(933): App\Controllers\DuePaymentController->index()
 7 SYSTEMPATH\CodeIgniter.php(507): CodeIgniter\CodeIgniter->runController(Object(App\Controllers\DuePaymentController))
 8 SYSTEMPATH\CodeIgniter.php(354): CodeIgniter\CodeIgniter->handleRequest(null, Object(Config\Cache), false)
 9 SYSTEMPATH\Boot.php(363): CodeIgniter\CodeIgniter->run()
10 SYSTEMPATH\Boot.php(68): CodeIgniter\Boot::runCodeIgniter(Object(CodeIgniter\CodeIgniter))
11 FCPATH\index.php(59): CodeIgniter\Boot::bootWeb(Object(Config\Paths))
DEBUG - 2026-08-06 08:15:26 --> Session: Class initialized using 'CodeIgniter\Session\Handlers\FileHandler' driver.
DEBUG - 2026-08-06 08:15:29 --> Session: Class initialized using 'CodeIgniter\Session\Handlers\FileHandler' driver.
DEBUG - 2026-08-06 08:22:02 --> Session: Class initialized using 'CodeIgniter\Session\Handlers\FileHandler' driver.
DEBUG - 2026-08-06 08:22:22 --> Session: Class initialized using 'CodeIgniter\Session\Handlers\FileHandler' driver.
CRITICAL - 2026-08-06 08:22:23 --> ErrorException: Undefined array key "due_amount"
[Method: POST, Route: payment/collection-save]
in APPPATH\Controllers\DuePaymentController.php on line 71.
 1 APPPATH\Controllers\DuePaymentController.php(71): CodeIgniter\Debug\Exceptions->errorHandler(2, 'Undefined array key "due_amount"', 'C:\\laragon\\www\\pharmacy-project\\app\\Controllers\\DuePaymentController.php', 71)
 2 SYSTEMPATH\CodeIgniter.php(933): App\Controllers\DuePaymentController->save()
 3 SYSTEMPATH\CodeIgniter.php(507): CodeIgniter\CodeIgniter->runController(Object(App\Controllers\DuePaymentController))
 4 SYSTEMPATH\CodeIgniter.php(354): CodeIgniter\CodeIgniter->handleRequest(null, Object(Config\Cache), false)
 5 SYSTEMPATH\Boot.php(363): CodeIgniter\CodeIgniter->run()
 6 SYSTEMPATH\Boot.php(68): CodeIgniter\Boot::runCodeIgniter(Object(CodeIgniter\CodeIgniter))
 7 FCPATH\index.php(59): CodeIgniter\Boot::bootWeb(Object(Config\Paths))
DEBUG - 2026-08-06 08:30:27 --> Session: Class initialized using 'CodeIgniter\Session\Handlers\FileHandler' driver.
DEBUG - 2026-08-06 08:30:52 --> Session: Class initialized using 'CodeIgniter\Session\Handlers\FileHandler' driver.
CRITICAL - 2026-08-06 08:30:52 --> ErrorException: Undefined array key "due_amount"
[Method: POST, Route: payment/collection-save]
in APPPATH\Controllers\DuePaymentController.php on line 71.
 1 APPPATH\Controllers\DuePaymentController.php(71): CodeIgniter\Debug\Exceptions->errorHandler(2, 'Undefined array key "due_amount"', 'C:\\laragon\\www\\pharmacy-project\\app\\Controllers\\DuePaymentController.php', 71)
 2 SYSTEMPATH\CodeIgniter.php(933): App\Controllers\DuePaymentController->save()
 3 SYSTEMPATH\CodeIgniter.php(507): CodeIgniter\CodeIgniter->runController(Object(App\Controllers\DuePaymentController))
 4 SYSTEMPATH\CodeIgniter.php(354): CodeIgniter\CodeIgniter->handleRequest(null, Object(Config\Cache), false)
 5 SYSTEMPATH\Boot.php(363): CodeIgniter\CodeIgniter->run()
 6 SYSTEMPATH\Boot.php(68): CodeIgniter\Boot::runCodeIgniter(Object(CodeIgniter\CodeIgniter))
 7 FCPATH\index.php(59): CodeIgniter\Boot::bootWeb(Object(Config\Paths))
DEBUG - 2026-08-06 08:33:31 --> Session: Class initialized using 'CodeIgniter\Session\Handlers\FileHandler' driver.
DEBUG - 2026-08-06 08:33:33 --> Session: Class initialized using 'CodeIgniter\Session\Handlers\FileHandler' driver.
DEBUG - 2026-08-06 08:37:05 --> Session: Class initialized using 'CodeIgniter\Session\Handlers\FileHandler' driver.
DEBUG - 2026-08-06 08:37:14 --> Session: Class initialized using 'CodeIgniter\Session\Handlers\FileHandler' driver.
CRITICAL - 2026-08-06 08:37:14 --> ErrorException: Undefined array key "due_amount"
[Method: POST, Route: payment/collection-save]
in APPPATH\Controllers\DuePaymentController.php on line 71.
 1 APPPATH\Controllers\DuePaymentController.php(71): CodeIgniter\Debug\Exceptions->errorHandler(2, 'Undefined array key "due_amount"', 'C:\\laragon\\www\\pharmacy-project\\app\\Controllers\\DuePaymentController.php', 71)
 2 SYSTEMPATH\CodeIgniter.php(933): App\Controllers\DuePaymentController->save()
 3 SYSTEMPATH\CodeIgniter.php(507): CodeIgniter\CodeIgniter->runController(Object(App\Controllers\DuePaymentController))
 4 SYSTEMPATH\CodeIgniter.php(354): CodeIgniter\CodeIgniter->handleRequest(null, Object(Config\Cache), false)
 5 SYSTEMPATH\Boot.php(363): CodeIgniter\CodeIgniter->run()
 6 SYSTEMPATH\Boot.php(68): CodeIgniter\Boot::runCodeIgniter(Object(CodeIgniter\CodeIgniter))
 7 FCPATH\index.php(59): CodeIgniter\Boot::bootWeb(Object(Config\Paths))
DEBUG - 2026-08-06 08:38:29 --> Session: Class initialized using 'CodeIgniter\Session\Handlers\FileHandler' driver.
DEBUG - 2026-08-06 08:43:08 --> Session: Class initialized using 'CodeIgniter\Session\Handlers\FileHandler' driver.
DEBUG - 2026-08-06 08:46:21 --> Session: Class initialized using 'CodeIgniter\Session\Handlers\FileHandler' driver.
DEBUG - 2026-08-06 08:46:29 --> Session: Class initialized using 'CodeIgniter\Session\Handlers\FileHandler' driver.
CRITICAL - 2026-08-06 08:46:29 --> ErrorException: Undefined array key "due_amount"
[Method: POST, Route: payment/collection-save]
in APPPATH\Controllers\DuePaymentController.php on line 71.
 1 APPPATH\Controllers\DuePaymentController.php(71): CodeIgniter\Debug\Exceptions->errorHandler(2, 'Undefined array key "due_amount"', 'C:\\laragon\\www\\pharmacy-project\\app\\Controllers\\DuePaymentController.php', 71)
 2 SYSTEMPATH\CodeIgniter.php(933): App\Controllers\DuePaymentController->save()
 3 SYSTEMPATH\CodeIgniter.php(507): CodeIgniter\CodeIgniter->runController(Object(App\Controllers\DuePaymentController))
 4 SYSTEMPATH\CodeIgniter.php(354): CodeIgniter\CodeIgniter->handleRequest(null, Object(Config\Cache), false)
 5 SYSTEMPATH\Boot.php(363): CodeIgniter\CodeIgniter->run()
 6 SYSTEMPATH\Boot.php(68): CodeIgniter\Boot::runCodeIgniter(Object(CodeIgniter\CodeIgniter))
 7 FCPATH\index.php(59): CodeIgniter\Boot::bootWeb(Object(Config\Paths))
DEBUG - 2026-08-06 08:48:13 --> Session: Class initialized using 'CodeIgniter\Session\Handlers\FileHandler' driver.
CRITICAL - 2026-08-06 08:48:13 --> ErrorException: Undefined array key "due_amount"
[Method: POST, Route: payment/collection-save]
in APPPATH\Controllers\DuePaymentController.php on line 71.
 1 APPPATH\Controllers\DuePaymentController.php(71): CodeIgniter\Debug\Exceptions->errorHandler(2, 'Undefined array key "due_amount"', 'C:\\laragon\\www\\pharmacy-project\\app\\Controllers\\DuePaymentController.php', 71)
 2 SYSTEMPATH\CodeIgniter.php(933): App\Controllers\DuePaymentController->save()
 3 SYSTEMPATH\CodeIgniter.php(507): CodeIgniter\CodeIgniter->runController(Object(App\Controllers\DuePaymentController))
 4 SYSTEMPATH\CodeIgniter.php(354): CodeIgniter\CodeIgniter->handleRequest(null, Object(Config\Cache), false)
 5 SYSTEMPATH\Boot.php(363): CodeIgniter\CodeIgniter->run()
 6 SYSTEMPATH\Boot.php(68): CodeIgniter\Boot::runCodeIgniter(Object(CodeIgniter\CodeIgniter))
 7 FCPATH\index.php(59): CodeIgniter\Boot::bootWeb(Object(Config\Paths))
DEBUG - 2026-08-06 08:48:28 --> Session: Class initialized using 'CodeIgniter\Session\Handlers\FileHandler' driver.
CRITICAL - 2026-08-06 08:48:28 --> ErrorException: Undefined array key "due_amount"
[Method: POST, Route: payment/collection-save]
in APPPATH\Controllers\DuePaymentController.php on line 71.
 1 APPPATH\Controllers\DuePaymentController.php(71): CodeIgniter\Debug\Exceptions->errorHandler(2, 'Undefined array key "due_amount"', 'C:\\laragon\\www\\pharmacy-project\\app\\Controllers\\DuePaymentController.php', 71)
 2 SYSTEMPATH\CodeIgniter.php(933): App\Controllers\DuePaymentController->save()
 3 SYSTEMPATH\CodeIgniter.php(507): CodeIgniter\CodeIgniter->runController(Object(App\Controllers\DuePaymentController))
 4 SYSTEMPATH\CodeIgniter.php(354): CodeIgniter\CodeIgniter->handleRequest(null, Object(Config\Cache), false)
 5 SYSTEMPATH\Boot.php(363): CodeIgniter\CodeIgniter->run()
 6 SYSTEMPATH\Boot.php(68): CodeIgniter\Boot::runCodeIgniter(Object(CodeIgniter\CodeIgniter))
 7 FCPATH\index.php(59): CodeIgniter\Boot::bootWeb(Object(Config\Paths))
DEBUG - 2026-08-06 08:55:29 --> Session: Class initialized using 'CodeIgniter\Session\Handlers\FileHandler' driver.
DEBUG - 2026-08-06 08:55:43 --> Session: Class initialized using 'CodeIgniter\Session\Handlers\FileHandler' driver.
CRITICAL - 2026-08-06 08:55:43 --> ErrorException: Undefined array key "due_amount"
[Method: POST, Route: payment/collection-save]
in APPPATH\Controllers\DuePaymentController.php on line 71.
 1 APPPATH\Controllers\DuePaymentController.php(71): CodeIgniter\Debug\Exceptions->errorHandler(2, 'Undefined array key "due_amount"', 'C:\\laragon\\www\\pharmacy-project\\app\\Controllers\\DuePaymentController.php', 71)
 2 SYSTEMPATH\CodeIgniter.php(933): App\Controllers\DuePaymentController->save()
 3 SYSTEMPATH\CodeIgniter.php(507): CodeIgniter\CodeIgniter->runController(Object(App\Controllers\DuePaymentController))
 4 SYSTEMPATH\CodeIgniter.php(354): CodeIgniter\CodeIgniter->handleRequest(null, Object(Config\Cache), false)
 5 SYSTEMPATH\Boot.php(363): CodeIgniter\CodeIgniter->run()
 6 SYSTEMPATH\Boot.php(68): CodeIgniter\Boot::runCodeIgniter(Object(CodeIgniter\CodeIgniter))
 7 FCPATH\index.php(59): CodeIgniter\Boot::bootWeb(Object(Config\Paths))
DEBUG - 2026-08-06 09:05:05 --> Session: Class initialized using 'CodeIgniter\Session\Handlers\FileHandler' driver.
DEBUG - 2026-08-06 09:05:18 --> Session: Class initialized using 'CodeIgniter\Session\Handlers\FileHandler' driver.
DEBUG - 2026-08-06 09:05:20 --> Session: Class initialized using 'CodeIgniter\Session\Handlers\FileHandler' driver.
DEBUG - 2026-08-06 09:05:39 --> Session: Class initialized using 'CodeIgniter\Session\Handlers\FileHandler' driver.
DEBUG - 2026-08-06 09:05:40 --> Session: Class initialized using 'CodeIgniter\Session\Handlers\FileHandler' driver.
DEBUG - 2026-08-06 09:08:55 --> Session: Class initialized using 'CodeIgniter\Session\Handlers\FileHandler' driver.
DEBUG - 2026-08-06 09:09:18 --> Session: Class initialized using 'CodeIgniter\Session\Handlers\FileHandler' driver.
DEBUG - 2026-08-06 09:09:19 --> Session: Class initialized using 'CodeIgniter\Session\Handlers\FileHandler' driver.
DEBUG - 2026-08-06 09:09:32 --> Session: Class initialized using 'CodeIgniter\Session\Handlers\FileHandler' driver.
DEBUG - 2026-08-06 09:09:35 --> Session: Class initialized using 'CodeIgniter\Session\Handlers\FileHandler' driver.
DEBUG - 2026-08-06 10:17:00 --> Session: Class initialized using 'CodeIgniter\Session\Handlers\FileHandler' driver.
DEBUG - 2026-08-06 10:17:03 --> Session: Class initialized using 'CodeIgniter\Session\Handlers\FileHandler' driver.
DEBUG - 2026-08-06 10:17:08 --> Session: Class initialized using 'CodeIgniter\Session\Handlers\FileHandler' driver.
DEBUG - 2026-08-06 10:17:17 --> Session: Class initialized using 'CodeIgniter\Session\Handlers\FileHandler' driver.
DEBUG - 2026-08-06 10:17:26 --> Session: Class initialized using 'CodeIgniter\Session\Handlers\FileHandler' driver.
DEBUG - 2026-08-06 10:17:39 --> Session: Class initialized using 'CodeIgniter\Session\Handlers\FileHandler' driver.
DEBUG - 2026-08-06 10:17:43 --> Session: Class initialized using 'CodeIgniter\Session\Handlers\FileHandler' driver.
DEBUG - 2026-08-06 10:17:48 --> Session: Class initialized using 'CodeIgniter\Session\Handlers\FileHandler' driver.
