DEBUG - 2026-07-04 04:23:24 --> Session: Class initialized using 'CodeIgniter\Session\Handlers\FileHandler' driver.
DEBUG - 2026-07-04 04:23:43 --> Session: Class initialized using 'CodeIgniter\Session\Handlers\FileHandler' driver.
DEBUG - 2026-07-04 04:23:43 --> Session: Class initialized using 'CodeIgniter\Session\Handlers\FileHandler' driver.
DEBUG - 2026-07-04 04:23:57 --> Session: Class initialized using 'CodeIgniter\Session\Handlers\FileHandler' driver.
ERROR - 2026-07-04 05:18:31 --> mysqli_sql_exception: Unknown column 'pu.unit_name' in 'field list' in C:\laragon\www\pharmacy-project\system\Database\MySQLi\Connection.php:327
Stack trace:
#0 C:\laragon\www\pharmacy-project\system\Database\MySQLi\Connection.php(327): mysqli->query('SELECT\r\n       ...', 0)
#1 C:\laragon\www\pharmacy-project\system\Database\BaseConnection.php(729): CodeIgniter\Database\MySQLi\Connection->execute('SELECT\r\n       ...')
#2 C:\laragon\www\pharmacy-project\system\Database\BaseConnection.php(646): CodeIgniter\Database\BaseConnection->simpleQuery('SELECT\r\n       ...')
#3 C:\laragon\www\pharmacy-project\app\Controllers\Purchase.php(88): CodeIgniter\Database\BaseConnection->query('SELECT\r\n       ...')
#4 C:\laragon\www\pharmacy-project\system\CodeIgniter.php(933): App\Controllers\Purchase->index()
#5 C:\laragon\www\pharmacy-project\system\CodeIgniter.php(507): CodeIgniter\CodeIgniter->runController(Object(App\Controllers\Purchase))
#6 C:\laragon\www\pharmacy-project\system\CodeIgniter.php(354): CodeIgniter\CodeIgniter->handleRequest(NULL, Object(Config\Cache), false)
#7 C:\laragon\www\pharmacy-project\system\Boot.php(363): CodeIgniter\CodeIgniter->run()
#8 C:\laragon\www\pharmacy-project\system\Boot.php(68): CodeIgniter\Boot::runCodeIgniter(Object(CodeIgniter\CodeIgniter))
#9 C:\laragon\www\pharmacy-project\index.php(59): CodeIgniter\Boot::bootWeb(Object(Config\Paths))
#10 {main}
CRITICAL - 2026-07-04 05:18:31 --> CodeIgniter\Database\Exceptions\DatabaseException: Unknown column 'pu.unit_name' in 'field list'
[Method: GET, Route: purchase]
in SYSTEMPATH\Database\BaseConnection.php on line 684.
 1 APPPATH\Controllers\Purchase.php(88): CodeIgniter\Database\BaseConnection->query('SELECT
            piq.*,

            pc.category_name,
            pb.product_brand_name,
            pg.group_name,
            pu.unit_name,

            tx.tax_percentage,
            tx.tax_name,

            (piq.productinitial_quantity + IFNULL(ppd.new_purchased,0)) AS total_stock

        FROM product_inital_stock AS piq

        LEFT JOIN (
            SELECT
                product_id,
                SUM(quantity_per_pack) AS new_purchased
            FROM product_purchase_details
            GROUP BY product_id
        ) AS ppd
            ON piq.product_id = ppd.product_id

        LEFT JOIN tax AS tx
            ON piq.tax_id = tx.tax_id

        LEFT JOIN product_category AS pc
            ON piq.product_category = pc.product_category_id

        LEFT JOIN product_brand AS pb
            ON piq.product_brand = pb.brand_id

        LEFT JOIN product_group AS pg
            ON piq.product_group = pg.product_group_id

        LEFT JOIN product_unit AS pu
            ON piq.product_unit = pu.product_unit_id

        ORDER BY piq.product_id DESC')
 2 SYSTEMPATH\CodeIgniter.php(933): App\Controllers\Purchase->index()
 3 SYSTEMPATH\CodeIgniter.php(507): CodeIgniter\CodeIgniter->runController(Object(App\Controllers\Purchase))
 4 SYSTEMPATH\CodeIgniter.php(354): CodeIgniter\CodeIgniter->handleRequest(null, Object(Config\Cache), false)
 5 SYSTEMPATH\Boot.php(363): CodeIgniter\CodeIgniter->run()
 6 SYSTEMPATH\Boot.php(68): CodeIgniter\Boot::runCodeIgniter(Object(CodeIgniter\CodeIgniter))
 7 FCPATH\index.php(59): CodeIgniter\Boot::bootWeb(Object(Config\Paths))
CRITICAL - 2026-07-04 05:18:31 --> [Caused by] CodeIgniter\Database\Exceptions\DatabaseException: Unknown column 'pu.unit_name' in 'field list'
in SYSTEMPATH\Database\MySQLi\Connection.php on line 332.
 1 SYSTEMPATH\Database\BaseConnection.php(729): CodeIgniter\Database\MySQLi\Connection->execute('SELECT
            piq.*,

            pc.category_name,
            pb.product_brand_name,
            pg.group_name,
            pu.unit_name,

            tx.tax_percentage,
            tx.tax_name,

            (piq.productinitial_quantity + IFNULL(ppd.new_purchased,0)) AS total_stock

        FROM product_inital_stock AS piq

        LEFT JOIN (
            SELECT
                product_id,
                SUM(quantity_per_pack) AS new_purchased
            FROM product_purchase_details
            GROUP BY product_id
        ) AS ppd
            ON piq.product_id = ppd.product_id

        LEFT JOIN tax AS tx
            ON piq.tax_id = tx.tax_id

        LEFT JOIN product_category AS pc
            ON piq.product_category = pc.product_category_id

        LEFT JOIN product_brand AS pb
            ON piq.product_brand = pb.brand_id

        LEFT JOIN product_group AS pg
            ON piq.product_group = pg.product_group_id

        LEFT JOIN product_unit AS pu
            ON piq.product_unit = pu.product_unit_id

        ORDER BY piq.product_id DESC')
 2 SYSTEMPATH\Database\BaseConnection.php(646): CodeIgniter\Database\BaseConnection->simpleQuery('SELECT
            piq.*,

            pc.category_name,
            pb.product_brand_name,
            pg.group_name,
            pu.unit_name,

            tx.tax_percentage,
            tx.tax_name,

            (piq.productinitial_quantity + IFNULL(ppd.new_purchased,0)) AS total_stock

        FROM product_inital_stock AS piq

        LEFT JOIN (
            SELECT
                product_id,
                SUM(quantity_per_pack) AS new_purchased
            FROM product_purchase_details
            GROUP BY product_id
        ) AS ppd
            ON piq.product_id = ppd.product_id

        LEFT JOIN tax AS tx
            ON piq.tax_id = tx.tax_id

        LEFT JOIN product_category AS pc
            ON piq.product_category = pc.product_category_id

        LEFT JOIN product_brand AS pb
            ON piq.product_brand = pb.brand_id

        LEFT JOIN product_group AS pg
            ON piq.product_group = pg.product_group_id

        LEFT JOIN product_unit AS pu
            ON piq.product_unit = pu.product_unit_id

        ORDER BY piq.product_id DESC')
 3 APPPATH\Controllers\Purchase.php(88): CodeIgniter\Database\BaseConnection->query('SELECT
            piq.*,

            pc.category_name,
            pb.product_brand_name,
            pg.group_name,
            pu.unit_name,

            tx.tax_percentage,
            tx.tax_name,

            (piq.productinitial_quantity + IFNULL(ppd.new_purchased,0)) AS total_stock

        FROM product_inital_stock AS piq

        LEFT JOIN (
            SELECT
                product_id,
                SUM(quantity_per_pack) AS new_purchased
            FROM product_purchase_details
            GROUP BY product_id
        ) AS ppd
            ON piq.product_id = ppd.product_id

        LEFT JOIN tax AS tx
            ON piq.tax_id = tx.tax_id

        LEFT JOIN product_category AS pc
            ON piq.product_category = pc.product_category_id

        LEFT JOIN product_brand AS pb
            ON piq.product_brand = pb.brand_id

        LEFT JOIN product_group AS pg
            ON piq.product_group = pg.product_group_id

        LEFT JOIN product_unit AS pu
            ON piq.product_unit = pu.product_unit_id

        ORDER BY piq.product_id DESC')
 4 SYSTEMPATH\CodeIgniter.php(933): App\Controllers\Purchase->index()
 5 SYSTEMPATH\CodeIgniter.php(507): CodeIgniter\CodeIgniter->runController(Object(App\Controllers\Purchase))
 6 SYSTEMPATH\CodeIgniter.php(354): CodeIgniter\CodeIgniter->handleRequest(null, Object(Config\Cache), false)
 7 SYSTEMPATH\Boot.php(363): CodeIgniter\CodeIgniter->run()
 8 SYSTEMPATH\Boot.php(68): CodeIgniter\Boot::runCodeIgniter(Object(CodeIgniter\CodeIgniter))
 9 FCPATH\index.php(59): CodeIgniter\Boot::bootWeb(Object(Config\Paths))
CRITICAL - 2026-07-04 05:18:31 --> [Caused by] mysqli_sql_exception: Unknown column 'pu.unit_name' in 'field list'
in SYSTEMPATH\Database\MySQLi\Connection.php on line 327.
 1 SYSTEMPATH\Database\MySQLi\Connection.php(327): mysqli->query('SELECT
            piq.*,

            pc.category_name,
            pb.product_brand_name,
            pg.group_name,
            pu.unit_name,

            tx.tax_percentage,
            tx.tax_name,

            (piq.productinitial_quantity + IFNULL(ppd.new_purchased,0)) AS total_stock

        FROM product_inital_stock AS piq

        LEFT JOIN (
            SELECT
                product_id,
                SUM(quantity_per_pack) AS new_purchased
            FROM product_purchase_details
            GROUP BY product_id
        ) AS ppd
            ON piq.product_id = ppd.product_id

        LEFT JOIN tax AS tx
            ON piq.tax_id = tx.tax_id

        LEFT JOIN product_category AS pc
            ON piq.product_category = pc.product_category_id

        LEFT JOIN product_brand AS pb
            ON piq.product_brand = pb.brand_id

        LEFT JOIN product_group AS pg
            ON piq.product_group = pg.product_group_id

        LEFT JOIN product_unit AS pu
            ON piq.product_unit = pu.product_unit_id

        ORDER BY piq.product_id DESC', 0)
 2 SYSTEMPATH\Database\BaseConnection.php(729): CodeIgniter\Database\MySQLi\Connection->execute('SELECT
            piq.*,

            pc.category_name,
            pb.product_brand_name,
            pg.group_name,
            pu.unit_name,

            tx.tax_percentage,
            tx.tax_name,

            (piq.productinitial_quantity + IFNULL(ppd.new_purchased,0)) AS total_stock

        FROM product_inital_stock AS piq

        LEFT JOIN (
            SELECT
                product_id,
                SUM(quantity_per_pack) AS new_purchased
            FROM product_purchase_details
            GROUP BY product_id
        ) AS ppd
            ON piq.product_id = ppd.product_id

        LEFT JOIN tax AS tx
            ON piq.tax_id = tx.tax_id

        LEFT JOIN product_category AS pc
            ON piq.product_category = pc.product_category_id

        LEFT JOIN product_brand AS pb
            ON piq.product_brand = pb.brand_id

        LEFT JOIN product_group AS pg
            ON piq.product_group = pg.product_group_id

        LEFT JOIN product_unit AS pu
            ON piq.product_unit = pu.product_unit_id

        ORDER BY piq.product_id DESC')
 3 SYSTEMPATH\Database\BaseConnection.php(646): CodeIgniter\Database\BaseConnection->simpleQuery('SELECT
            piq.*,

            pc.category_name,
            pb.product_brand_name,
            pg.group_name,
            pu.unit_name,

            tx.tax_percentage,
            tx.tax_name,

            (piq.productinitial_quantity + IFNULL(ppd.new_purchased,0)) AS total_stock

        FROM product_inital_stock AS piq

        LEFT JOIN (
            SELECT
                product_id,
                SUM(quantity_per_pack) AS new_purchased
            FROM product_purchase_details
            GROUP BY product_id
        ) AS ppd
            ON piq.product_id = ppd.product_id

        LEFT JOIN tax AS tx
            ON piq.tax_id = tx.tax_id

        LEFT JOIN product_category AS pc
            ON piq.product_category = pc.product_category_id

        LEFT JOIN product_brand AS pb
            ON piq.product_brand = pb.brand_id

        LEFT JOIN product_group AS pg
            ON piq.product_group = pg.product_group_id

        LEFT JOIN product_unit AS pu
            ON piq.product_unit = pu.product_unit_id

        ORDER BY piq.product_id DESC')
 4 APPPATH\Controllers\Purchase.php(88): CodeIgniter\Database\BaseConnection->query('SELECT
            piq.*,

            pc.category_name,
            pb.product_brand_name,
            pg.group_name,
            pu.unit_name,

            tx.tax_percentage,
            tx.tax_name,

            (piq.productinitial_quantity + IFNULL(ppd.new_purchased,0)) AS total_stock

        FROM product_inital_stock AS piq

        LEFT JOIN (
            SELECT
                product_id,
                SUM(quantity_per_pack) AS new_purchased
            FROM product_purchase_details
            GROUP BY product_id
        ) AS ppd
            ON piq.product_id = ppd.product_id

        LEFT JOIN tax AS tx
            ON piq.tax_id = tx.tax_id

        LEFT JOIN product_category AS pc
            ON piq.product_category = pc.product_category_id

        LEFT JOIN product_brand AS pb
            ON piq.product_brand = pb.brand_id

        LEFT JOIN product_group AS pg
            ON piq.product_group = pg.product_group_id

        LEFT JOIN product_unit AS pu
            ON piq.product_unit = pu.product_unit_id

        ORDER BY piq.product_id DESC')
 5 SYSTEMPATH\CodeIgniter.php(933): App\Controllers\Purchase->index()
 6 SYSTEMPATH\CodeIgniter.php(507): CodeIgniter\CodeIgniter->runController(Object(App\Controllers\Purchase))
 7 SYSTEMPATH\CodeIgniter.php(354): CodeIgniter\CodeIgniter->handleRequest(null, Object(Config\Cache), false)
 8 SYSTEMPATH\Boot.php(363): CodeIgniter\CodeIgniter->run()
 9 SYSTEMPATH\Boot.php(68): CodeIgniter\Boot::runCodeIgniter(Object(CodeIgniter\CodeIgniter))
10 FCPATH\index.php(59): CodeIgniter\Boot::bootWeb(Object(Config\Paths))
ERROR - 2026-07-04 05:19:19 --> mysqli_sql_exception: Unknown column 'pu.unit_name' in 'field list' in C:\laragon\www\pharmacy-project\system\Database\MySQLi\Connection.php:327
Stack trace:
#0 C:\laragon\www\pharmacy-project\system\Database\MySQLi\Connection.php(327): mysqli->query('SELECT\r\n       ...', 0)
#1 C:\laragon\www\pharmacy-project\system\Database\BaseConnection.php(729): CodeIgniter\Database\MySQLi\Connection->execute('SELECT\r\n       ...')
#2 C:\laragon\www\pharmacy-project\system\Database\BaseConnection.php(646): CodeIgniter\Database\BaseConnection->simpleQuery('SELECT\r\n       ...')
#3 C:\laragon\www\pharmacy-project\app\Controllers\Purchase.php(88): CodeIgniter\Database\BaseConnection->query('SELECT\r\n       ...')
#4 C:\laragon\www\pharmacy-project\system\CodeIgniter.php(933): App\Controllers\Purchase->index()
#5 C:\laragon\www\pharmacy-project\system\CodeIgniter.php(507): CodeIgniter\CodeIgniter->runController(Object(App\Controllers\Purchase))
#6 C:\laragon\www\pharmacy-project\system\CodeIgniter.php(354): CodeIgniter\CodeIgniter->handleRequest(NULL, Object(Config\Cache), false)
#7 C:\laragon\www\pharmacy-project\system\Boot.php(363): CodeIgniter\CodeIgniter->run()
#8 C:\laragon\www\pharmacy-project\system\Boot.php(68): CodeIgniter\Boot::runCodeIgniter(Object(CodeIgniter\CodeIgniter))
#9 C:\laragon\www\pharmacy-project\index.php(59): CodeIgniter\Boot::bootWeb(Object(Config\Paths))
#10 {main}
CRITICAL - 2026-07-04 05:19:19 --> CodeIgniter\Database\Exceptions\DatabaseException: Unknown column 'pu.unit_name' in 'field list'
[Method: GET, Route: purchase]
in SYSTEMPATH\Database\BaseConnection.php on line 684.
 1 APPPATH\Controllers\Purchase.php(88): CodeIgniter\Database\BaseConnection->query('SELECT
            piq.*,

            pc.category_name,
            pb.product_brand_name,
            pg.group_name,
            pu.unit_name,

            tx.tax_percentage,
            tx.tax_name,

            (piq.productinitial_quantity + IFNULL(ppd.new_purchased,0)) AS total_stock

        FROM product_inital_stock AS piq

        LEFT JOIN (
            SELECT
                product_id,
                SUM(quantity_per_pack) AS new_purchased
            FROM product_purchase_details
            GROUP BY product_id
        ) AS ppd
            ON piq.product_id = ppd.product_id

        LEFT JOIN tax AS tx
            ON piq.tax_id = tx.tax_id

        LEFT JOIN product_category AS pc
            ON piq.product_category = pc.product_category_id

        LEFT JOIN product_brand AS pb
            ON piq.product_brand = pb.brand_id

        LEFT JOIN product_group AS pg
            ON piq.product_group = pg.product_group_id

        -- LEFT JOIN product_unit AS pu
        --     ON piq.product_unit = pu.product_unit_id

        ORDER BY piq.product_id DESC')
 2 SYSTEMPATH\CodeIgniter.php(933): App\Controllers\Purchase->index()
 3 SYSTEMPATH\CodeIgniter.php(507): CodeIgniter\CodeIgniter->runController(Object(App\Controllers\Purchase))
 4 SYSTEMPATH\CodeIgniter.php(354): CodeIgniter\CodeIgniter->handleRequest(null, Object(Config\Cache), false)
 5 SYSTEMPATH\Boot.php(363): CodeIgniter\CodeIgniter->run()
 6 SYSTEMPATH\Boot.php(68): CodeIgniter\Boot::runCodeIgniter(Object(CodeIgniter\CodeIgniter))
 7 FCPATH\index.php(59): CodeIgniter\Boot::bootWeb(Object(Config\Paths))
CRITICAL - 2026-07-04 05:19:19 --> [Caused by] CodeIgniter\Database\Exceptions\DatabaseException: Unknown column 'pu.unit_name' in 'field list'
in SYSTEMPATH\Database\MySQLi\Connection.php on line 332.
 1 SYSTEMPATH\Database\BaseConnection.php(729): CodeIgniter\Database\MySQLi\Connection->execute('SELECT
            piq.*,

            pc.category_name,
            pb.product_brand_name,
            pg.group_name,
            pu.unit_name,

            tx.tax_percentage,
            tx.tax_name,

            (piq.productinitial_quantity + IFNULL(ppd.new_purchased,0)) AS total_stock

        FROM product_inital_stock AS piq

        LEFT JOIN (
            SELECT
                product_id,
                SUM(quantity_per_pack) AS new_purchased
            FROM product_purchase_details
            GROUP BY product_id
        ) AS ppd
            ON piq.product_id = ppd.product_id

        LEFT JOIN tax AS tx
            ON piq.tax_id = tx.tax_id

        LEFT JOIN product_category AS pc
            ON piq.product_category = pc.product_category_id

        LEFT JOIN product_brand AS pb
            ON piq.product_brand = pb.brand_id

        LEFT JOIN product_group AS pg
            ON piq.product_group = pg.product_group_id

        -- LEFT JOIN product_unit AS pu
        --     ON piq.product_unit = pu.product_unit_id

        ORDER BY piq.product_id DESC')
 2 SYSTEMPATH\Database\BaseConnection.php(646): CodeIgniter\Database\BaseConnection->simpleQuery('SELECT
            piq.*,

            pc.category_name,
            pb.product_brand_name,
            pg.group_name,
            pu.unit_name,

            tx.tax_percentage,
            tx.tax_name,

            (piq.productinitial_quantity + IFNULL(ppd.new_purchased,0)) AS total_stock

        FROM product_inital_stock AS piq

        LEFT JOIN (
            SELECT
                product_id,
                SUM(quantity_per_pack) AS new_purchased
            FROM product_purchase_details
            GROUP BY product_id
        ) AS ppd
            ON piq.product_id = ppd.product_id

        LEFT JOIN tax AS tx
            ON piq.tax_id = tx.tax_id

        LEFT JOIN product_category AS pc
            ON piq.product_category = pc.product_category_id

        LEFT JOIN product_brand AS pb
            ON piq.product_brand = pb.brand_id

        LEFT JOIN product_group AS pg
            ON piq.product_group = pg.product_group_id

        -- LEFT JOIN product_unit AS pu
        --     ON piq.product_unit = pu.product_unit_id

        ORDER BY piq.product_id DESC')
 3 APPPATH\Controllers\Purchase.php(88): CodeIgniter\Database\BaseConnection->query('SELECT
            piq.*,

            pc.category_name,
            pb.product_brand_name,
            pg.group_name,
            pu.unit_name,

            tx.tax_percentage,
            tx.tax_name,

            (piq.productinitial_quantity + IFNULL(ppd.new_purchased,0)) AS total_stock

        FROM product_inital_stock AS piq

        LEFT JOIN (
            SELECT
                product_id,
                SUM(quantity_per_pack) AS new_purchased
            FROM product_purchase_details
            GROUP BY product_id
        ) AS ppd
            ON piq.product_id = ppd.product_id

        LEFT JOIN tax AS tx
            ON piq.tax_id = tx.tax_id

        LEFT JOIN product_category AS pc
            ON piq.product_category = pc.product_category_id

        LEFT JOIN product_brand AS pb
            ON piq.product_brand = pb.brand_id

        LEFT JOIN product_group AS pg
            ON piq.product_group = pg.product_group_id

        -- LEFT JOIN product_unit AS pu
        --     ON piq.product_unit = pu.product_unit_id

        ORDER BY piq.product_id DESC')
 4 SYSTEMPATH\CodeIgniter.php(933): App\Controllers\Purchase->index()
 5 SYSTEMPATH\CodeIgniter.php(507): CodeIgniter\CodeIgniter->runController(Object(App\Controllers\Purchase))
 6 SYSTEMPATH\CodeIgniter.php(354): CodeIgniter\CodeIgniter->handleRequest(null, Object(Config\Cache), false)
 7 SYSTEMPATH\Boot.php(363): CodeIgniter\CodeIgniter->run()
 8 SYSTEMPATH\Boot.php(68): CodeIgniter\Boot::runCodeIgniter(Object(CodeIgniter\CodeIgniter))
 9 FCPATH\index.php(59): CodeIgniter\Boot::bootWeb(Object(Config\Paths))
CRITICAL - 2026-07-04 05:19:19 --> [Caused by] mysqli_sql_exception: Unknown column 'pu.unit_name' in 'field list'
in SYSTEMPATH\Database\MySQLi\Connection.php on line 327.
 1 SYSTEMPATH\Database\MySQLi\Connection.php(327): mysqli->query('SELECT
            piq.*,

            pc.category_name,
            pb.product_brand_name,
            pg.group_name,
            pu.unit_name,

            tx.tax_percentage,
            tx.tax_name,

            (piq.productinitial_quantity + IFNULL(ppd.new_purchased,0)) AS total_stock

        FROM product_inital_stock AS piq

        LEFT JOIN (
            SELECT
                product_id,
                SUM(quantity_per_pack) AS new_purchased
            FROM product_purchase_details
            GROUP BY product_id
        ) AS ppd
            ON piq.product_id = ppd.product_id

        LEFT JOIN tax AS tx
            ON piq.tax_id = tx.tax_id

        LEFT JOIN product_category AS pc
            ON piq.product_category = pc.product_category_id

        LEFT JOIN product_brand AS pb
            ON piq.product_brand = pb.brand_id

        LEFT JOIN product_group AS pg
            ON piq.product_group = pg.product_group_id

        -- LEFT JOIN product_unit AS pu
        --     ON piq.product_unit = pu.product_unit_id

        ORDER BY piq.product_id DESC', 0)
 2 SYSTEMPATH\Database\BaseConnection.php(729): CodeIgniter\Database\MySQLi\Connection->execute('SELECT
            piq.*,

            pc.category_name,
            pb.product_brand_name,
            pg.group_name,
            pu.unit_name,

            tx.tax_percentage,
            tx.tax_name,

            (piq.productinitial_quantity + IFNULL(ppd.new_purchased,0)) AS total_stock

        FROM product_inital_stock AS piq

        LEFT JOIN (
            SELECT
                product_id,
                SUM(quantity_per_pack) AS new_purchased
            FROM product_purchase_details
            GROUP BY product_id
        ) AS ppd
            ON piq.product_id = ppd.product_id

        LEFT JOIN tax AS tx
            ON piq.tax_id = tx.tax_id

        LEFT JOIN product_category AS pc
            ON piq.product_category = pc.product_category_id

        LEFT JOIN product_brand AS pb
            ON piq.product_brand = pb.brand_id

        LEFT JOIN product_group AS pg
            ON piq.product_group = pg.product_group_id

        -- LEFT JOIN product_unit AS pu
        --     ON piq.product_unit = pu.product_unit_id

        ORDER BY piq.product_id DESC')
 3 SYSTEMPATH\Database\BaseConnection.php(646): CodeIgniter\Database\BaseConnection->simpleQuery('SELECT
            piq.*,

            pc.category_name,
            pb.product_brand_name,
            pg.group_name,
            pu.unit_name,

            tx.tax_percentage,
            tx.tax_name,

            (piq.productinitial_quantity + IFNULL(ppd.new_purchased,0)) AS total_stock

        FROM product_inital_stock AS piq

        LEFT JOIN (
            SELECT
                product_id,
                SUM(quantity_per_pack) AS new_purchased
            FROM product_purchase_details
            GROUP BY product_id
        ) AS ppd
            ON piq.product_id = ppd.product_id

        LEFT JOIN tax AS tx
            ON piq.tax_id = tx.tax_id

        LEFT JOIN product_category AS pc
            ON piq.product_category = pc.product_category_id

        LEFT JOIN product_brand AS pb
            ON piq.product_brand = pb.brand_id

        LEFT JOIN product_group AS pg
            ON piq.product_group = pg.product_group_id

        -- LEFT JOIN product_unit AS pu
        --     ON piq.product_unit = pu.product_unit_id

        ORDER BY piq.product_id DESC')
 4 APPPATH\Controllers\Purchase.php(88): CodeIgniter\Database\BaseConnection->query('SELECT
            piq.*,

            pc.category_name,
            pb.product_brand_name,
            pg.group_name,
            pu.unit_name,

            tx.tax_percentage,
            tx.tax_name,

            (piq.productinitial_quantity + IFNULL(ppd.new_purchased,0)) AS total_stock

        FROM product_inital_stock AS piq

        LEFT JOIN (
            SELECT
                product_id,
                SUM(quantity_per_pack) AS new_purchased
            FROM product_purchase_details
            GROUP BY product_id
        ) AS ppd
            ON piq.product_id = ppd.product_id

        LEFT JOIN tax AS tx
            ON piq.tax_id = tx.tax_id

        LEFT JOIN product_category AS pc
            ON piq.product_category = pc.product_category_id

        LEFT JOIN product_brand AS pb
            ON piq.product_brand = pb.brand_id

        LEFT JOIN product_group AS pg
            ON piq.product_group = pg.product_group_id

        -- LEFT JOIN product_unit AS pu
        --     ON piq.product_unit = pu.product_unit_id

        ORDER BY piq.product_id DESC')
 5 SYSTEMPATH\CodeIgniter.php(933): App\Controllers\Purchase->index()
 6 SYSTEMPATH\CodeIgniter.php(507): CodeIgniter\CodeIgniter->runController(Object(App\Controllers\Purchase))
 7 SYSTEMPATH\CodeIgniter.php(354): CodeIgniter\CodeIgniter->handleRequest(null, Object(Config\Cache), false)
 8 SYSTEMPATH\Boot.php(363): CodeIgniter\CodeIgniter->run()
 9 SYSTEMPATH\Boot.php(68): CodeIgniter\Boot::runCodeIgniter(Object(CodeIgniter\CodeIgniter))
10 FCPATH\index.php(59): CodeIgniter\Boot::bootWeb(Object(Config\Paths))
DEBUG - 2026-07-04 05:19:55 --> Session: Class initialized using 'CodeIgniter\Session\Handlers\FileHandler' driver.
DEBUG - 2026-07-04 05:24:24 --> Session: Class initialized using 'CodeIgniter\Session\Handlers\FileHandler' driver.
DEBUG - 2026-07-04 05:26:27 --> Session: Class initialized using 'CodeIgniter\Session\Handlers\FileHandler' driver.
DEBUG - 2026-07-04 05:27:05 --> Session: Class initialized using 'CodeIgniter\Session\Handlers\FileHandler' driver.
DEBUG - 2026-07-04 05:37:39 --> Session: Class initialized using 'CodeIgniter\Session\Handlers\FileHandler' driver.
DEBUG - 2026-07-04 05:50:47 --> Session: Class initialized using 'CodeIgniter\Session\Handlers\FileHandler' driver.
DEBUG - 2026-07-04 05:56:06 --> Session: Class initialized using 'CodeIgniter\Session\Handlers\FileHandler' driver.
DEBUG - 2026-07-04 06:07:12 --> Session: Class initialized using 'CodeIgniter\Session\Handlers\FileHandler' driver.
DEBUG - 2026-07-04 06:28:50 --> Session: Class initialized using 'CodeIgniter\Session\Handlers\FileHandler' driver.
DEBUG - 2026-07-04 06:36:35 --> Session: Class initialized using 'CodeIgniter\Session\Handlers\FileHandler' driver.
DEBUG - 2026-07-04 07:10:43 --> Session: Class initialized using 'CodeIgniter\Session\Handlers\FileHandler' driver.
DEBUG - 2026-07-04 07:31:08 --> Session: Class initialized using 'CodeIgniter\Session\Handlers\FileHandler' driver.
CRITICAL - 2026-07-04 07:34:19 --> ErrorException: Undefined variable $avatar
[Method: POST, Route: initial-product-create]
in APPPATH\Controllers\Product.php on line 147.
 1 APPPATH\Controllers\Product.php(147): CodeIgniter\Debug\Exceptions->errorHandler(2, 'Undefined variable $avatar', 'C:\\laragon\\www\\pharmacy-project\\app\\Controllers\\Product.php', 147)
 2 SYSTEMPATH\CodeIgniter.php(933): App\Controllers\Product->create()
 3 SYSTEMPATH\CodeIgniter.php(507): CodeIgniter\CodeIgniter->runController(Object(App\Controllers\Product))
 4 SYSTEMPATH\CodeIgniter.php(354): CodeIgniter\CodeIgniter->handleRequest(null, Object(Config\Cache), false)
 5 SYSTEMPATH\Boot.php(363): CodeIgniter\CodeIgniter->run()
 6 SYSTEMPATH\Boot.php(68): CodeIgniter\Boot::runCodeIgniter(Object(CodeIgniter\CodeIgniter))
 7 FCPATH\index.php(59): CodeIgniter\Boot::bootWeb(Object(Config\Paths))
DEBUG - 2026-07-04 07:39:42 --> Session: Class initialized using 'CodeIgniter\Session\Handlers\FileHandler' driver.
DEBUG - 2026-07-04 07:41:29 --> Session: Class initialized using 'CodeIgniter\Session\Handlers\FileHandler' driver.
DEBUG - 2026-07-04 08:03:01 --> Session: Class initialized using 'CodeIgniter\Session\Handlers\FileHandler' driver.
DEBUG - 2026-07-04 08:05:15 --> Session: Class initialized using 'CodeIgniter\Session\Handlers\FileHandler' driver.
CRITICAL - 2026-07-04 08:06:28 --> ErrorException: Undefined variable $avatar
[Method: POST, Route: initial-product-create]
in APPPATH\Controllers\Product.php on line 149.
 1 APPPATH\Controllers\Product.php(149): CodeIgniter\Debug\Exceptions->errorHandler(2, 'Undefined variable $avatar', 'C:\\laragon\\www\\pharmacy-project\\app\\Controllers\\Product.php', 149)
 2 SYSTEMPATH\CodeIgniter.php(933): App\Controllers\Product->create()
 3 SYSTEMPATH\CodeIgniter.php(507): CodeIgniter\CodeIgniter->runController(Object(App\Controllers\Product))
 4 SYSTEMPATH\CodeIgniter.php(354): CodeIgniter\CodeIgniter->handleRequest(null, Object(Config\Cache), false)
 5 SYSTEMPATH\Boot.php(363): CodeIgniter\CodeIgniter->run()
 6 SYSTEMPATH\Boot.php(68): CodeIgniter\Boot::runCodeIgniter(Object(CodeIgniter\CodeIgniter))
 7 FCPATH\index.php(59): CodeIgniter\Boot::bootWeb(Object(Config\Paths))
DEBUG - 2026-07-04 08:08:41 --> Session: Class initialized using 'CodeIgniter\Session\Handlers\FileHandler' driver.
DEBUG - 2026-07-04 08:09:54 --> Session: Class initialized using 'CodeIgniter\Session\Handlers\FileHandler' driver.
ERROR - 2026-07-04 08:13:16 --> mysqli_sql_exception: Unknown column 'ps.strength' in 'on clause' in C:\laragon\www\pharmacy-project\system\Database\MySQLi\Connection.php:327
Stack trace:
#0 C:\laragon\www\pharmacy-project\system\Database\MySQLi\Connection.php(327): mysqli->query('SELECT\r\n       ...', 0)
#1 C:\laragon\www\pharmacy-project\system\Database\BaseConnection.php(729): CodeIgniter\Database\MySQLi\Connection->execute('SELECT\r\n       ...')
#2 C:\laragon\www\pharmacy-project\system\Database\BaseConnection.php(646): CodeIgniter\Database\BaseConnection->simpleQuery('SELECT\r\n       ...')
#3 C:\laragon\www\pharmacy-project\app\Controllers\Purchase.php(88): CodeIgniter\Database\BaseConnection->query('SELECT\r\n       ...')
#4 C:\laragon\www\pharmacy-project\system\CodeIgniter.php(933): App\Controllers\Purchase->index()
#5 C:\laragon\www\pharmacy-project\system\CodeIgniter.php(507): CodeIgniter\CodeIgniter->runController(Object(App\Controllers\Purchase))
#6 C:\laragon\www\pharmacy-project\system\CodeIgniter.php(354): CodeIgniter\CodeIgniter->handleRequest(NULL, Object(Config\Cache), false)
#7 C:\laragon\www\pharmacy-project\system\Boot.php(363): CodeIgniter\CodeIgniter->run()
#8 C:\laragon\www\pharmacy-project\system\Boot.php(68): CodeIgniter\Boot::runCodeIgniter(Object(CodeIgniter\CodeIgniter))
#9 C:\laragon\www\pharmacy-project\index.php(59): CodeIgniter\Boot::bootWeb(Object(Config\Paths))
#10 {main}
CRITICAL - 2026-07-04 08:13:16 --> CodeIgniter\Database\Exceptions\DatabaseException: Unknown column 'ps.strength' in 'on clause'
[Method: GET, Route: purchase]
in SYSTEMPATH\Database\BaseConnection.php on line 684.
 1 APPPATH\Controllers\Purchase.php(88): CodeIgniter\Database\BaseConnection->query('SELECT
            piq.*,

            pc.category_name,
            pb.product_brand_name,
            pg.group_name,
            -- pu.unit_name,

            tx.tax_percentage,
            tx.tax_name,

            (piq.productinitial_quantity + IFNULL(ppd.new_purchased,0)) AS total_stock

        FROM product_inital_stock AS piq

        LEFT JOIN (
            SELECT
                product_id,
                SUM(quantity_per_pack) AS new_purchased
            FROM product_purchase_details
            GROUP BY product_id
        ) AS ppd
            ON piq.product_id = ppd.product_id

        LEFT JOIN tax AS tx
            ON piq.tax_id = tx.tax_id

        LEFT JOIN product_category AS pc
            ON piq.product_category = pc.product_category_id

        LEFT JOIN product_brand AS pb
            ON piq.product_brand = pb.brand_id

        LEFT JOIN product_group AS pg
            ON piq.product_group = pg.product_group_id

         LEFT JOIN product_strength AS ps
             ON piq.product_strength = ps.strength

        ORDER BY piq.product_id DESC')
 2 SYSTEMPATH\CodeIgniter.php(933): App\Controllers\Purchase->index()
 3 SYSTEMPATH\CodeIgniter.php(507): CodeIgniter\CodeIgniter->runController(Object(App\Controllers\Purchase))
 4 SYSTEMPATH\CodeIgniter.php(354): CodeIgniter\CodeIgniter->handleRequest(null, Object(Config\Cache), false)
 5 SYSTEMPATH\Boot.php(363): CodeIgniter\CodeIgniter->run()
 6 SYSTEMPATH\Boot.php(68): CodeIgniter\Boot::runCodeIgniter(Object(CodeIgniter\CodeIgniter))
 7 FCPATH\index.php(59): CodeIgniter\Boot::bootWeb(Object(Config\Paths))
CRITICAL - 2026-07-04 08:13:16 --> [Caused by] CodeIgniter\Database\Exceptions\DatabaseException: Unknown column 'ps.strength' in 'on clause'
in SYSTEMPATH\Database\MySQLi\Connection.php on line 332.
 1 SYSTEMPATH\Database\BaseConnection.php(729): CodeIgniter\Database\MySQLi\Connection->execute('SELECT
            piq.*,

            pc.category_name,
            pb.product_brand_name,
            pg.group_name,
            -- pu.unit_name,

            tx.tax_percentage,
            tx.tax_name,

            (piq.productinitial_quantity + IFNULL(ppd.new_purchased,0)) AS total_stock

        FROM product_inital_stock AS piq

        LEFT JOIN (
            SELECT
                product_id,
                SUM(quantity_per_pack) AS new_purchased
            FROM product_purchase_details
            GROUP BY product_id
        ) AS ppd
            ON piq.product_id = ppd.product_id

        LEFT JOIN tax AS tx
            ON piq.tax_id = tx.tax_id

        LEFT JOIN product_category AS pc
            ON piq.product_category = pc.product_category_id

        LEFT JOIN product_brand AS pb
            ON piq.product_brand = pb.brand_id

        LEFT JOIN product_group AS pg
            ON piq.product_group = pg.product_group_id

         LEFT JOIN product_strength AS ps
             ON piq.product_strength = ps.strength

        ORDER BY piq.product_id DESC')
 2 SYSTEMPATH\Database\BaseConnection.php(646): CodeIgniter\Database\BaseConnection->simpleQuery('SELECT
            piq.*,

            pc.category_name,
            pb.product_brand_name,
            pg.group_name,
            -- pu.unit_name,

            tx.tax_percentage,
            tx.tax_name,

            (piq.productinitial_quantity + IFNULL(ppd.new_purchased,0)) AS total_stock

        FROM product_inital_stock AS piq

        LEFT JOIN (
            SELECT
                product_id,
                SUM(quantity_per_pack) AS new_purchased
            FROM product_purchase_details
            GROUP BY product_id
        ) AS ppd
            ON piq.product_id = ppd.product_id

        LEFT JOIN tax AS tx
            ON piq.tax_id = tx.tax_id

        LEFT JOIN product_category AS pc
            ON piq.product_category = pc.product_category_id

        LEFT JOIN product_brand AS pb
            ON piq.product_brand = pb.brand_id

        LEFT JOIN product_group AS pg
            ON piq.product_group = pg.product_group_id

         LEFT JOIN product_strength AS ps
             ON piq.product_strength = ps.strength

        ORDER BY piq.product_id DESC')
 3 APPPATH\Controllers\Purchase.php(88): CodeIgniter\Database\BaseConnection->query('SELECT
            piq.*,

            pc.category_name,
            pb.product_brand_name,
            pg.group_name,
            -- pu.unit_name,

            tx.tax_percentage,
            tx.tax_name,

            (piq.productinitial_quantity + IFNULL(ppd.new_purchased,0)) AS total_stock

        FROM product_inital_stock AS piq

        LEFT JOIN (
            SELECT
                product_id,
                SUM(quantity_per_pack) AS new_purchased
            FROM product_purchase_details
            GROUP BY product_id
        ) AS ppd
            ON piq.product_id = ppd.product_id

        LEFT JOIN tax AS tx
            ON piq.tax_id = tx.tax_id

        LEFT JOIN product_category AS pc
            ON piq.product_category = pc.product_category_id

        LEFT JOIN product_brand AS pb
            ON piq.product_brand = pb.brand_id

        LEFT JOIN product_group AS pg
            ON piq.product_group = pg.product_group_id

         LEFT JOIN product_strength AS ps
             ON piq.product_strength = ps.strength

        ORDER BY piq.product_id DESC')
 4 SYSTEMPATH\CodeIgniter.php(933): App\Controllers\Purchase->index()
 5 SYSTEMPATH\CodeIgniter.php(507): CodeIgniter\CodeIgniter->runController(Object(App\Controllers\Purchase))
 6 SYSTEMPATH\CodeIgniter.php(354): CodeIgniter\CodeIgniter->handleRequest(null, Object(Config\Cache), false)
 7 SYSTEMPATH\Boot.php(363): CodeIgniter\CodeIgniter->run()
 8 SYSTEMPATH\Boot.php(68): CodeIgniter\Boot::runCodeIgniter(Object(CodeIgniter\CodeIgniter))
 9 FCPATH\index.php(59): CodeIgniter\Boot::bootWeb(Object(Config\Paths))
CRITICAL - 2026-07-04 08:13:16 --> [Caused by] mysqli_sql_exception: Unknown column 'ps.strength' in 'on clause'
in SYSTEMPATH\Database\MySQLi\Connection.php on line 327.
 1 SYSTEMPATH\Database\MySQLi\Connection.php(327): mysqli->query('SELECT
            piq.*,

            pc.category_name,
            pb.product_brand_name,
            pg.group_name,
            -- pu.unit_name,

            tx.tax_percentage,
            tx.tax_name,

            (piq.productinitial_quantity + IFNULL(ppd.new_purchased,0)) AS total_stock

        FROM product_inital_stock AS piq

        LEFT JOIN (
            SELECT
                product_id,
                SUM(quantity_per_pack) AS new_purchased
            FROM product_purchase_details
            GROUP BY product_id
        ) AS ppd
            ON piq.product_id = ppd.product_id

        LEFT JOIN tax AS tx
            ON piq.tax_id = tx.tax_id

        LEFT JOIN product_category AS pc
            ON piq.product_category = pc.product_category_id

        LEFT JOIN product_brand AS pb
            ON piq.product_brand = pb.brand_id

        LEFT JOIN product_group AS pg
            ON piq.product_group = pg.product_group_id

         LEFT JOIN product_strength AS ps
             ON piq.product_strength = ps.strength

        ORDER BY piq.product_id DESC', 0)
 2 SYSTEMPATH\Database\BaseConnection.php(729): CodeIgniter\Database\MySQLi\Connection->execute('SELECT
            piq.*,

            pc.category_name,
            pb.product_brand_name,
            pg.group_name,
            -- pu.unit_name,

            tx.tax_percentage,
            tx.tax_name,

            (piq.productinitial_quantity + IFNULL(ppd.new_purchased,0)) AS total_stock

        FROM product_inital_stock AS piq

        LEFT JOIN (
            SELECT
                product_id,
                SUM(quantity_per_pack) AS new_purchased
            FROM product_purchase_details
            GROUP BY product_id
        ) AS ppd
            ON piq.product_id = ppd.product_id

        LEFT JOIN tax AS tx
            ON piq.tax_id = tx.tax_id

        LEFT JOIN product_category AS pc
            ON piq.product_category = pc.product_category_id

        LEFT JOIN product_brand AS pb
            ON piq.product_brand = pb.brand_id

        LEFT JOIN product_group AS pg
            ON piq.product_group = pg.product_group_id

         LEFT JOIN product_strength AS ps
             ON piq.product_strength = ps.strength

        ORDER BY piq.product_id DESC')
 3 SYSTEMPATH\Database\BaseConnection.php(646): CodeIgniter\Database\BaseConnection->simpleQuery('SELECT
            piq.*,

            pc.category_name,
            pb.product_brand_name,
            pg.group_name,
            -- pu.unit_name,

            tx.tax_percentage,
            tx.tax_name,

            (piq.productinitial_quantity + IFNULL(ppd.new_purchased,0)) AS total_stock

        FROM product_inital_stock AS piq

        LEFT JOIN (
            SELECT
                product_id,
                SUM(quantity_per_pack) AS new_purchased
            FROM product_purchase_details
            GROUP BY product_id
        ) AS ppd
            ON piq.product_id = ppd.product_id

        LEFT JOIN tax AS tx
            ON piq.tax_id = tx.tax_id

        LEFT JOIN product_category AS pc
            ON piq.product_category = pc.product_category_id

        LEFT JOIN product_brand AS pb
            ON piq.product_brand = pb.brand_id

        LEFT JOIN product_group AS pg
            ON piq.product_group = pg.product_group_id

         LEFT JOIN product_strength AS ps
             ON piq.product_strength = ps.strength

        ORDER BY piq.product_id DESC')
 4 APPPATH\Controllers\Purchase.php(88): CodeIgniter\Database\BaseConnection->query('SELECT
            piq.*,

            pc.category_name,
            pb.product_brand_name,
            pg.group_name,
            -- pu.unit_name,

            tx.tax_percentage,
            tx.tax_name,

            (piq.productinitial_quantity + IFNULL(ppd.new_purchased,0)) AS total_stock

        FROM product_inital_stock AS piq

        LEFT JOIN (
            SELECT
                product_id,
                SUM(quantity_per_pack) AS new_purchased
            FROM product_purchase_details
            GROUP BY product_id
        ) AS ppd
            ON piq.product_id = ppd.product_id

        LEFT JOIN tax AS tx
            ON piq.tax_id = tx.tax_id

        LEFT JOIN product_category AS pc
            ON piq.product_category = pc.product_category_id

        LEFT JOIN product_brand AS pb
            ON piq.product_brand = pb.brand_id

        LEFT JOIN product_group AS pg
            ON piq.product_group = pg.product_group_id

         LEFT JOIN product_strength AS ps
             ON piq.product_strength = ps.strength

        ORDER BY piq.product_id DESC')
 5 SYSTEMPATH\CodeIgniter.php(933): App\Controllers\Purchase->index()
 6 SYSTEMPATH\CodeIgniter.php(507): CodeIgniter\CodeIgniter->runController(Object(App\Controllers\Purchase))
 7 SYSTEMPATH\CodeIgniter.php(354): CodeIgniter\CodeIgniter->handleRequest(null, Object(Config\Cache), false)
 8 SYSTEMPATH\Boot.php(363): CodeIgniter\CodeIgniter->run()
 9 SYSTEMPATH\Boot.php(68): CodeIgniter\Boot::runCodeIgniter(Object(CodeIgniter\CodeIgniter))
10 FCPATH\index.php(59): CodeIgniter\Boot::bootWeb(Object(Config\Paths))
CRITICAL - 2026-07-04 08:13:45 --> ErrorException: Undefined array key "strength_name"
[Method: GET, Route: purchase]
in APPPATH\Views\purchase\purchase_add.php on line 14.
 1 APPPATH\Views\purchase\purchase_add.php(14): CodeIgniter\Debug\Exceptions->errorHandler(2, 'Undefined array key "strength_name"', 'C:\\laragon\\www\\pharmacy-project\\app\\Views\\purchase\\purchase_add.php', 14)
 2 SYSTEMPATH\View\View.php(226): include('C:\\laragon\\www\\pharmacy-project\\app\\Views\\purchase\\purchase_add.php')
 3 SYSTEMPATH\View\View.php(229): CodeIgniter\View\View->CodeIgniter\View\{closure}()
 4 SYSTEMPATH\Common.php(1167): CodeIgniter\View\View->render('purchase/purchase_add', [], true)
 5 APPPATH\Controllers\Purchase.php(96): view('purchase/purchase_add', [...])
 6 SYSTEMPATH\CodeIgniter.php(933): App\Controllers\Purchase->index()
 7 SYSTEMPATH\CodeIgniter.php(507): CodeIgniter\CodeIgniter->runController(Object(App\Controllers\Purchase))
 8 SYSTEMPATH\CodeIgniter.php(354): CodeIgniter\CodeIgniter->handleRequest(null, Object(Config\Cache), false)
 9 SYSTEMPATH\Boot.php(363): CodeIgniter\CodeIgniter->run()
10 SYSTEMPATH\Boot.php(68): CodeIgniter\Boot::runCodeIgniter(Object(CodeIgniter\CodeIgniter))
11 FCPATH\index.php(59): CodeIgniter\Boot::bootWeb(Object(Config\Paths))
DEBUG - 2026-07-04 08:14:44 --> Session: Class initialized using 'CodeIgniter\Session\Handlers\FileHandler' driver.
DEBUG - 2026-07-04 08:15:11 --> Session: Class initialized using 'CodeIgniter\Session\Handlers\FileHandler' driver.
