DEBUG - 2026-07-10 08:20:39 --> Session: Class initialized using 'CodeIgniter\Session\Handlers\FileHandler' driver.
DEBUG - 2026-07-10 08:20:48 --> Session: Class initialized using 'CodeIgniter\Session\Handlers\FileHandler' driver.
DEBUG - 2026-07-10 08:20:48 --> Session: Class initialized using 'CodeIgniter\Session\Handlers\FileHandler' driver.
DEBUG - 2026-07-10 08:20:58 --> Session: Class initialized using 'CodeIgniter\Session\Handlers\FileHandler' driver.
DEBUG - 2026-07-10 08:51:48 --> Session: Class initialized using 'CodeIgniter\Session\Handlers\FileHandler' driver.
DEBUG - 2026-07-10 09:31:04 --> Session: Class initialized using 'CodeIgniter\Session\Handlers\FileHandler' driver.
DEBUG - 2026-07-10 09:32:04 --> Session: Class initialized using 'CodeIgniter\Session\Handlers\FileHandler' driver.
DEBUG - 2026-07-10 09:35:21 --> Session: Class initialized using 'CodeIgniter\Session\Handlers\FileHandler' driver.
DEBUG - 2026-07-10 09:42:13 --> Session: Class initialized using 'CodeIgniter\Session\Handlers\FileHandler' driver.
DEBUG - 2026-07-10 09:50:16 --> Session: Class initialized using 'CodeIgniter\Session\Handlers\FileHandler' driver.
DEBUG - 2026-07-10 10:00:43 --> Session: Class initialized using 'CodeIgniter\Session\Handlers\FileHandler' driver.
DEBUG - 2026-07-10 10:03:08 --> Session: Class initialized using 'CodeIgniter\Session\Handlers\FileHandler' driver.
DEBUG - 2026-07-10 10:07:58 --> Session: Class initialized using 'CodeIgniter\Session\Handlers\FileHandler' driver.
ERROR - 2026-07-10 10:20:06 --> mysqli_sql_exception: Unknown column 'sales.discount_on_all' in 'field list' in C:\laragon\www\pharmacy-project\system\Database\MySQLi\Connection.php:327
Stack trace:
#0 C:\laragon\www\pharmacy-project\system\Database\MySQLi\Connection.php(327): mysqli->query('SELECT\r\n       ...', 0)
#1 C:\laragon\www\pharmacy-project\system\Database\BaseConnection.php(729): CodeIgniter\Database\MySQLi\Connection->execute('SELECT\r\n       ...')
#2 C:\laragon\www\pharmacy-project\system\Database\BaseConnection.php(646): CodeIgniter\Database\BaseConnection->simpleQuery('SELECT\r\n       ...')
#3 C:\laragon\www\pharmacy-project\app\Controllers\pos.php(58): CodeIgniter\Database\BaseConnection->query('SELECT\r\n       ...')
#4 C:\laragon\www\pharmacy-project\system\CodeIgniter.php(933): App\Controllers\Pos->index()
#5 C:\laragon\www\pharmacy-project\system\CodeIgniter.php(507): CodeIgniter\CodeIgniter->runController(Object(App\Controllers\Pos))
#6 C:\laragon\www\pharmacy-project\system\CodeIgniter.php(354): CodeIgniter\CodeIgniter->handleRequest(NULL, Object(Config\Cache), false)
#7 C:\laragon\www\pharmacy-project\system\Boot.php(363): CodeIgniter\CodeIgniter->run()
#8 C:\laragon\www\pharmacy-project\system\Boot.php(68): CodeIgniter\Boot::runCodeIgniter(Object(CodeIgniter\CodeIgniter))
#9 C:\laragon\www\pharmacy-project\index.php(59): CodeIgniter\Boot::bootWeb(Object(Config\Paths))
#10 {main}
CRITICAL - 2026-07-10 10:20:06 --> CodeIgniter\Database\Exceptions\DatabaseException: Unknown column 'sales.discount_on_all' in 'field list'
[Method: GET, Route: pos]
in SYSTEMPATH\Database\BaseConnection.php on line 684.
 1 APPPATH\Controllers\pos.php(58): CodeIgniter\Database\BaseConnection->query('SELECT
                    sales.sales_id,
                    sales.sales_invoice,
                    sales.sales_date,
                    sales.discount_on_all,
                    sales.other_charge_on_all,
                    SUM(sales_details.product_quantity_sold) AS Sale_Quantity,
                    SUM(sales_details.total_sale_price) AS Total_Sale_Value,
                    SUM(sales_details.unit_price) AS Unite_Price
                FROM sales
                LEFT JOIN sales_details
                    ON sales.sales_invoice = sales_details.sales_details_invoice
                GROUP BY sales.sales_id, sales.sales_invoice, sales.sales_date, sales.discount_on_all, sales.other_charge_on_all
                ORDER BY sales_id DESC
                LIMIT 5')
 2 SYSTEMPATH\CodeIgniter.php(933): App\Controllers\Pos->index()
 3 SYSTEMPATH\CodeIgniter.php(507): CodeIgniter\CodeIgniter->runController(Object(App\Controllers\Pos))
 4 SYSTEMPATH\CodeIgniter.php(354): CodeIgniter\CodeIgniter->handleRequest(null, Object(Config\Cache), false)
 5 SYSTEMPATH\Boot.php(363): CodeIgniter\CodeIgniter->run()
 6 SYSTEMPATH\Boot.php(68): CodeIgniter\Boot::runCodeIgniter(Object(CodeIgniter\CodeIgniter))
 7 FCPATH\index.php(59): CodeIgniter\Boot::bootWeb(Object(Config\Paths))
CRITICAL - 2026-07-10 10:20:06 --> [Caused by] CodeIgniter\Database\Exceptions\DatabaseException: Unknown column 'sales.discount_on_all' in 'field list'
in SYSTEMPATH\Database\MySQLi\Connection.php on line 332.
 1 SYSTEMPATH\Database\BaseConnection.php(729): CodeIgniter\Database\MySQLi\Connection->execute('SELECT
                    sales.sales_id,
                    sales.sales_invoice,
                    sales.sales_date,
                    sales.discount_on_all,
                    sales.other_charge_on_all,
                    SUM(sales_details.product_quantity_sold) AS Sale_Quantity,
                    SUM(sales_details.total_sale_price) AS Total_Sale_Value,
                    SUM(sales_details.unit_price) AS Unite_Price
                FROM sales
                LEFT JOIN sales_details
                    ON sales.sales_invoice = sales_details.sales_details_invoice
                GROUP BY sales.sales_id, sales.sales_invoice, sales.sales_date, sales.discount_on_all, sales.other_charge_on_all
                ORDER BY sales_id DESC
                LIMIT 5')
 2 SYSTEMPATH\Database\BaseConnection.php(646): CodeIgniter\Database\BaseConnection->simpleQuery('SELECT
                    sales.sales_id,
                    sales.sales_invoice,
                    sales.sales_date,
                    sales.discount_on_all,
                    sales.other_charge_on_all,
                    SUM(sales_details.product_quantity_sold) AS Sale_Quantity,
                    SUM(sales_details.total_sale_price) AS Total_Sale_Value,
                    SUM(sales_details.unit_price) AS Unite_Price
                FROM sales
                LEFT JOIN sales_details
                    ON sales.sales_invoice = sales_details.sales_details_invoice
                GROUP BY sales.sales_id, sales.sales_invoice, sales.sales_date, sales.discount_on_all, sales.other_charge_on_all
                ORDER BY sales_id DESC
                LIMIT 5')
 3 APPPATH\Controllers\pos.php(58): CodeIgniter\Database\BaseConnection->query('SELECT
                    sales.sales_id,
                    sales.sales_invoice,
                    sales.sales_date,
                    sales.discount_on_all,
                    sales.other_charge_on_all,
                    SUM(sales_details.product_quantity_sold) AS Sale_Quantity,
                    SUM(sales_details.total_sale_price) AS Total_Sale_Value,
                    SUM(sales_details.unit_price) AS Unite_Price
                FROM sales
                LEFT JOIN sales_details
                    ON sales.sales_invoice = sales_details.sales_details_invoice
                GROUP BY sales.sales_id, sales.sales_invoice, sales.sales_date, sales.discount_on_all, sales.other_charge_on_all
                ORDER BY sales_id DESC
                LIMIT 5')
 4 SYSTEMPATH\CodeIgniter.php(933): App\Controllers\Pos->index()
 5 SYSTEMPATH\CodeIgniter.php(507): CodeIgniter\CodeIgniter->runController(Object(App\Controllers\Pos))
 6 SYSTEMPATH\CodeIgniter.php(354): CodeIgniter\CodeIgniter->handleRequest(null, Object(Config\Cache), false)
 7 SYSTEMPATH\Boot.php(363): CodeIgniter\CodeIgniter->run()
 8 SYSTEMPATH\Boot.php(68): CodeIgniter\Boot::runCodeIgniter(Object(CodeIgniter\CodeIgniter))
 9 FCPATH\index.php(59): CodeIgniter\Boot::bootWeb(Object(Config\Paths))
CRITICAL - 2026-07-10 10:20:06 --> [Caused by] mysqli_sql_exception: Unknown column 'sales.discount_on_all' in 'field list'
in SYSTEMPATH\Database\MySQLi\Connection.php on line 327.
 1 SYSTEMPATH\Database\MySQLi\Connection.php(327): mysqli->query('SELECT
                    sales.sales_id,
                    sales.sales_invoice,
                    sales.sales_date,
                    sales.discount_on_all,
                    sales.other_charge_on_all,
                    SUM(sales_details.product_quantity_sold) AS Sale_Quantity,
                    SUM(sales_details.total_sale_price) AS Total_Sale_Value,
                    SUM(sales_details.unit_price) AS Unite_Price
                FROM sales
                LEFT JOIN sales_details
                    ON sales.sales_invoice = sales_details.sales_details_invoice
                GROUP BY sales.sales_id, sales.sales_invoice, sales.sales_date, sales.discount_on_all, sales.other_charge_on_all
                ORDER BY sales_id DESC
                LIMIT 5', 0)
 2 SYSTEMPATH\Database\BaseConnection.php(729): CodeIgniter\Database\MySQLi\Connection->execute('SELECT
                    sales.sales_id,
                    sales.sales_invoice,
                    sales.sales_date,
                    sales.discount_on_all,
                    sales.other_charge_on_all,
                    SUM(sales_details.product_quantity_sold) AS Sale_Quantity,
                    SUM(sales_details.total_sale_price) AS Total_Sale_Value,
                    SUM(sales_details.unit_price) AS Unite_Price
                FROM sales
                LEFT JOIN sales_details
                    ON sales.sales_invoice = sales_details.sales_details_invoice
                GROUP BY sales.sales_id, sales.sales_invoice, sales.sales_date, sales.discount_on_all, sales.other_charge_on_all
                ORDER BY sales_id DESC
                LIMIT 5')
 3 SYSTEMPATH\Database\BaseConnection.php(646): CodeIgniter\Database\BaseConnection->simpleQuery('SELECT
                    sales.sales_id,
                    sales.sales_invoice,
                    sales.sales_date,
                    sales.discount_on_all,
                    sales.other_charge_on_all,
                    SUM(sales_details.product_quantity_sold) AS Sale_Quantity,
                    SUM(sales_details.total_sale_price) AS Total_Sale_Value,
                    SUM(sales_details.unit_price) AS Unite_Price
                FROM sales
                LEFT JOIN sales_details
                    ON sales.sales_invoice = sales_details.sales_details_invoice
                GROUP BY sales.sales_id, sales.sales_invoice, sales.sales_date, sales.discount_on_all, sales.other_charge_on_all
                ORDER BY sales_id DESC
                LIMIT 5')
 4 APPPATH\Controllers\pos.php(58): CodeIgniter\Database\BaseConnection->query('SELECT
                    sales.sales_id,
                    sales.sales_invoice,
                    sales.sales_date,
                    sales.discount_on_all,
                    sales.other_charge_on_all,
                    SUM(sales_details.product_quantity_sold) AS Sale_Quantity,
                    SUM(sales_details.total_sale_price) AS Total_Sale_Value,
                    SUM(sales_details.unit_price) AS Unite_Price
                FROM sales
                LEFT JOIN sales_details
                    ON sales.sales_invoice = sales_details.sales_details_invoice
                GROUP BY sales.sales_id, sales.sales_invoice, sales.sales_date, sales.discount_on_all, sales.other_charge_on_all
                ORDER BY sales_id DESC
                LIMIT 5')
 5 SYSTEMPATH\CodeIgniter.php(933): App\Controllers\Pos->index()
 6 SYSTEMPATH\CodeIgniter.php(507): CodeIgniter\CodeIgniter->runController(Object(App\Controllers\Pos))
 7 SYSTEMPATH\CodeIgniter.php(354): CodeIgniter\CodeIgniter->handleRequest(null, Object(Config\Cache), false)
 8 SYSTEMPATH\Boot.php(363): CodeIgniter\CodeIgniter->run()
 9 SYSTEMPATH\Boot.php(68): CodeIgniter\Boot::runCodeIgniter(Object(CodeIgniter\CodeIgniter))
10 FCPATH\index.php(59): CodeIgniter\Boot::bootWeb(Object(Config\Paths))
ERROR - 2026-07-10 10:22:18 --> mysqli_sql_exception: Unknown column 'sales.discount_on_all' in 'field list' in C:\laragon\www\pharmacy-project\system\Database\MySQLi\Connection.php:327
Stack trace:
#0 C:\laragon\www\pharmacy-project\system\Database\MySQLi\Connection.php(327): mysqli->query('SELECT\r\n       ...', 0)
#1 C:\laragon\www\pharmacy-project\system\Database\BaseConnection.php(729): CodeIgniter\Database\MySQLi\Connection->execute('SELECT\r\n       ...')
#2 C:\laragon\www\pharmacy-project\system\Database\BaseConnection.php(646): CodeIgniter\Database\BaseConnection->simpleQuery('SELECT\r\n       ...')
#3 C:\laragon\www\pharmacy-project\app\Controllers\pos.php(58): CodeIgniter\Database\BaseConnection->query('SELECT\r\n       ...')
#4 C:\laragon\www\pharmacy-project\system\CodeIgniter.php(933): App\Controllers\Pos->index()
#5 C:\laragon\www\pharmacy-project\system\CodeIgniter.php(507): CodeIgniter\CodeIgniter->runController(Object(App\Controllers\Pos))
#6 C:\laragon\www\pharmacy-project\system\CodeIgniter.php(354): CodeIgniter\CodeIgniter->handleRequest(NULL, Object(Config\Cache), false)
#7 C:\laragon\www\pharmacy-project\system\Boot.php(363): CodeIgniter\CodeIgniter->run()
#8 C:\laragon\www\pharmacy-project\system\Boot.php(68): CodeIgniter\Boot::runCodeIgniter(Object(CodeIgniter\CodeIgniter))
#9 C:\laragon\www\pharmacy-project\index.php(59): CodeIgniter\Boot::bootWeb(Object(Config\Paths))
#10 {main}
CRITICAL - 2026-07-10 10:22:18 --> CodeIgniter\Database\Exceptions\DatabaseException: Unknown column 'sales.discount_on_all' in 'field list'
[Method: GET, Route: pos]
in SYSTEMPATH\Database\BaseConnection.php on line 684.
 1 APPPATH\Controllers\pos.php(58): CodeIgniter\Database\BaseConnection->query('SELECT
                    sales.sales_id,
                    sales.sales_invoice,
                    sales.sales_date,
                    --sales.discount_on_all,
                    sales.other_charge_on_all,
                    SUM(sales_details.product_quantity_sold) AS Sale_Quantity,
                    SUM(sales_details.total_sale_price) AS Total_Sale_Value,
                    SUM(sales_details.unit_price) AS Unite_Price
                FROM sales
                LEFT JOIN sales_details
                    ON sales.sales_invoice = sales_details.sales_details_invoice
                GROUP BY sales.sales_id, sales.sales_invoice, sales.sales_date, sales.discount_on_all, sales.other_charge_on_all
                ORDER BY sales_id DESC
                LIMIT 5')
 2 SYSTEMPATH\CodeIgniter.php(933): App\Controllers\Pos->index()
 3 SYSTEMPATH\CodeIgniter.php(507): CodeIgniter\CodeIgniter->runController(Object(App\Controllers\Pos))
 4 SYSTEMPATH\CodeIgniter.php(354): CodeIgniter\CodeIgniter->handleRequest(null, Object(Config\Cache), false)
 5 SYSTEMPATH\Boot.php(363): CodeIgniter\CodeIgniter->run()
 6 SYSTEMPATH\Boot.php(68): CodeIgniter\Boot::runCodeIgniter(Object(CodeIgniter\CodeIgniter))
 7 FCPATH\index.php(59): CodeIgniter\Boot::bootWeb(Object(Config\Paths))
CRITICAL - 2026-07-10 10:22:18 --> [Caused by] CodeIgniter\Database\Exceptions\DatabaseException: Unknown column 'sales.discount_on_all' in 'field list'
in SYSTEMPATH\Database\MySQLi\Connection.php on line 332.
 1 SYSTEMPATH\Database\BaseConnection.php(729): CodeIgniter\Database\MySQLi\Connection->execute('SELECT
                    sales.sales_id,
                    sales.sales_invoice,
                    sales.sales_date,
                    --sales.discount_on_all,
                    sales.other_charge_on_all,
                    SUM(sales_details.product_quantity_sold) AS Sale_Quantity,
                    SUM(sales_details.total_sale_price) AS Total_Sale_Value,
                    SUM(sales_details.unit_price) AS Unite_Price
                FROM sales
                LEFT JOIN sales_details
                    ON sales.sales_invoice = sales_details.sales_details_invoice
                GROUP BY sales.sales_id, sales.sales_invoice, sales.sales_date, sales.discount_on_all, sales.other_charge_on_all
                ORDER BY sales_id DESC
                LIMIT 5')
 2 SYSTEMPATH\Database\BaseConnection.php(646): CodeIgniter\Database\BaseConnection->simpleQuery('SELECT
                    sales.sales_id,
                    sales.sales_invoice,
                    sales.sales_date,
                    --sales.discount_on_all,
                    sales.other_charge_on_all,
                    SUM(sales_details.product_quantity_sold) AS Sale_Quantity,
                    SUM(sales_details.total_sale_price) AS Total_Sale_Value,
                    SUM(sales_details.unit_price) AS Unite_Price
                FROM sales
                LEFT JOIN sales_details
                    ON sales.sales_invoice = sales_details.sales_details_invoice
                GROUP BY sales.sales_id, sales.sales_invoice, sales.sales_date, sales.discount_on_all, sales.other_charge_on_all
                ORDER BY sales_id DESC
                LIMIT 5')
 3 APPPATH\Controllers\pos.php(58): CodeIgniter\Database\BaseConnection->query('SELECT
                    sales.sales_id,
                    sales.sales_invoice,
                    sales.sales_date,
                    --sales.discount_on_all,
                    sales.other_charge_on_all,
                    SUM(sales_details.product_quantity_sold) AS Sale_Quantity,
                    SUM(sales_details.total_sale_price) AS Total_Sale_Value,
                    SUM(sales_details.unit_price) AS Unite_Price
                FROM sales
                LEFT JOIN sales_details
                    ON sales.sales_invoice = sales_details.sales_details_invoice
                GROUP BY sales.sales_id, sales.sales_invoice, sales.sales_date, sales.discount_on_all, sales.other_charge_on_all
                ORDER BY sales_id DESC
                LIMIT 5')
 4 SYSTEMPATH\CodeIgniter.php(933): App\Controllers\Pos->index()
 5 SYSTEMPATH\CodeIgniter.php(507): CodeIgniter\CodeIgniter->runController(Object(App\Controllers\Pos))
 6 SYSTEMPATH\CodeIgniter.php(354): CodeIgniter\CodeIgniter->handleRequest(null, Object(Config\Cache), false)
 7 SYSTEMPATH\Boot.php(363): CodeIgniter\CodeIgniter->run()
 8 SYSTEMPATH\Boot.php(68): CodeIgniter\Boot::runCodeIgniter(Object(CodeIgniter\CodeIgniter))
 9 FCPATH\index.php(59): CodeIgniter\Boot::bootWeb(Object(Config\Paths))
CRITICAL - 2026-07-10 10:22:18 --> [Caused by] mysqli_sql_exception: Unknown column 'sales.discount_on_all' in 'field list'
in SYSTEMPATH\Database\MySQLi\Connection.php on line 327.
 1 SYSTEMPATH\Database\MySQLi\Connection.php(327): mysqli->query('SELECT
                    sales.sales_id,
                    sales.sales_invoice,
                    sales.sales_date,
                    --sales.discount_on_all,
                    sales.other_charge_on_all,
                    SUM(sales_details.product_quantity_sold) AS Sale_Quantity,
                    SUM(sales_details.total_sale_price) AS Total_Sale_Value,
                    SUM(sales_details.unit_price) AS Unite_Price
                FROM sales
                LEFT JOIN sales_details
                    ON sales.sales_invoice = sales_details.sales_details_invoice
                GROUP BY sales.sales_id, sales.sales_invoice, sales.sales_date, sales.discount_on_all, sales.other_charge_on_all
                ORDER BY sales_id DESC
                LIMIT 5', 0)
 2 SYSTEMPATH\Database\BaseConnection.php(729): CodeIgniter\Database\MySQLi\Connection->execute('SELECT
                    sales.sales_id,
                    sales.sales_invoice,
                    sales.sales_date,
                    --sales.discount_on_all,
                    sales.other_charge_on_all,
                    SUM(sales_details.product_quantity_sold) AS Sale_Quantity,
                    SUM(sales_details.total_sale_price) AS Total_Sale_Value,
                    SUM(sales_details.unit_price) AS Unite_Price
                FROM sales
                LEFT JOIN sales_details
                    ON sales.sales_invoice = sales_details.sales_details_invoice
                GROUP BY sales.sales_id, sales.sales_invoice, sales.sales_date, sales.discount_on_all, sales.other_charge_on_all
                ORDER BY sales_id DESC
                LIMIT 5')
 3 SYSTEMPATH\Database\BaseConnection.php(646): CodeIgniter\Database\BaseConnection->simpleQuery('SELECT
                    sales.sales_id,
                    sales.sales_invoice,
                    sales.sales_date,
                    --sales.discount_on_all,
                    sales.other_charge_on_all,
                    SUM(sales_details.product_quantity_sold) AS Sale_Quantity,
                    SUM(sales_details.total_sale_price) AS Total_Sale_Value,
                    SUM(sales_details.unit_price) AS Unite_Price
                FROM sales
                LEFT JOIN sales_details
                    ON sales.sales_invoice = sales_details.sales_details_invoice
                GROUP BY sales.sales_id, sales.sales_invoice, sales.sales_date, sales.discount_on_all, sales.other_charge_on_all
                ORDER BY sales_id DESC
                LIMIT 5')
 4 APPPATH\Controllers\pos.php(58): CodeIgniter\Database\BaseConnection->query('SELECT
                    sales.sales_id,
                    sales.sales_invoice,
                    sales.sales_date,
                    --sales.discount_on_all,
                    sales.other_charge_on_all,
                    SUM(sales_details.product_quantity_sold) AS Sale_Quantity,
                    SUM(sales_details.total_sale_price) AS Total_Sale_Value,
                    SUM(sales_details.unit_price) AS Unite_Price
                FROM sales
                LEFT JOIN sales_details
                    ON sales.sales_invoice = sales_details.sales_details_invoice
                GROUP BY sales.sales_id, sales.sales_invoice, sales.sales_date, sales.discount_on_all, sales.other_charge_on_all
                ORDER BY sales_id DESC
                LIMIT 5')
 5 SYSTEMPATH\CodeIgniter.php(933): App\Controllers\Pos->index()
 6 SYSTEMPATH\CodeIgniter.php(507): CodeIgniter\CodeIgniter->runController(Object(App\Controllers\Pos))
 7 SYSTEMPATH\CodeIgniter.php(354): CodeIgniter\CodeIgniter->handleRequest(null, Object(Config\Cache), false)
 8 SYSTEMPATH\Boot.php(363): CodeIgniter\CodeIgniter->run()
 9 SYSTEMPATH\Boot.php(68): CodeIgniter\Boot::runCodeIgniter(Object(CodeIgniter\CodeIgniter))
10 FCPATH\index.php(59): CodeIgniter\Boot::bootWeb(Object(Config\Paths))
ERROR - 2026-07-10 10:22:24 --> mysqli_sql_exception: Unknown column 'sales.discount_on_all' in 'field list' in C:\laragon\www\pharmacy-project\system\Database\MySQLi\Connection.php:327
Stack trace:
#0 C:\laragon\www\pharmacy-project\system\Database\MySQLi\Connection.php(327): mysqli->query('SELECT\r\n       ...', 0)
#1 C:\laragon\www\pharmacy-project\system\Database\BaseConnection.php(729): CodeIgniter\Database\MySQLi\Connection->execute('SELECT\r\n       ...')
#2 C:\laragon\www\pharmacy-project\system\Database\BaseConnection.php(646): CodeIgniter\Database\BaseConnection->simpleQuery('SELECT\r\n       ...')
#3 C:\laragon\www\pharmacy-project\app\Controllers\pos.php(58): CodeIgniter\Database\BaseConnection->query('SELECT\r\n       ...')
#4 C:\laragon\www\pharmacy-project\system\CodeIgniter.php(933): App\Controllers\Pos->index()
#5 C:\laragon\www\pharmacy-project\system\CodeIgniter.php(507): CodeIgniter\CodeIgniter->runController(Object(App\Controllers\Pos))
#6 C:\laragon\www\pharmacy-project\system\CodeIgniter.php(354): CodeIgniter\CodeIgniter->handleRequest(NULL, Object(Config\Cache), false)
#7 C:\laragon\www\pharmacy-project\system\Boot.php(363): CodeIgniter\CodeIgniter->run()
#8 C:\laragon\www\pharmacy-project\system\Boot.php(68): CodeIgniter\Boot::runCodeIgniter(Object(CodeIgniter\CodeIgniter))
#9 C:\laragon\www\pharmacy-project\index.php(59): CodeIgniter\Boot::bootWeb(Object(Config\Paths))
#10 {main}
CRITICAL - 2026-07-10 10:22:24 --> CodeIgniter\Database\Exceptions\DatabaseException: Unknown column 'sales.discount_on_all' in 'field list'
[Method: GET, Route: pos]
in SYSTEMPATH\Database\BaseConnection.php on line 684.
 1 APPPATH\Controllers\pos.php(58): CodeIgniter\Database\BaseConnection->query('SELECT
                    sales.sales_id,
                    sales.sales_invoice,
                    sales.sales_date,
                    --sales.discount_on_all,
                    sales.other_charge_on_all,
                    SUM(sales_details.product_quantity_sold) AS Sale_Quantity,
                    SUM(sales_details.total_sale_price) AS Total_Sale_Value,
                    SUM(sales_details.unit_price) AS Unite_Price
                FROM sales
                LEFT JOIN sales_details
                    ON sales.sales_invoice = sales_details.sales_details_invoice
                GROUP BY sales.sales_id, sales.sales_invoice, sales.sales_date, sales.discount_on_all, sales.other_charge_on_all
                ORDER BY sales_id DESC
                LIMIT 5')
 2 SYSTEMPATH\CodeIgniter.php(933): App\Controllers\Pos->index()
 3 SYSTEMPATH\CodeIgniter.php(507): CodeIgniter\CodeIgniter->runController(Object(App\Controllers\Pos))
 4 SYSTEMPATH\CodeIgniter.php(354): CodeIgniter\CodeIgniter->handleRequest(null, Object(Config\Cache), false)
 5 SYSTEMPATH\Boot.php(363): CodeIgniter\CodeIgniter->run()
 6 SYSTEMPATH\Boot.php(68): CodeIgniter\Boot::runCodeIgniter(Object(CodeIgniter\CodeIgniter))
 7 FCPATH\index.php(59): CodeIgniter\Boot::bootWeb(Object(Config\Paths))
CRITICAL - 2026-07-10 10:22:24 --> [Caused by] CodeIgniter\Database\Exceptions\DatabaseException: Unknown column 'sales.discount_on_all' in 'field list'
in SYSTEMPATH\Database\MySQLi\Connection.php on line 332.
 1 SYSTEMPATH\Database\BaseConnection.php(729): CodeIgniter\Database\MySQLi\Connection->execute('SELECT
                    sales.sales_id,
                    sales.sales_invoice,
                    sales.sales_date,
                    --sales.discount_on_all,
                    sales.other_charge_on_all,
                    SUM(sales_details.product_quantity_sold) AS Sale_Quantity,
                    SUM(sales_details.total_sale_price) AS Total_Sale_Value,
                    SUM(sales_details.unit_price) AS Unite_Price
                FROM sales
                LEFT JOIN sales_details
                    ON sales.sales_invoice = sales_details.sales_details_invoice
                GROUP BY sales.sales_id, sales.sales_invoice, sales.sales_date, sales.discount_on_all, sales.other_charge_on_all
                ORDER BY sales_id DESC
                LIMIT 5')
 2 SYSTEMPATH\Database\BaseConnection.php(646): CodeIgniter\Database\BaseConnection->simpleQuery('SELECT
                    sales.sales_id,
                    sales.sales_invoice,
                    sales.sales_date,
                    --sales.discount_on_all,
                    sales.other_charge_on_all,
                    SUM(sales_details.product_quantity_sold) AS Sale_Quantity,
                    SUM(sales_details.total_sale_price) AS Total_Sale_Value,
                    SUM(sales_details.unit_price) AS Unite_Price
                FROM sales
                LEFT JOIN sales_details
                    ON sales.sales_invoice = sales_details.sales_details_invoice
                GROUP BY sales.sales_id, sales.sales_invoice, sales.sales_date, sales.discount_on_all, sales.other_charge_on_all
                ORDER BY sales_id DESC
                LIMIT 5')
 3 APPPATH\Controllers\pos.php(58): CodeIgniter\Database\BaseConnection->query('SELECT
                    sales.sales_id,
                    sales.sales_invoice,
                    sales.sales_date,
                    --sales.discount_on_all,
                    sales.other_charge_on_all,
                    SUM(sales_details.product_quantity_sold) AS Sale_Quantity,
                    SUM(sales_details.total_sale_price) AS Total_Sale_Value,
                    SUM(sales_details.unit_price) AS Unite_Price
                FROM sales
                LEFT JOIN sales_details
                    ON sales.sales_invoice = sales_details.sales_details_invoice
                GROUP BY sales.sales_id, sales.sales_invoice, sales.sales_date, sales.discount_on_all, sales.other_charge_on_all
                ORDER BY sales_id DESC
                LIMIT 5')
 4 SYSTEMPATH\CodeIgniter.php(933): App\Controllers\Pos->index()
 5 SYSTEMPATH\CodeIgniter.php(507): CodeIgniter\CodeIgniter->runController(Object(App\Controllers\Pos))
 6 SYSTEMPATH\CodeIgniter.php(354): CodeIgniter\CodeIgniter->handleRequest(null, Object(Config\Cache), false)
 7 SYSTEMPATH\Boot.php(363): CodeIgniter\CodeIgniter->run()
 8 SYSTEMPATH\Boot.php(68): CodeIgniter\Boot::runCodeIgniter(Object(CodeIgniter\CodeIgniter))
 9 FCPATH\index.php(59): CodeIgniter\Boot::bootWeb(Object(Config\Paths))
CRITICAL - 2026-07-10 10:22:24 --> [Caused by] mysqli_sql_exception: Unknown column 'sales.discount_on_all' in 'field list'
in SYSTEMPATH\Database\MySQLi\Connection.php on line 327.
 1 SYSTEMPATH\Database\MySQLi\Connection.php(327): mysqli->query('SELECT
                    sales.sales_id,
                    sales.sales_invoice,
                    sales.sales_date,
                    --sales.discount_on_all,
                    sales.other_charge_on_all,
                    SUM(sales_details.product_quantity_sold) AS Sale_Quantity,
                    SUM(sales_details.total_sale_price) AS Total_Sale_Value,
                    SUM(sales_details.unit_price) AS Unite_Price
                FROM sales
                LEFT JOIN sales_details
                    ON sales.sales_invoice = sales_details.sales_details_invoice
                GROUP BY sales.sales_id, sales.sales_invoice, sales.sales_date, sales.discount_on_all, sales.other_charge_on_all
                ORDER BY sales_id DESC
                LIMIT 5', 0)
 2 SYSTEMPATH\Database\BaseConnection.php(729): CodeIgniter\Database\MySQLi\Connection->execute('SELECT
                    sales.sales_id,
                    sales.sales_invoice,
                    sales.sales_date,
                    --sales.discount_on_all,
                    sales.other_charge_on_all,
                    SUM(sales_details.product_quantity_sold) AS Sale_Quantity,
                    SUM(sales_details.total_sale_price) AS Total_Sale_Value,
                    SUM(sales_details.unit_price) AS Unite_Price
                FROM sales
                LEFT JOIN sales_details
                    ON sales.sales_invoice = sales_details.sales_details_invoice
                GROUP BY sales.sales_id, sales.sales_invoice, sales.sales_date, sales.discount_on_all, sales.other_charge_on_all
                ORDER BY sales_id DESC
                LIMIT 5')
 3 SYSTEMPATH\Database\BaseConnection.php(646): CodeIgniter\Database\BaseConnection->simpleQuery('SELECT
                    sales.sales_id,
                    sales.sales_invoice,
                    sales.sales_date,
                    --sales.discount_on_all,
                    sales.other_charge_on_all,
                    SUM(sales_details.product_quantity_sold) AS Sale_Quantity,
                    SUM(sales_details.total_sale_price) AS Total_Sale_Value,
                    SUM(sales_details.unit_price) AS Unite_Price
                FROM sales
                LEFT JOIN sales_details
                    ON sales.sales_invoice = sales_details.sales_details_invoice
                GROUP BY sales.sales_id, sales.sales_invoice, sales.sales_date, sales.discount_on_all, sales.other_charge_on_all
                ORDER BY sales_id DESC
                LIMIT 5')
 4 APPPATH\Controllers\pos.php(58): CodeIgniter\Database\BaseConnection->query('SELECT
                    sales.sales_id,
                    sales.sales_invoice,
                    sales.sales_date,
                    --sales.discount_on_all,
                    sales.other_charge_on_all,
                    SUM(sales_details.product_quantity_sold) AS Sale_Quantity,
                    SUM(sales_details.total_sale_price) AS Total_Sale_Value,
                    SUM(sales_details.unit_price) AS Unite_Price
                FROM sales
                LEFT JOIN sales_details
                    ON sales.sales_invoice = sales_details.sales_details_invoice
                GROUP BY sales.sales_id, sales.sales_invoice, sales.sales_date, sales.discount_on_all, sales.other_charge_on_all
                ORDER BY sales_id DESC
                LIMIT 5')
 5 SYSTEMPATH\CodeIgniter.php(933): App\Controllers\Pos->index()
 6 SYSTEMPATH\CodeIgniter.php(507): CodeIgniter\CodeIgniter->runController(Object(App\Controllers\Pos))
 7 SYSTEMPATH\CodeIgniter.php(354): CodeIgniter\CodeIgniter->handleRequest(null, Object(Config\Cache), false)
 8 SYSTEMPATH\Boot.php(363): CodeIgniter\CodeIgniter->run()
 9 SYSTEMPATH\Boot.php(68): CodeIgniter\Boot::runCodeIgniter(Object(CodeIgniter\CodeIgniter))
10 FCPATH\index.php(59): CodeIgniter\Boot::bootWeb(Object(Config\Paths))
ERROR - 2026-07-10 10:22:39 --> mysqli_sql_exception: Unknown column 'sales.discount_on_all' in 'group statement' in C:\laragon\www\pharmacy-project\system\Database\MySQLi\Connection.php:327
Stack trace:
#0 C:\laragon\www\pharmacy-project\system\Database\MySQLi\Connection.php(327): mysqli->query('SELECT\r\n       ...', 0)
#1 C:\laragon\www\pharmacy-project\system\Database\BaseConnection.php(729): CodeIgniter\Database\MySQLi\Connection->execute('SELECT\r\n       ...')
#2 C:\laragon\www\pharmacy-project\system\Database\BaseConnection.php(646): CodeIgniter\Database\BaseConnection->simpleQuery('SELECT\r\n       ...')
#3 C:\laragon\www\pharmacy-project\app\Controllers\pos.php(57): CodeIgniter\Database\BaseConnection->query('SELECT\r\n       ...')
#4 C:\laragon\www\pharmacy-project\system\CodeIgniter.php(933): App\Controllers\Pos->index()
#5 C:\laragon\www\pharmacy-project\system\CodeIgniter.php(507): CodeIgniter\CodeIgniter->runController(Object(App\Controllers\Pos))
#6 C:\laragon\www\pharmacy-project\system\CodeIgniter.php(354): CodeIgniter\CodeIgniter->handleRequest(NULL, Object(Config\Cache), false)
#7 C:\laragon\www\pharmacy-project\system\Boot.php(363): CodeIgniter\CodeIgniter->run()
#8 C:\laragon\www\pharmacy-project\system\Boot.php(68): CodeIgniter\Boot::runCodeIgniter(Object(CodeIgniter\CodeIgniter))
#9 C:\laragon\www\pharmacy-project\index.php(59): CodeIgniter\Boot::bootWeb(Object(Config\Paths))
#10 {main}
CRITICAL - 2026-07-10 10:22:39 --> CodeIgniter\Database\Exceptions\DatabaseException: Unknown column 'sales.discount_on_all' in 'group statement'
[Method: GET, Route: pos]
in SYSTEMPATH\Database\BaseConnection.php on line 684.
 1 APPPATH\Controllers\pos.php(57): CodeIgniter\Database\BaseConnection->query('SELECT
                    sales.sales_id,
                    sales.sales_invoice,
                    sales.sales_date,
                    sales.other_charge_on_all,
                    SUM(sales_details.product_quantity_sold) AS Sale_Quantity,
                    SUM(sales_details.total_sale_price) AS Total_Sale_Value,
                    SUM(sales_details.unit_price) AS Unite_Price
                FROM sales
                LEFT JOIN sales_details
                    ON sales.sales_invoice = sales_details.sales_details_invoice
                GROUP BY sales.sales_id, sales.sales_invoice, sales.sales_date, sales.discount_on_all, sales.other_charge_on_all
                ORDER BY sales_id DESC
                LIMIT 5')
 2 SYSTEMPATH\CodeIgniter.php(933): App\Controllers\Pos->index()
 3 SYSTEMPATH\CodeIgniter.php(507): CodeIgniter\CodeIgniter->runController(Object(App\Controllers\Pos))
 4 SYSTEMPATH\CodeIgniter.php(354): CodeIgniter\CodeIgniter->handleRequest(null, Object(Config\Cache), false)
 5 SYSTEMPATH\Boot.php(363): CodeIgniter\CodeIgniter->run()
 6 SYSTEMPATH\Boot.php(68): CodeIgniter\Boot::runCodeIgniter(Object(CodeIgniter\CodeIgniter))
 7 FCPATH\index.php(59): CodeIgniter\Boot::bootWeb(Object(Config\Paths))
CRITICAL - 2026-07-10 10:22:39 --> [Caused by] CodeIgniter\Database\Exceptions\DatabaseException: Unknown column 'sales.discount_on_all' in 'group statement'
in SYSTEMPATH\Database\MySQLi\Connection.php on line 332.
 1 SYSTEMPATH\Database\BaseConnection.php(729): CodeIgniter\Database\MySQLi\Connection->execute('SELECT
                    sales.sales_id,
                    sales.sales_invoice,
                    sales.sales_date,
                    sales.other_charge_on_all,
                    SUM(sales_details.product_quantity_sold) AS Sale_Quantity,
                    SUM(sales_details.total_sale_price) AS Total_Sale_Value,
                    SUM(sales_details.unit_price) AS Unite_Price
                FROM sales
                LEFT JOIN sales_details
                    ON sales.sales_invoice = sales_details.sales_details_invoice
                GROUP BY sales.sales_id, sales.sales_invoice, sales.sales_date, sales.discount_on_all, sales.other_charge_on_all
                ORDER BY sales_id DESC
                LIMIT 5')
 2 SYSTEMPATH\Database\BaseConnection.php(646): CodeIgniter\Database\BaseConnection->simpleQuery('SELECT
                    sales.sales_id,
                    sales.sales_invoice,
                    sales.sales_date,
                    sales.other_charge_on_all,
                    SUM(sales_details.product_quantity_sold) AS Sale_Quantity,
                    SUM(sales_details.total_sale_price) AS Total_Sale_Value,
                    SUM(sales_details.unit_price) AS Unite_Price
                FROM sales
                LEFT JOIN sales_details
                    ON sales.sales_invoice = sales_details.sales_details_invoice
                GROUP BY sales.sales_id, sales.sales_invoice, sales.sales_date, sales.discount_on_all, sales.other_charge_on_all
                ORDER BY sales_id DESC
                LIMIT 5')
 3 APPPATH\Controllers\pos.php(57): CodeIgniter\Database\BaseConnection->query('SELECT
                    sales.sales_id,
                    sales.sales_invoice,
                    sales.sales_date,
                    sales.other_charge_on_all,
                    SUM(sales_details.product_quantity_sold) AS Sale_Quantity,
                    SUM(sales_details.total_sale_price) AS Total_Sale_Value,
                    SUM(sales_details.unit_price) AS Unite_Price
                FROM sales
                LEFT JOIN sales_details
                    ON sales.sales_invoice = sales_details.sales_details_invoice
                GROUP BY sales.sales_id, sales.sales_invoice, sales.sales_date, sales.discount_on_all, sales.other_charge_on_all
                ORDER BY sales_id DESC
                LIMIT 5')
 4 SYSTEMPATH\CodeIgniter.php(933): App\Controllers\Pos->index()
 5 SYSTEMPATH\CodeIgniter.php(507): CodeIgniter\CodeIgniter->runController(Object(App\Controllers\Pos))
 6 SYSTEMPATH\CodeIgniter.php(354): CodeIgniter\CodeIgniter->handleRequest(null, Object(Config\Cache), false)
 7 SYSTEMPATH\Boot.php(363): CodeIgniter\CodeIgniter->run()
 8 SYSTEMPATH\Boot.php(68): CodeIgniter\Boot::runCodeIgniter(Object(CodeIgniter\CodeIgniter))
 9 FCPATH\index.php(59): CodeIgniter\Boot::bootWeb(Object(Config\Paths))
CRITICAL - 2026-07-10 10:22:39 --> [Caused by] mysqli_sql_exception: Unknown column 'sales.discount_on_all' in 'group statement'
in SYSTEMPATH\Database\MySQLi\Connection.php on line 327.
 1 SYSTEMPATH\Database\MySQLi\Connection.php(327): mysqli->query('SELECT
                    sales.sales_id,
                    sales.sales_invoice,
                    sales.sales_date,
                    sales.other_charge_on_all,
                    SUM(sales_details.product_quantity_sold) AS Sale_Quantity,
                    SUM(sales_details.total_sale_price) AS Total_Sale_Value,
                    SUM(sales_details.unit_price) AS Unite_Price
                FROM sales
                LEFT JOIN sales_details
                    ON sales.sales_invoice = sales_details.sales_details_invoice
                GROUP BY sales.sales_id, sales.sales_invoice, sales.sales_date, sales.discount_on_all, sales.other_charge_on_all
                ORDER BY sales_id DESC
                LIMIT 5', 0)
 2 SYSTEMPATH\Database\BaseConnection.php(729): CodeIgniter\Database\MySQLi\Connection->execute('SELECT
                    sales.sales_id,
                    sales.sales_invoice,
                    sales.sales_date,
                    sales.other_charge_on_all,
                    SUM(sales_details.product_quantity_sold) AS Sale_Quantity,
                    SUM(sales_details.total_sale_price) AS Total_Sale_Value,
                    SUM(sales_details.unit_price) AS Unite_Price
                FROM sales
                LEFT JOIN sales_details
                    ON sales.sales_invoice = sales_details.sales_details_invoice
                GROUP BY sales.sales_id, sales.sales_invoice, sales.sales_date, sales.discount_on_all, sales.other_charge_on_all
                ORDER BY sales_id DESC
                LIMIT 5')
 3 SYSTEMPATH\Database\BaseConnection.php(646): CodeIgniter\Database\BaseConnection->simpleQuery('SELECT
                    sales.sales_id,
                    sales.sales_invoice,
                    sales.sales_date,
                    sales.other_charge_on_all,
                    SUM(sales_details.product_quantity_sold) AS Sale_Quantity,
                    SUM(sales_details.total_sale_price) AS Total_Sale_Value,
                    SUM(sales_details.unit_price) AS Unite_Price
                FROM sales
                LEFT JOIN sales_details
                    ON sales.sales_invoice = sales_details.sales_details_invoice
                GROUP BY sales.sales_id, sales.sales_invoice, sales.sales_date, sales.discount_on_all, sales.other_charge_on_all
                ORDER BY sales_id DESC
                LIMIT 5')
 4 APPPATH\Controllers\pos.php(57): CodeIgniter\Database\BaseConnection->query('SELECT
                    sales.sales_id,
                    sales.sales_invoice,
                    sales.sales_date,
                    sales.other_charge_on_all,
                    SUM(sales_details.product_quantity_sold) AS Sale_Quantity,
                    SUM(sales_details.total_sale_price) AS Total_Sale_Value,
                    SUM(sales_details.unit_price) AS Unite_Price
                FROM sales
                LEFT JOIN sales_details
                    ON sales.sales_invoice = sales_details.sales_details_invoice
                GROUP BY sales.sales_id, sales.sales_invoice, sales.sales_date, sales.discount_on_all, sales.other_charge_on_all
                ORDER BY sales_id DESC
                LIMIT 5')
 5 SYSTEMPATH\CodeIgniter.php(933): App\Controllers\Pos->index()
 6 SYSTEMPATH\CodeIgniter.php(507): CodeIgniter\CodeIgniter->runController(Object(App\Controllers\Pos))
 7 SYSTEMPATH\CodeIgniter.php(354): CodeIgniter\CodeIgniter->handleRequest(null, Object(Config\Cache), false)
 8 SYSTEMPATH\Boot.php(363): CodeIgniter\CodeIgniter->run()
 9 SYSTEMPATH\Boot.php(68): CodeIgniter\Boot::runCodeIgniter(Object(CodeIgniter\CodeIgniter))
10 FCPATH\index.php(59): CodeIgniter\Boot::bootWeb(Object(Config\Paths))
ERROR - 2026-07-10 10:22:40 --> mysqli_sql_exception: Unknown column 'sales.discount_on_all' in 'group statement' in C:\laragon\www\pharmacy-project\system\Database\MySQLi\Connection.php:327
Stack trace:
#0 C:\laragon\www\pharmacy-project\system\Database\MySQLi\Connection.php(327): mysqli->query('SELECT\r\n       ...', 0)
#1 C:\laragon\www\pharmacy-project\system\Database\BaseConnection.php(729): CodeIgniter\Database\MySQLi\Connection->execute('SELECT\r\n       ...')
#2 C:\laragon\www\pharmacy-project\system\Database\BaseConnection.php(646): CodeIgniter\Database\BaseConnection->simpleQuery('SELECT\r\n       ...')
#3 C:\laragon\www\pharmacy-project\app\Controllers\pos.php(57): CodeIgniter\Database\BaseConnection->query('SELECT\r\n       ...')
#4 C:\laragon\www\pharmacy-project\system\CodeIgniter.php(933): App\Controllers\Pos->index()
#5 C:\laragon\www\pharmacy-project\system\CodeIgniter.php(507): CodeIgniter\CodeIgniter->runController(Object(App\Controllers\Pos))
#6 C:\laragon\www\pharmacy-project\system\CodeIgniter.php(354): CodeIgniter\CodeIgniter->handleRequest(NULL, Object(Config\Cache), false)
#7 C:\laragon\www\pharmacy-project\system\Boot.php(363): CodeIgniter\CodeIgniter->run()
#8 C:\laragon\www\pharmacy-project\system\Boot.php(68): CodeIgniter\Boot::runCodeIgniter(Object(CodeIgniter\CodeIgniter))
#9 C:\laragon\www\pharmacy-project\index.php(59): CodeIgniter\Boot::bootWeb(Object(Config\Paths))
#10 {main}
CRITICAL - 2026-07-10 10:22:40 --> CodeIgniter\Database\Exceptions\DatabaseException: Unknown column 'sales.discount_on_all' in 'group statement'
[Method: GET, Route: pos]
in SYSTEMPATH\Database\BaseConnection.php on line 684.
 1 APPPATH\Controllers\pos.php(57): CodeIgniter\Database\BaseConnection->query('SELECT
                    sales.sales_id,
                    sales.sales_invoice,
                    sales.sales_date,
                    sales.other_charge_on_all,
                    SUM(sales_details.product_quantity_sold) AS Sale_Quantity,
                    SUM(sales_details.total_sale_price) AS Total_Sale_Value,
                    SUM(sales_details.unit_price) AS Unite_Price
                FROM sales
                LEFT JOIN sales_details
                    ON sales.sales_invoice = sales_details.sales_details_invoice
                GROUP BY sales.sales_id, sales.sales_invoice, sales.sales_date, sales.discount_on_all, sales.other_charge_on_all
                ORDER BY sales_id DESC
                LIMIT 5')
 2 SYSTEMPATH\CodeIgniter.php(933): App\Controllers\Pos->index()
 3 SYSTEMPATH\CodeIgniter.php(507): CodeIgniter\CodeIgniter->runController(Object(App\Controllers\Pos))
 4 SYSTEMPATH\CodeIgniter.php(354): CodeIgniter\CodeIgniter->handleRequest(null, Object(Config\Cache), false)
 5 SYSTEMPATH\Boot.php(363): CodeIgniter\CodeIgniter->run()
 6 SYSTEMPATH\Boot.php(68): CodeIgniter\Boot::runCodeIgniter(Object(CodeIgniter\CodeIgniter))
 7 FCPATH\index.php(59): CodeIgniter\Boot::bootWeb(Object(Config\Paths))
CRITICAL - 2026-07-10 10:22:40 --> [Caused by] CodeIgniter\Database\Exceptions\DatabaseException: Unknown column 'sales.discount_on_all' in 'group statement'
in SYSTEMPATH\Database\MySQLi\Connection.php on line 332.
 1 SYSTEMPATH\Database\BaseConnection.php(729): CodeIgniter\Database\MySQLi\Connection->execute('SELECT
                    sales.sales_id,
                    sales.sales_invoice,
                    sales.sales_date,
                    sales.other_charge_on_all,
                    SUM(sales_details.product_quantity_sold) AS Sale_Quantity,
                    SUM(sales_details.total_sale_price) AS Total_Sale_Value,
                    SUM(sales_details.unit_price) AS Unite_Price
                FROM sales
                LEFT JOIN sales_details
                    ON sales.sales_invoice = sales_details.sales_details_invoice
                GROUP BY sales.sales_id, sales.sales_invoice, sales.sales_date, sales.discount_on_all, sales.other_charge_on_all
                ORDER BY sales_id DESC
                LIMIT 5')
 2 SYSTEMPATH\Database\BaseConnection.php(646): CodeIgniter\Database\BaseConnection->simpleQuery('SELECT
                    sales.sales_id,
                    sales.sales_invoice,
                    sales.sales_date,
                    sales.other_charge_on_all,
                    SUM(sales_details.product_quantity_sold) AS Sale_Quantity,
                    SUM(sales_details.total_sale_price) AS Total_Sale_Value,
                    SUM(sales_details.unit_price) AS Unite_Price
                FROM sales
                LEFT JOIN sales_details
                    ON sales.sales_invoice = sales_details.sales_details_invoice
                GROUP BY sales.sales_id, sales.sales_invoice, sales.sales_date, sales.discount_on_all, sales.other_charge_on_all
                ORDER BY sales_id DESC
                LIMIT 5')
 3 APPPATH\Controllers\pos.php(57): CodeIgniter\Database\BaseConnection->query('SELECT
                    sales.sales_id,
                    sales.sales_invoice,
                    sales.sales_date,
                    sales.other_charge_on_all,
                    SUM(sales_details.product_quantity_sold) AS Sale_Quantity,
                    SUM(sales_details.total_sale_price) AS Total_Sale_Value,
                    SUM(sales_details.unit_price) AS Unite_Price
                FROM sales
                LEFT JOIN sales_details
                    ON sales.sales_invoice = sales_details.sales_details_invoice
                GROUP BY sales.sales_id, sales.sales_invoice, sales.sales_date, sales.discount_on_all, sales.other_charge_on_all
                ORDER BY sales_id DESC
                LIMIT 5')
 4 SYSTEMPATH\CodeIgniter.php(933): App\Controllers\Pos->index()
 5 SYSTEMPATH\CodeIgniter.php(507): CodeIgniter\CodeIgniter->runController(Object(App\Controllers\Pos))
 6 SYSTEMPATH\CodeIgniter.php(354): CodeIgniter\CodeIgniter->handleRequest(null, Object(Config\Cache), false)
 7 SYSTEMPATH\Boot.php(363): CodeIgniter\CodeIgniter->run()
 8 SYSTEMPATH\Boot.php(68): CodeIgniter\Boot::runCodeIgniter(Object(CodeIgniter\CodeIgniter))
 9 FCPATH\index.php(59): CodeIgniter\Boot::bootWeb(Object(Config\Paths))
CRITICAL - 2026-07-10 10:22:40 --> [Caused by] mysqli_sql_exception: Unknown column 'sales.discount_on_all' in 'group statement'
in SYSTEMPATH\Database\MySQLi\Connection.php on line 327.
 1 SYSTEMPATH\Database\MySQLi\Connection.php(327): mysqli->query('SELECT
                    sales.sales_id,
                    sales.sales_invoice,
                    sales.sales_date,
                    sales.other_charge_on_all,
                    SUM(sales_details.product_quantity_sold) AS Sale_Quantity,
                    SUM(sales_details.total_sale_price) AS Total_Sale_Value,
                    SUM(sales_details.unit_price) AS Unite_Price
                FROM sales
                LEFT JOIN sales_details
                    ON sales.sales_invoice = sales_details.sales_details_invoice
                GROUP BY sales.sales_id, sales.sales_invoice, sales.sales_date, sales.discount_on_all, sales.other_charge_on_all
                ORDER BY sales_id DESC
                LIMIT 5', 0)
 2 SYSTEMPATH\Database\BaseConnection.php(729): CodeIgniter\Database\MySQLi\Connection->execute('SELECT
                    sales.sales_id,
                    sales.sales_invoice,
                    sales.sales_date,
                    sales.other_charge_on_all,
                    SUM(sales_details.product_quantity_sold) AS Sale_Quantity,
                    SUM(sales_details.total_sale_price) AS Total_Sale_Value,
                    SUM(sales_details.unit_price) AS Unite_Price
                FROM sales
                LEFT JOIN sales_details
                    ON sales.sales_invoice = sales_details.sales_details_invoice
                GROUP BY sales.sales_id, sales.sales_invoice, sales.sales_date, sales.discount_on_all, sales.other_charge_on_all
                ORDER BY sales_id DESC
                LIMIT 5')
 3 SYSTEMPATH\Database\BaseConnection.php(646): CodeIgniter\Database\BaseConnection->simpleQuery('SELECT
                    sales.sales_id,
                    sales.sales_invoice,
                    sales.sales_date,
                    sales.other_charge_on_all,
                    SUM(sales_details.product_quantity_sold) AS Sale_Quantity,
                    SUM(sales_details.total_sale_price) AS Total_Sale_Value,
                    SUM(sales_details.unit_price) AS Unite_Price
                FROM sales
                LEFT JOIN sales_details
                    ON sales.sales_invoice = sales_details.sales_details_invoice
                GROUP BY sales.sales_id, sales.sales_invoice, sales.sales_date, sales.discount_on_all, sales.other_charge_on_all
                ORDER BY sales_id DESC
                LIMIT 5')
 4 APPPATH\Controllers\pos.php(57): CodeIgniter\Database\BaseConnection->query('SELECT
                    sales.sales_id,
                    sales.sales_invoice,
                    sales.sales_date,
                    sales.other_charge_on_all,
                    SUM(sales_details.product_quantity_sold) AS Sale_Quantity,
                    SUM(sales_details.total_sale_price) AS Total_Sale_Value,
                    SUM(sales_details.unit_price) AS Unite_Price
                FROM sales
                LEFT JOIN sales_details
                    ON sales.sales_invoice = sales_details.sales_details_invoice
                GROUP BY sales.sales_id, sales.sales_invoice, sales.sales_date, sales.discount_on_all, sales.other_charge_on_all
                ORDER BY sales_id DESC
                LIMIT 5')
 5 SYSTEMPATH\CodeIgniter.php(933): App\Controllers\Pos->index()
 6 SYSTEMPATH\CodeIgniter.php(507): CodeIgniter\CodeIgniter->runController(Object(App\Controllers\Pos))
 7 SYSTEMPATH\CodeIgniter.php(354): CodeIgniter\CodeIgniter->handleRequest(null, Object(Config\Cache), false)
 8 SYSTEMPATH\Boot.php(363): CodeIgniter\CodeIgniter->run()
 9 SYSTEMPATH\Boot.php(68): CodeIgniter\Boot::runCodeIgniter(Object(CodeIgniter\CodeIgniter))
10 FCPATH\index.php(59): CodeIgniter\Boot::bootWeb(Object(Config\Paths))
DEBUG - 2026-07-10 10:22:57 --> Session: Class initialized using 'CodeIgniter\Session\Handlers\FileHandler' driver.
DEBUG - 2026-07-10 10:23:50 --> Session: Class initialized using 'CodeIgniter\Session\Handlers\FileHandler' driver.
DEBUG - 2026-07-10 10:27:25 --> Session: Class initialized using 'CodeIgniter\Session\Handlers\FileHandler' driver.
DEBUG - 2026-07-10 10:29:21 --> Session: Class initialized using 'CodeIgniter\Session\Handlers\FileHandler' driver.
DEBUG - 2026-07-10 10:29:21 --> Session: Class initialized using 'CodeIgniter\Session\Handlers\FileHandler' driver.
CRITICAL - 2026-07-10 10:29:22 --> ErrorException: Undefined array key "discount_on_all"
[Method: GET, Route: invoice/767]
in APPPATH\Views\report\sales-invoice.php on line 312.
 1 APPPATH\Views\report\sales-invoice.php(312): CodeIgniter\Debug\Exceptions->errorHandler(2, 'Undefined array key "discount_on_all"', 'C:\\laragon\\www\\pharmacy-project\\app\\Views\\report\\sales-invoice.php', 312)
 2 SYSTEMPATH\View\View.php(226): include('C:\\laragon\\www\\pharmacy-project\\app\\Views\\report\\sales-invoice.php')
 3 SYSTEMPATH\View\View.php(229): CodeIgniter\View\View->CodeIgniter\View\{closure}()
 4 SYSTEMPATH\Common.php(1167): CodeIgniter\View\View->render('report/sales-invoice', [], true)
 5 APPPATH\Controllers\PdfController.php(65): view('report/sales-invoice', [...])
 6 SYSTEMPATH\CodeIgniter.php(933): App\Controllers\PdfController->invoice('767')
 7 SYSTEMPATH\CodeIgniter.php(507): CodeIgniter\CodeIgniter->runController(Object(App\Controllers\PdfController))
 8 SYSTEMPATH\CodeIgniter.php(354): CodeIgniter\CodeIgniter->handleRequest(null, Object(Config\Cache), false)
 9 SYSTEMPATH\Boot.php(363): CodeIgniter\CodeIgniter->run()
10 SYSTEMPATH\Boot.php(68): CodeIgniter\Boot::runCodeIgniter(Object(CodeIgniter\CodeIgniter))
11 FCPATH\index.php(59): CodeIgniter\Boot::bootWeb(Object(Config\Paths))
DEBUG - 2026-07-10 10:31:16 --> Session: Class initialized using 'CodeIgniter\Session\Handlers\FileHandler' driver.
DEBUG - 2026-07-10 10:41:39 --> Session: Class initialized using 'CodeIgniter\Session\Handlers\FileHandler' driver.
DEBUG - 2026-07-10 10:43:00 --> Session: Class initialized using 'CodeIgniter\Session\Handlers\FileHandler' driver.
DEBUG - 2026-07-10 10:43:02 --> Session: Class initialized using 'CodeIgniter\Session\Handlers\FileHandler' driver.
DEBUG - 2026-07-10 10:43:53 --> Session: Class initialized using 'CodeIgniter\Session\Handlers\FileHandler' driver.
DEBUG - 2026-07-10 10:49:19 --> Session: Class initialized using 'CodeIgniter\Session\Handlers\FileHandler' driver.
DEBUG - 2026-07-10 10:51:22 --> Session: Class initialized using 'CodeIgniter\Session\Handlers\FileHandler' driver.
DEBUG - 2026-07-10 10:52:01 --> Session: Class initialized using 'CodeIgniter\Session\Handlers\FileHandler' driver.
DEBUG - 2026-07-10 10:54:15 --> Session: Class initialized using 'CodeIgniter\Session\Handlers\FileHandler' driver.
DEBUG - 2026-07-10 10:54:58 --> Session: Class initialized using 'CodeIgniter\Session\Handlers\FileHandler' driver.
DEBUG - 2026-07-10 10:55:02 --> Session: Class initialized using 'CodeIgniter\Session\Handlers\FileHandler' driver.
DEBUG - 2026-07-10 10:57:28 --> Session: Class initialized using 'CodeIgniter\Session\Handlers\FileHandler' driver.
DEBUG - 2026-07-10 10:57:28 --> Session: Class initialized using 'CodeIgniter\Session\Handlers\FileHandler' driver.
DEBUG - 2026-07-10 11:07:05 --> Session: Class initialized using 'CodeIgniter\Session\Handlers\FileHandler' driver.
DEBUG - 2026-07-10 11:07:09 --> Session: Class initialized using 'CodeIgniter\Session\Handlers\FileHandler' driver.
DEBUG - 2026-07-10 11:08:43 --> Session: Class initialized using 'CodeIgniter\Session\Handlers\FileHandler' driver.
DEBUG - 2026-07-10 11:09:42 --> Session: Class initialized using 'CodeIgniter\Session\Handlers\FileHandler' driver.
DEBUG - 2026-07-10 11:10:10 --> Session: Class initialized using 'CodeIgniter\Session\Handlers\FileHandler' driver.
DEBUG - 2026-07-10 11:14:01 --> Session: Class initialized using 'CodeIgniter\Session\Handlers\FileHandler' driver.
DEBUG - 2026-07-10 11:16:42 --> Session: Class initialized using 'CodeIgniter\Session\Handlers\FileHandler' driver.
DEBUG - 2026-07-10 11:16:45 --> Session: Class initialized using 'CodeIgniter\Session\Handlers\FileHandler' driver.
DEBUG - 2026-07-10 11:18:28 --> Session: Class initialized using 'CodeIgniter\Session\Handlers\FileHandler' driver.
DEBUG - 2026-07-10 11:38:44 --> Session: Class initialized using 'CodeIgniter\Session\Handlers\FileHandler' driver.
DEBUG - 2026-07-10 11:39:31 --> Session: Class initialized using 'CodeIgniter\Session\Handlers\FileHandler' driver.
DEBUG - 2026-07-10 11:40:07 --> Session: Class initialized using 'CodeIgniter\Session\Handlers\FileHandler' driver.
DEBUG - 2026-07-10 11:46:16 --> Session: Class initialized using 'CodeIgniter\Session\Handlers\FileHandler' driver.
DEBUG - 2026-07-10 11:46:24 --> Session: Class initialized using 'CodeIgniter\Session\Handlers\FileHandler' driver.
DEBUG - 2026-07-10 11:46:25 --> Session: Class initialized using 'CodeIgniter\Session\Handlers\FileHandler' driver.
DEBUG - 2026-07-10 11:46:26 --> Session: Class initialized using 'CodeIgniter\Session\Handlers\FileHandler' driver.
DEBUG - 2026-07-10 11:46:26 --> Session: Class initialized using 'CodeIgniter\Session\Handlers\FileHandler' driver.
DEBUG - 2026-07-10 11:46:26 --> Session: Class initialized using 'CodeIgniter\Session\Handlers\FileHandler' driver.
DEBUG - 2026-07-10 11:46:26 --> Session: Class initialized using 'CodeIgniter\Session\Handlers\FileHandler' driver.
DEBUG - 2026-07-10 11:46:26 --> Session: Class initialized using 'CodeIgniter\Session\Handlers\FileHandler' driver.
DEBUG - 2026-07-10 11:46:26 --> Session: Class initialized using 'CodeIgniter\Session\Handlers\FileHandler' driver.
DEBUG - 2026-07-10 11:46:26 --> Session: Class initialized using 'CodeIgniter\Session\Handlers\FileHandler' driver.
DEBUG - 2026-07-10 11:46:26 --> Session: Class initialized using 'CodeIgniter\Session\Handlers\FileHandler' driver.
DEBUG - 2026-07-10 11:46:26 --> Session: Class initialized using 'CodeIgniter\Session\Handlers\FileHandler' driver.
DEBUG - 2026-07-10 11:46:26 --> Session: Class initialized using 'CodeIgniter\Session\Handlers\FileHandler' driver.
DEBUG - 2026-07-10 11:46:26 --> Session: Class initialized using 'CodeIgniter\Session\Handlers\FileHandler' driver.
DEBUG - 2026-07-10 11:46:26 --> Session: Class initialized using 'CodeIgniter\Session\Handlers\FileHandler' driver.
DEBUG - 2026-07-10 11:47:34 --> Session: Class initialized using 'CodeIgniter\Session\Handlers\FileHandler' driver.
DEBUG - 2026-07-10 11:49:51 --> Session: Class initialized using 'CodeIgniter\Session\Handlers\FileHandler' driver.
DEBUG - 2026-07-10 11:49:55 --> Session: Class initialized using 'CodeIgniter\Session\Handlers\FileHandler' driver.
DEBUG - 2026-07-10 11:50:51 --> Session: Class initialized using 'CodeIgniter\Session\Handlers\FileHandler' driver.
DEBUG - 2026-07-10 11:51:33 --> Session: Class initialized using 'CodeIgniter\Session\Handlers\FileHandler' driver.
DEBUG - 2026-07-10 11:51:35 --> Session: Class initialized using 'CodeIgniter\Session\Handlers\FileHandler' driver.
DEBUG - 2026-07-10 11:52:20 --> Session: Class initialized using 'CodeIgniter\Session\Handlers\FileHandler' driver.
DEBUG - 2026-07-10 11:52:20 --> Session: Class initialized using 'CodeIgniter\Session\Handlers\FileHandler' driver.
DEBUG - 2026-07-10 11:53:39 --> Session: Class initialized using 'CodeIgniter\Session\Handlers\FileHandler' driver.
DEBUG - 2026-07-10 11:53:40 --> Session: Class initialized using 'CodeIgniter\Session\Handlers\FileHandler' driver.
DEBUG - 2026-07-10 12:13:34 --> Session: Class initialized using 'CodeIgniter\Session\Handlers\FileHandler' driver.
DEBUG - 2026-07-10 12:14:09 --> Session: Class initialized using 'CodeIgniter\Session\Handlers\FileHandler' driver.
CRITICAL - 2026-07-10 12:14:09 --> ErrorException: Undefined variable $discount_type
[Method: POST, Route: pos/sale]
in APPPATH\Controllers\pos.php on line 112.
 1 APPPATH\Controllers\pos.php(112): CodeIgniter\Debug\Exceptions->errorHandler(2, 'Undefined variable $discount_type', 'C:\\laragon\\www\\pharmacy-project\\app\\Controllers\\pos.php', 112)
 2 SYSTEMPATH\CodeIgniter.php(933): App\Controllers\Pos->sale()
 3 SYSTEMPATH\CodeIgniter.php(507): CodeIgniter\CodeIgniter->runController(Object(App\Controllers\Pos))
 4 SYSTEMPATH\CodeIgniter.php(354): CodeIgniter\CodeIgniter->handleRequest(null, Object(Config\Cache), false)
 5 SYSTEMPATH\Boot.php(363): CodeIgniter\CodeIgniter->run()
 6 SYSTEMPATH\Boot.php(68): CodeIgniter\Boot::runCodeIgniter(Object(CodeIgniter\CodeIgniter))
 7 FCPATH\index.php(59): CodeIgniter\Boot::bootWeb(Object(Config\Paths))
DEBUG - 2026-07-10 12:14:22 --> Session: Class initialized using 'CodeIgniter\Session\Handlers\FileHandler' driver.
CRITICAL - 2026-07-10 12:14:22 --> ErrorException: Undefined variable $discount_type
[Method: POST, Route: pos/sale]
in APPPATH\Controllers\pos.php on line 112.
 1 APPPATH\Controllers\pos.php(112): CodeIgniter\Debug\Exceptions->errorHandler(2, 'Undefined variable $discount_type', 'C:\\laragon\\www\\pharmacy-project\\app\\Controllers\\pos.php', 112)
 2 SYSTEMPATH\CodeIgniter.php(933): App\Controllers\Pos->sale()
 3 SYSTEMPATH\CodeIgniter.php(507): CodeIgniter\CodeIgniter->runController(Object(App\Controllers\Pos))
 4 SYSTEMPATH\CodeIgniter.php(354): CodeIgniter\CodeIgniter->handleRequest(null, Object(Config\Cache), false)
 5 SYSTEMPATH\Boot.php(363): CodeIgniter\CodeIgniter->run()
 6 SYSTEMPATH\Boot.php(68): CodeIgniter\Boot::runCodeIgniter(Object(CodeIgniter\CodeIgniter))
 7 FCPATH\index.php(59): CodeIgniter\Boot::bootWeb(Object(Config\Paths))
DEBUG - 2026-07-10 12:15:28 --> Session: Class initialized using 'CodeIgniter\Session\Handlers\FileHandler' driver.
DEBUG - 2026-07-10 12:15:52 --> Session: Class initialized using 'CodeIgniter\Session\Handlers\FileHandler' driver.
DEBUG - 2026-07-10 12:15:52 --> Session: Class initialized using 'CodeIgniter\Session\Handlers\FileHandler' driver.
DEBUG - 2026-07-10 12:16:56 --> Session: Class initialized using 'CodeIgniter\Session\Handlers\FileHandler' driver.
DEBUG - 2026-07-10 12:16:57 --> Session: Class initialized using 'CodeIgniter\Session\Handlers\FileHandler' driver.
DEBUG - 2026-07-10 12:17:07 --> Session: Class initialized using 'CodeIgniter\Session\Handlers\FileHandler' driver.
DEBUG - 2026-07-10 12:17:35 --> Session: Class initialized using 'CodeIgniter\Session\Handlers\FileHandler' driver.
DEBUG - 2026-07-10 12:19:00 --> Session: Class initialized using 'CodeIgniter\Session\Handlers\FileHandler' driver.
DEBUG - 2026-07-10 12:20:27 --> Session: Class initialized using 'CodeIgniter\Session\Handlers\FileHandler' driver.
DEBUG - 2026-07-10 12:20:40 --> Session: Class initialized using 'CodeIgniter\Session\Handlers\FileHandler' driver.
DEBUG - 2026-07-10 12:20:40 --> Session: Class initialized using 'CodeIgniter\Session\Handlers\FileHandler' driver.
CRITICAL - 2026-07-10 12:29:21 --> ErrorException: Undefined variable $subTotal
[Method: GET, Route: invoice/773]
in APPPATH\Views\report\sales-invoice.php on line 121.
 1 APPPATH\Views\report\sales-invoice.php(121): CodeIgniter\Debug\Exceptions->errorHandler(2, 'Undefined variable $subTotal', 'C:\\laragon\\www\\pharmacy-project\\app\\Views\\report\\sales-invoice.php', 121)
 2 SYSTEMPATH\View\View.php(226): include('C:\\laragon\\www\\pharmacy-project\\app\\Views\\report\\sales-invoice.php')
 3 SYSTEMPATH\View\View.php(229): CodeIgniter\View\View->CodeIgniter\View\{closure}()
 4 SYSTEMPATH\Common.php(1167): CodeIgniter\View\View->render('report/sales-invoice', [], true)
 5 APPPATH\Controllers\PdfController.php(65): view('report/sales-invoice', [...])
 6 SYSTEMPATH\CodeIgniter.php(933): App\Controllers\PdfController->invoice('773')
 7 SYSTEMPATH\CodeIgniter.php(507): CodeIgniter\CodeIgniter->runController(Object(App\Controllers\PdfController))
 8 SYSTEMPATH\CodeIgniter.php(354): CodeIgniter\CodeIgniter->handleRequest(null, Object(Config\Cache), false)
 9 SYSTEMPATH\Boot.php(363): CodeIgniter\CodeIgniter->run()
10 SYSTEMPATH\Boot.php(68): CodeIgniter\Boot::runCodeIgniter(Object(CodeIgniter\CodeIgniter))
11 FCPATH\index.php(59): CodeIgniter\Boot::bootWeb(Object(Config\Paths))
CRITICAL - 2026-07-10 12:29:26 --> ErrorException: Undefined variable $subTotal
[Method: GET, Route: invoice/773]
in APPPATH\Views\report\sales-invoice.php on line 121.
 1 APPPATH\Views\report\sales-invoice.php(121): CodeIgniter\Debug\Exceptions->errorHandler(2, 'Undefined variable $subTotal', 'C:\\laragon\\www\\pharmacy-project\\app\\Views\\report\\sales-invoice.php', 121)
 2 SYSTEMPATH\View\View.php(226): include('C:\\laragon\\www\\pharmacy-project\\app\\Views\\report\\sales-invoice.php')
 3 SYSTEMPATH\View\View.php(229): CodeIgniter\View\View->CodeIgniter\View\{closure}()
 4 SYSTEMPATH\Common.php(1167): CodeIgniter\View\View->render('report/sales-invoice', [], true)
 5 APPPATH\Controllers\PdfController.php(65): view('report/sales-invoice', [...])
 6 SYSTEMPATH\CodeIgniter.php(933): App\Controllers\PdfController->invoice('773')
 7 SYSTEMPATH\CodeIgniter.php(507): CodeIgniter\CodeIgniter->runController(Object(App\Controllers\PdfController))
 8 SYSTEMPATH\CodeIgniter.php(354): CodeIgniter\CodeIgniter->handleRequest(null, Object(Config\Cache), false)
 9 SYSTEMPATH\Boot.php(363): CodeIgniter\CodeIgniter->run()
10 SYSTEMPATH\Boot.php(68): CodeIgniter\Boot::runCodeIgniter(Object(CodeIgniter\CodeIgniter))
11 FCPATH\index.php(59): CodeIgniter\Boot::bootWeb(Object(Config\Paths))
DEBUG - 2026-07-10 12:53:03 --> Session: Class initialized using 'CodeIgniter\Session\Handlers\FileHandler' driver.
DEBUG - 2026-07-10 12:53:41 --> Session: Class initialized using 'CodeIgniter\Session\Handlers\FileHandler' driver.
DEBUG - 2026-07-10 12:53:42 --> Session: Class initialized using 'CodeIgniter\Session\Handlers\FileHandler' driver.
DEBUG - 2026-07-10 12:55:48 --> Session: Class initialized using 'CodeIgniter\Session\Handlers\FileHandler' driver.
DEBUG - 2026-07-10 12:55:49 --> Session: Class initialized using 'CodeIgniter\Session\Handlers\FileHandler' driver.
DEBUG - 2026-07-10 12:57:05 --> Session: Class initialized using 'CodeIgniter\Session\Handlers\FileHandler' driver.
DEBUG - 2026-07-10 12:57:06 --> Session: Class initialized using 'CodeIgniter\Session\Handlers\FileHandler' driver.
DEBUG - 2026-07-10 13:57:21 --> Session: Class initialized using 'CodeIgniter\Session\Handlers\FileHandler' driver.
DEBUG - 2026-07-10 13:57:37 --> Session: Class initialized using 'CodeIgniter\Session\Handlers\FileHandler' driver.
DEBUG - 2026-07-10 13:57:44 --> Session: Class initialized using 'CodeIgniter\Session\Handlers\FileHandler' driver.
DEBUG - 2026-07-10 13:57:51 --> Session: Class initialized using 'CodeIgniter\Session\Handlers\FileHandler' driver.
DEBUG - 2026-07-10 13:57:54 --> Session: Class initialized using 'CodeIgniter\Session\Handlers\FileHandler' driver.
DEBUG - 2026-07-10 13:58:04 --> Session: Class initialized using 'CodeIgniter\Session\Handlers\FileHandler' driver.
DEBUG - 2026-07-10 13:58:04 --> Session: Class initialized using 'CodeIgniter\Session\Handlers\FileHandler' driver.
DEBUG - 2026-07-10 13:58:21 --> Session: Class initialized using 'CodeIgniter\Session\Handlers\FileHandler' driver.
DEBUG - 2026-07-10 13:59:25 --> Session: Class initialized using 'CodeIgniter\Session\Handlers\FileHandler' driver.
DEBUG - 2026-07-10 13:59:32 --> Session: Class initialized using 'CodeIgniter\Session\Handlers\FileHandler' driver.
DEBUG - 2026-07-10 14:00:51 --> Session: Class initialized using 'CodeIgniter\Session\Handlers\FileHandler' driver.
DEBUG - 2026-07-10 14:02:42 --> Session: Class initialized using 'CodeIgniter\Session\Handlers\FileHandler' driver.
DEBUG - 2026-07-10 14:02:49 --> Session: Class initialized using 'CodeIgniter\Session\Handlers\FileHandler' driver.
ERROR - 2026-07-10 14:02:58 --> mysqli_sql_exception: Unknown column 'discount_on_all' in 'field list' in C:\laragon\www\pharmacy-project\system\Database\MySQLi\Connection.php:327
Stack trace:
#0 C:\laragon\www\pharmacy-project\system\Database\MySQLi\Connection.php(327): mysqli->query('\r\n        SELEC...', 0)
#1 C:\laragon\www\pharmacy-project\system\Database\BaseConnection.php(729): CodeIgniter\Database\MySQLi\Connection->execute('\r\n        SELEC...')
#2 C:\laragon\www\pharmacy-project\system\Database\BaseConnection.php(646): CodeIgniter\Database\BaseConnection->simpleQuery('\r\n        SELEC...')
#3 C:\laragon\www\pharmacy-project\app\Controllers\profitloss.php(173): CodeIgniter\Database\BaseConnection->query('\r\n        SELEC...', Array)
#4 C:\laragon\www\pharmacy-project\system\CodeIgniter.php(933): App\Controllers\Profitloss->profitlosspdfcreate()
#5 C:\laragon\www\pharmacy-project\system\CodeIgniter.php(507): CodeIgniter\CodeIgniter->runController(Object(App\Controllers\Profitloss))
#6 C:\laragon\www\pharmacy-project\system\CodeIgniter.php(354): CodeIgniter\CodeIgniter->handleRequest(NULL, Object(Config\Cache), false)
#7 C:\laragon\www\pharmacy-project\system\Boot.php(363): CodeIgniter\CodeIgniter->run()
#8 C:\laragon\www\pharmacy-project\system\Boot.php(68): CodeIgniter\Boot::runCodeIgniter(Object(CodeIgniter\CodeIgniter))
#9 C:\laragon\www\pharmacy-project\index.php(59): CodeIgniter\Boot::bootWeb(Object(Config\Paths))
#10 {main}
CRITICAL - 2026-07-10 14:02:58 --> CodeIgniter\Database\Exceptions\DatabaseException: Unknown column 'discount_on_all' in 'field list'
[Method: POST, Route: PLReport]
in SYSTEMPATH\Database\BaseConnection.php on line 684.
 1 APPPATH\Controllers\profitloss.php(173): CodeIgniter\Database\BaseConnection->query('
        SELECT
            IFNULL(SUM(total_amount),0) AS gross_sales,
            IFNULL(SUM(product_discount),0) AS product_discount,
            IFNULL(SUM(discount_on_all),0) AS invoice_discount,
            IFNULL(SUM(product_vat),0) AS total_vat,
            IFNULL(SUM(other_charge_on_all),0) AS other_charge
        FROM sales
        WHERE sales_date BETWEEN ? AND ?
    ', [...])
 2 SYSTEMPATH\CodeIgniter.php(933): App\Controllers\Profitloss->profitlosspdfcreate()
 3 SYSTEMPATH\CodeIgniter.php(507): CodeIgniter\CodeIgniter->runController(Object(App\Controllers\Profitloss))
 4 SYSTEMPATH\CodeIgniter.php(354): CodeIgniter\CodeIgniter->handleRequest(null, Object(Config\Cache), false)
 5 SYSTEMPATH\Boot.php(363): CodeIgniter\CodeIgniter->run()
 6 SYSTEMPATH\Boot.php(68): CodeIgniter\Boot::runCodeIgniter(Object(CodeIgniter\CodeIgniter))
 7 FCPATH\index.php(59): CodeIgniter\Boot::bootWeb(Object(Config\Paths))
CRITICAL - 2026-07-10 14:02:58 --> [Caused by] CodeIgniter\Database\Exceptions\DatabaseException: Unknown column 'discount_on_all' in 'field list'
in SYSTEMPATH\Database\MySQLi\Connection.php on line 332.
 1 SYSTEMPATH\Database\BaseConnection.php(729): CodeIgniter\Database\MySQLi\Connection->execute('
        SELECT
            IFNULL(SUM(total_amount),0) AS gross_sales,
            IFNULL(SUM(product_discount),0) AS product_discount,
            IFNULL(SUM(discount_on_all),0) AS invoice_discount,
            IFNULL(SUM(product_vat),0) AS total_vat,
            IFNULL(SUM(other_charge_on_all),0) AS other_charge
        FROM sales
        WHERE sales_date BETWEEN \'2026-07-01 00:00:00\' AND \'2026-07-10 23:59:59\'
    ')
 2 SYSTEMPATH\Database\BaseConnection.php(646): CodeIgniter\Database\BaseConnection->simpleQuery('
        SELECT
            IFNULL(SUM(total_amount),0) AS gross_sales,
            IFNULL(SUM(product_discount),0) AS product_discount,
            IFNULL(SUM(discount_on_all),0) AS invoice_discount,
            IFNULL(SUM(product_vat),0) AS total_vat,
            IFNULL(SUM(other_charge_on_all),0) AS other_charge
        FROM sales
        WHERE sales_date BETWEEN \'2026-07-01 00:00:00\' AND \'2026-07-10 23:59:59\'
    ')
 3 APPPATH\Controllers\profitloss.php(173): CodeIgniter\Database\BaseConnection->query('
        SELECT
            IFNULL(SUM(total_amount),0) AS gross_sales,
            IFNULL(SUM(product_discount),0) AS product_discount,
            IFNULL(SUM(discount_on_all),0) AS invoice_discount,
            IFNULL(SUM(product_vat),0) AS total_vat,
            IFNULL(SUM(other_charge_on_all),0) AS other_charge
        FROM sales
        WHERE sales_date BETWEEN ? AND ?
    ', [...])
 4 SYSTEMPATH\CodeIgniter.php(933): App\Controllers\Profitloss->profitlosspdfcreate()
 5 SYSTEMPATH\CodeIgniter.php(507): CodeIgniter\CodeIgniter->runController(Object(App\Controllers\Profitloss))
 6 SYSTEMPATH\CodeIgniter.php(354): CodeIgniter\CodeIgniter->handleRequest(null, Object(Config\Cache), false)
 7 SYSTEMPATH\Boot.php(363): CodeIgniter\CodeIgniter->run()
 8 SYSTEMPATH\Boot.php(68): CodeIgniter\Boot::runCodeIgniter(Object(CodeIgniter\CodeIgniter))
 9 FCPATH\index.php(59): CodeIgniter\Boot::bootWeb(Object(Config\Paths))
CRITICAL - 2026-07-10 14:02:58 --> [Caused by] mysqli_sql_exception: Unknown column 'discount_on_all' in 'field list'
in SYSTEMPATH\Database\MySQLi\Connection.php on line 327.
 1 SYSTEMPATH\Database\MySQLi\Connection.php(327): mysqli->query('
        SELECT
            IFNULL(SUM(total_amount),0) AS gross_sales,
            IFNULL(SUM(product_discount),0) AS product_discount,
            IFNULL(SUM(discount_on_all),0) AS invoice_discount,
            IFNULL(SUM(product_vat),0) AS total_vat,
            IFNULL(SUM(other_charge_on_all),0) AS other_charge
        FROM sales
        WHERE sales_date BETWEEN \'2026-07-01 00:00:00\' AND \'2026-07-10 23:59:59\'
    ', 0)
 2 SYSTEMPATH\Database\BaseConnection.php(729): CodeIgniter\Database\MySQLi\Connection->execute('
        SELECT
            IFNULL(SUM(total_amount),0) AS gross_sales,
            IFNULL(SUM(product_discount),0) AS product_discount,
            IFNULL(SUM(discount_on_all),0) AS invoice_discount,
            IFNULL(SUM(product_vat),0) AS total_vat,
            IFNULL(SUM(other_charge_on_all),0) AS other_charge
        FROM sales
        WHERE sales_date BETWEEN \'2026-07-01 00:00:00\' AND \'2026-07-10 23:59:59\'
    ')
 3 SYSTEMPATH\Database\BaseConnection.php(646): CodeIgniter\Database\BaseConnection->simpleQuery('
        SELECT
            IFNULL(SUM(total_amount),0) AS gross_sales,
            IFNULL(SUM(product_discount),0) AS product_discount,
            IFNULL(SUM(discount_on_all),0) AS invoice_discount,
            IFNULL(SUM(product_vat),0) AS total_vat,
            IFNULL(SUM(other_charge_on_all),0) AS other_charge
        FROM sales
        WHERE sales_date BETWEEN \'2026-07-01 00:00:00\' AND \'2026-07-10 23:59:59\'
    ')
 4 APPPATH\Controllers\profitloss.php(173): CodeIgniter\Database\BaseConnection->query('
        SELECT
            IFNULL(SUM(total_amount),0) AS gross_sales,
            IFNULL(SUM(product_discount),0) AS product_discount,
            IFNULL(SUM(discount_on_all),0) AS invoice_discount,
            IFNULL(SUM(product_vat),0) AS total_vat,
            IFNULL(SUM(other_charge_on_all),0) AS other_charge
        FROM sales
        WHERE sales_date BETWEEN ? AND ?
    ', [...])
 5 SYSTEMPATH\CodeIgniter.php(933): App\Controllers\Profitloss->profitlosspdfcreate()
 6 SYSTEMPATH\CodeIgniter.php(507): CodeIgniter\CodeIgniter->runController(Object(App\Controllers\Profitloss))
 7 SYSTEMPATH\CodeIgniter.php(354): CodeIgniter\CodeIgniter->handleRequest(null, Object(Config\Cache), false)
 8 SYSTEMPATH\Boot.php(363): CodeIgniter\CodeIgniter->run()
 9 SYSTEMPATH\Boot.php(68): CodeIgniter\Boot::runCodeIgniter(Object(CodeIgniter\CodeIgniter))
10 FCPATH\index.php(59): CodeIgniter\Boot::bootWeb(Object(Config\Paths))
DEBUG - 2026-07-10 14:06:22 --> Session: Class initialized using 'CodeIgniter\Session\Handlers\FileHandler' driver.
DEBUG - 2026-07-10 14:21:44 --> Session: Class initialized using 'CodeIgniter\Session\Handlers\FileHandler' driver.
DEBUG - 2026-07-10 14:24:39 --> Session: Class initialized using 'CodeIgniter\Session\Handlers\FileHandler' driver.
DEBUG - 2026-07-10 14:32:11 --> Session: Class initialized using 'CodeIgniter\Session\Handlers\FileHandler' driver.
DEBUG - 2026-07-10 14:39:46 --> Session: Class initialized using 'CodeIgniter\Session\Handlers\FileHandler' driver.
DEBUG - 2026-07-10 14:46:44 --> Session: Class initialized using 'CodeIgniter\Session\Handlers\FileHandler' driver.
DEBUG - 2026-07-10 14:51:46 --> Session: Class initialized using 'CodeIgniter\Session\Handlers\FileHandler' driver.
DEBUG - 2026-07-10 16:51:34 --> Session: Class initialized using 'CodeIgniter\Session\Handlers\FileHandler' driver.
DEBUG - 2026-07-10 16:52:58 --> Session: Class initialized using 'CodeIgniter\Session\Handlers\FileHandler' driver.
