DEBUG - 2026-08-14 01:51:36 --> Session: Class initialized using 'CodeIgniter\Session\Handlers\FileHandler' driver.
DEBUG - 2026-08-14 01:51:47 --> Session: Class initialized using 'CodeIgniter\Session\Handlers\FileHandler' driver.
DEBUG - 2026-08-14 01:51:48 --> Session: Class initialized using 'CodeIgniter\Session\Handlers\FileHandler' driver.
DEBUG - 2026-08-14 01:52:04 --> Session: Class initialized using 'CodeIgniter\Session\Handlers\FileHandler' driver.
DEBUG - 2026-08-14 01:52:26 --> Session: Class initialized using 'CodeIgniter\Session\Handlers\FileHandler' driver.
DEBUG - 2026-08-14 01:52:41 --> Session: Class initialized using 'CodeIgniter\Session\Handlers\FileHandler' driver.
DEBUG - 2026-08-14 01:53:09 --> Session: Class initialized using 'CodeIgniter\Session\Handlers\FileHandler' driver.
DEBUG - 2026-08-14 01:53:33 --> Session: Class initialized using 'CodeIgniter\Session\Handlers\FileHandler' driver.
DEBUG - 2026-08-14 01:54:46 --> Session: Class initialized using 'CodeIgniter\Session\Handlers\FileHandler' driver.
DEBUG - 2026-08-14 01:54:48 --> Session: Class initialized using 'CodeIgniter\Session\Handlers\FileHandler' driver.
DEBUG - 2026-08-14 01:54:59 --> Session: Class initialized using 'CodeIgniter\Session\Handlers\FileHandler' driver.
DEBUG - 2026-08-14 01:55:24 --> Session: Class initialized using 'CodeIgniter\Session\Handlers\FileHandler' driver.
DEBUG - 2026-08-14 01:55:25 --> Session: Class initialized using 'CodeIgniter\Session\Handlers\FileHandler' driver.
DEBUG - 2026-08-14 01:55:25 --> Session: Class initialized using 'CodeIgniter\Session\Handlers\FileHandler' driver.
DEBUG - 2026-08-14 01:58:40 --> Session: Class initialized using 'CodeIgniter\Session\Handlers\FileHandler' driver.
DEBUG - 2026-08-14 01:59:40 --> Session: Class initialized using 'CodeIgniter\Session\Handlers\FileHandler' driver.
DEBUG - 2026-08-14 02:02:41 --> Session: Class initialized using 'CodeIgniter\Session\Handlers\FileHandler' driver.
DEBUG - 2026-08-14 02:04:10 --> Session: Class initialized using 'CodeIgniter\Session\Handlers\FileHandler' driver.
DEBUG - 2026-08-14 02:04:13 --> Session: Class initialized using 'CodeIgniter\Session\Handlers\FileHandler' driver.
DEBUG - 2026-08-14 02:04:29 --> Session: Class initialized using 'CodeIgniter\Session\Handlers\FileHandler' driver.
DEBUG - 2026-08-14 02:04:51 --> Session: Class initialized using 'CodeIgniter\Session\Handlers\FileHandler' driver.
DEBUG - 2026-08-14 02:06:06 --> Session: Class initialized using 'CodeIgniter\Session\Handlers\FileHandler' driver.
DEBUG - 2026-08-14 02:06:08 --> Session: Class initialized using 'CodeIgniter\Session\Handlers\FileHandler' driver.
DEBUG - 2026-08-14 02:06:15 --> Session: Class initialized using 'CodeIgniter\Session\Handlers\FileHandler' driver.
DEBUG - 2026-08-14 02:47:28 --> Session: Class initialized using 'CodeIgniter\Session\Handlers\FileHandler' driver.
DEBUG - 2026-08-14 02:47:38 --> Session: Class initialized using 'CodeIgniter\Session\Handlers\FileHandler' driver.
DEBUG - 2026-08-14 02:47:39 --> Session: Class initialized using 'CodeIgniter\Session\Handlers\FileHandler' driver.
DEBUG - 2026-08-14 02:47:40 --> Session: Class initialized using 'CodeIgniter\Session\Handlers\FileHandler' driver.
DEBUG - 2026-08-14 02:47:40 --> Session: Class initialized using 'CodeIgniter\Session\Handlers\FileHandler' driver.
DEBUG - 2026-08-14 02:47:41 --> Session: Class initialized using 'CodeIgniter\Session\Handlers\FileHandler' driver.
DEBUG - 2026-08-14 02:47:41 --> Session: Class initialized using 'CodeIgniter\Session\Handlers\FileHandler' driver.
DEBUG - 2026-08-14 02:47:42 --> Session: Class initialized using 'CodeIgniter\Session\Handlers\FileHandler' driver.
DEBUG - 2026-08-14 02:47:42 --> Session: Class initialized using 'CodeIgniter\Session\Handlers\FileHandler' driver.
DEBUG - 2026-08-14 02:47:42 --> Session: Class initialized using 'CodeIgniter\Session\Handlers\FileHandler' driver.
DEBUG - 2026-08-14 02:47:43 --> Session: Class initialized using 'CodeIgniter\Session\Handlers\FileHandler' driver.
DEBUG - 2026-08-14 02:47:43 --> Session: Class initialized using 'CodeIgniter\Session\Handlers\FileHandler' driver.
DEBUG - 2026-08-14 02:47:43 --> Session: Class initialized using 'CodeIgniter\Session\Handlers\FileHandler' driver.
DEBUG - 2026-08-14 02:47:44 --> Session: Class initialized using 'CodeIgniter\Session\Handlers\FileHandler' driver.
DEBUG - 2026-08-14 02:47:44 --> Session: Class initialized using 'CodeIgniter\Session\Handlers\FileHandler' driver.
DEBUG - 2026-08-14 02:47:44 --> Session: Class initialized using 'CodeIgniter\Session\Handlers\FileHandler' driver.
DEBUG - 2026-08-14 02:47:45 --> Session: Class initialized using 'CodeIgniter\Session\Handlers\FileHandler' driver.
DEBUG - 2026-08-14 02:47:45 --> Session: Class initialized using 'CodeIgniter\Session\Handlers\FileHandler' driver.
DEBUG - 2026-08-14 02:47:45 --> Session: Class initialized using 'CodeIgniter\Session\Handlers\FileHandler' driver.
DEBUG - 2026-08-14 02:47:46 --> Session: Class initialized using 'CodeIgniter\Session\Handlers\FileHandler' driver.
DEBUG - 2026-08-14 02:47:46 --> Session: Class initialized using 'CodeIgniter\Session\Handlers\FileHandler' driver.
DEBUG - 2026-08-14 02:47:46 --> Session: Class initialized using 'CodeIgniter\Session\Handlers\FileHandler' driver.
DEBUG - 2026-08-14 02:47:46 --> Session: Class initialized using 'CodeIgniter\Session\Handlers\FileHandler' driver.
DEBUG - 2026-08-14 02:47:47 --> Session: Class initialized using 'CodeIgniter\Session\Handlers\FileHandler' driver.
DEBUG - 2026-08-14 02:47:47 --> Session: Class initialized using 'CodeIgniter\Session\Handlers\FileHandler' driver.
DEBUG - 2026-08-14 02:47:47 --> Session: Class initialized using 'CodeIgniter\Session\Handlers\FileHandler' driver.
DEBUG - 2026-08-14 02:47:48 --> Session: Class initialized using 'CodeIgniter\Session\Handlers\FileHandler' driver.
DEBUG - 2026-08-14 02:47:48 --> Session: Class initialized using 'CodeIgniter\Session\Handlers\FileHandler' driver.
DEBUG - 2026-08-14 02:47:48 --> Session: Class initialized using 'CodeIgniter\Session\Handlers\FileHandler' driver.
DEBUG - 2026-08-14 02:47:49 --> Session: Class initialized using 'CodeIgniter\Session\Handlers\FileHandler' driver.
DEBUG - 2026-08-14 02:47:49 --> Session: Class initialized using 'CodeIgniter\Session\Handlers\FileHandler' driver.
DEBUG - 2026-08-14 02:47:50 --> Session: Class initialized using 'CodeIgniter\Session\Handlers\FileHandler' driver.
DEBUG - 2026-08-14 02:48:14 --> Session: Class initialized using 'CodeIgniter\Session\Handlers\FileHandler' driver.
DEBUG - 2026-08-14 02:48:16 --> Session: Class initialized using 'CodeIgniter\Session\Handlers\FileHandler' driver.
DEBUG - 2026-08-14 02:52:13 --> Session: Class initialized using 'CodeIgniter\Session\Handlers\FileHandler' driver.
DEBUG - 2026-08-14 03:02:35 --> Session: Class initialized using 'CodeIgniter\Session\Handlers\FileHandler' driver.
DEBUG - 2026-08-14 03:08:41 --> Session: Class initialized using 'CodeIgniter\Session\Handlers\FileHandler' driver.
DEBUG - 2026-08-14 03:08:44 --> Session: Class initialized using 'CodeIgniter\Session\Handlers\FileHandler' driver.
DEBUG - 2026-08-14 03:08:44 --> Session: Class initialized using 'CodeIgniter\Session\Handlers\FileHandler' driver.
DEBUG - 2026-08-14 03:08:44 --> Session: Class initialized using 'CodeIgniter\Session\Handlers\FileHandler' driver.
DEBUG - 2026-08-14 03:08:45 --> Session: Class initialized using 'CodeIgniter\Session\Handlers\FileHandler' driver.
DEBUG - 2026-08-14 03:08:45 --> Session: Class initialized using 'CodeIgniter\Session\Handlers\FileHandler' driver.
DEBUG - 2026-08-14 03:08:45 --> Session: Class initialized using 'CodeIgniter\Session\Handlers\FileHandler' driver.
DEBUG - 2026-08-14 03:08:46 --> Session: Class initialized using 'CodeIgniter\Session\Handlers\FileHandler' driver.
DEBUG - 2026-08-14 03:08:46 --> Session: Class initialized using 'CodeIgniter\Session\Handlers\FileHandler' driver.
DEBUG - 2026-08-14 03:08:46 --> Session: Class initialized using 'CodeIgniter\Session\Handlers\FileHandler' driver.
DEBUG - 2026-08-14 03:08:47 --> Session: Class initialized using 'CodeIgniter\Session\Handlers\FileHandler' driver.
DEBUG - 2026-08-14 03:08:47 --> Session: Class initialized using 'CodeIgniter\Session\Handlers\FileHandler' driver.
DEBUG - 2026-08-14 03:08:48 --> Session: Class initialized using 'CodeIgniter\Session\Handlers\FileHandler' driver.
DEBUG - 2026-08-14 04:30:18 --> Session: Class initialized using 'CodeIgniter\Session\Handlers\FileHandler' driver.
DEBUG - 2026-08-14 04:30:19 --> Session: Class initialized using 'CodeIgniter\Session\Handlers\FileHandler' driver.
DEBUG - 2026-08-14 04:30:27 --> Session: Class initialized using 'CodeIgniter\Session\Handlers\FileHandler' driver.
DEBUG - 2026-08-14 04:31:27 --> Session: Class initialized using 'CodeIgniter\Session\Handlers\FileHandler' driver.
DEBUG - 2026-08-14 04:33:47 --> Session: Class initialized using 'CodeIgniter\Session\Handlers\FileHandler' driver.
DEBUG - 2026-08-14 04:33:47 --> Session: Class initialized using 'CodeIgniter\Session\Handlers\FileHandler' driver.
DEBUG - 2026-08-14 04:33:48 --> Session: Class initialized using 'CodeIgniter\Session\Handlers\FileHandler' driver.
DEBUG - 2026-08-14 04:33:48 --> Session: Class initialized using 'CodeIgniter\Session\Handlers\FileHandler' driver.
DEBUG - 2026-08-14 04:33:48 --> Session: Class initialized using 'CodeIgniter\Session\Handlers\FileHandler' driver.
DEBUG - 2026-08-14 04:33:48 --> Session: Class initialized using 'CodeIgniter\Session\Handlers\FileHandler' driver.
DEBUG - 2026-08-14 04:33:49 --> Session: Class initialized using 'CodeIgniter\Session\Handlers\FileHandler' driver.
DEBUG - 2026-08-14 04:33:49 --> Session: Class initialized using 'CodeIgniter\Session\Handlers\FileHandler' driver.
DEBUG - 2026-08-14 04:33:49 --> Session: Class initialized using 'CodeIgniter\Session\Handlers\FileHandler' driver.
DEBUG - 2026-08-14 04:33:49 --> Session: Class initialized using 'CodeIgniter\Session\Handlers\FileHandler' driver.
DEBUG - 2026-08-14 04:33:49 --> Session: Class initialized using 'CodeIgniter\Session\Handlers\FileHandler' driver.
DEBUG - 2026-08-14 04:33:50 --> Session: Class initialized using 'CodeIgniter\Session\Handlers\FileHandler' driver.
DEBUG - 2026-08-14 04:33:50 --> Session: Class initialized using 'CodeIgniter\Session\Handlers\FileHandler' driver.
DEBUG - 2026-08-14 04:33:50 --> Session: Class initialized using 'CodeIgniter\Session\Handlers\FileHandler' driver.
DEBUG - 2026-08-14 04:33:50 --> Session: Class initialized using 'CodeIgniter\Session\Handlers\FileHandler' driver.
DEBUG - 2026-08-14 04:33:50 --> Session: Class initialized using 'CodeIgniter\Session\Handlers\FileHandler' driver.
DEBUG - 2026-08-14 04:33:50 --> Session: Class initialized using 'CodeIgniter\Session\Handlers\FileHandler' driver.
DEBUG - 2026-08-14 04:33:50 --> Session: Class initialized using 'CodeIgniter\Session\Handlers\FileHandler' driver.
DEBUG - 2026-08-14 04:33:50 --> Session: Class initialized using 'CodeIgniter\Session\Handlers\FileHandler' driver.
DEBUG - 2026-08-14 04:33:50 --> Session: Class initialized using 'CodeIgniter\Session\Handlers\FileHandler' driver.
DEBUG - 2026-08-14 04:33:51 --> Session: Class initialized using 'CodeIgniter\Session\Handlers\FileHandler' driver.
DEBUG - 2026-08-14 04:33:51 --> Session: Class initialized using 'CodeIgniter\Session\Handlers\FileHandler' driver.
DEBUG - 2026-08-14 04:33:51 --> Session: Class initialized using 'CodeIgniter\Session\Handlers\FileHandler' driver.
DEBUG - 2026-08-14 04:33:51 --> Session: Class initialized using 'CodeIgniter\Session\Handlers\FileHandler' driver.
DEBUG - 2026-08-14 05:18:54 --> Session: Class initialized using 'CodeIgniter\Session\Handlers\FileHandler' driver.
DEBUG - 2026-08-14 05:18:54 --> Session: Class initialized using 'CodeIgniter\Session\Handlers\FileHandler' driver.
DEBUG - 2026-08-14 05:18:55 --> Session: Class initialized using 'CodeIgniter\Session\Handlers\FileHandler' driver.
DEBUG - 2026-08-14 05:18:55 --> Session: Class initialized using 'CodeIgniter\Session\Handlers\FileHandler' driver.
DEBUG - 2026-08-14 05:18:55 --> Session: Class initialized using 'CodeIgniter\Session\Handlers\FileHandler' driver.
DEBUG - 2026-08-14 05:18:56 --> Session: Class initialized using 'CodeIgniter\Session\Handlers\FileHandler' driver.
DEBUG - 2026-08-14 05:18:56 --> Session: Class initialized using 'CodeIgniter\Session\Handlers\FileHandler' driver.
DEBUG - 2026-08-14 05:18:56 --> Session: Class initialized using 'CodeIgniter\Session\Handlers\FileHandler' driver.
DEBUG - 2026-08-14 05:18:56 --> Session: Class initialized using 'CodeIgniter\Session\Handlers\FileHandler' driver.
DEBUG - 2026-08-14 05:18:56 --> Session: Class initialized using 'CodeIgniter\Session\Handlers\FileHandler' driver.
DEBUG - 2026-08-14 05:18:56 --> Session: Class initialized using 'CodeIgniter\Session\Handlers\FileHandler' driver.
DEBUG - 2026-08-14 05:18:56 --> Session: Class initialized using 'CodeIgniter\Session\Handlers\FileHandler' driver.
DEBUG - 2026-08-14 05:18:57 --> Session: Class initialized using 'CodeIgniter\Session\Handlers\FileHandler' driver.
DEBUG - 2026-08-14 05:18:57 --> Session: Class initialized using 'CodeIgniter\Session\Handlers\FileHandler' driver.
DEBUG - 2026-08-14 05:18:57 --> Session: Class initialized using 'CodeIgniter\Session\Handlers\FileHandler' driver.
DEBUG - 2026-08-14 05:18:57 --> Session: Class initialized using 'CodeIgniter\Session\Handlers\FileHandler' driver.
DEBUG - 2026-08-14 05:18:57 --> Session: Class initialized using 'CodeIgniter\Session\Handlers\FileHandler' driver.
DEBUG - 2026-08-14 05:18:57 --> Session: Class initialized using 'CodeIgniter\Session\Handlers\FileHandler' driver.
DEBUG - 2026-08-14 05:18:57 --> Session: Class initialized using 'CodeIgniter\Session\Handlers\FileHandler' driver.
DEBUG - 2026-08-14 05:18:57 --> Session: Class initialized using 'CodeIgniter\Session\Handlers\FileHandler' driver.
DEBUG - 2026-08-14 05:18:58 --> Session: Class initialized using 'CodeIgniter\Session\Handlers\FileHandler' driver.
DEBUG - 2026-08-14 05:18:58 --> Session: Class initialized using 'CodeIgniter\Session\Handlers\FileHandler' driver.
DEBUG - 2026-08-14 05:18:58 --> Session: Class initialized using 'CodeIgniter\Session\Handlers\FileHandler' driver.
DEBUG - 2026-08-14 05:18:58 --> Session: Class initialized using 'CodeIgniter\Session\Handlers\FileHandler' driver.
DEBUG - 2026-08-14 05:18:58 --> Session: Class initialized using 'CodeIgniter\Session\Handlers\FileHandler' driver.
DEBUG - 2026-08-14 05:21:21 --> Session: Class initialized using 'CodeIgniter\Session\Handlers\FileHandler' driver.
DEBUG - 2026-08-14 05:21:55 --> Session: Class initialized using 'CodeIgniter\Session\Handlers\FileHandler' driver.
DEBUG - 2026-08-14 05:25:35 --> Session: Class initialized using 'CodeIgniter\Session\Handlers\FileHandler' driver.
DEBUG - 2026-08-14 05:25:36 --> Session: Class initialized using 'CodeIgniter\Session\Handlers\FileHandler' driver.
DEBUG - 2026-08-14 05:25:36 --> Session: Class initialized using 'CodeIgniter\Session\Handlers\FileHandler' driver.
DEBUG - 2026-08-14 05:25:36 --> Session: Class initialized using 'CodeIgniter\Session\Handlers\FileHandler' driver.
DEBUG - 2026-08-14 05:25:36 --> Session: Class initialized using 'CodeIgniter\Session\Handlers\FileHandler' driver.
DEBUG - 2026-08-14 05:26:06 --> Session: Class initialized using 'CodeIgniter\Session\Handlers\FileHandler' driver.
DEBUG - 2026-08-14 05:26:11 --> Session: Class initialized using 'CodeIgniter\Session\Handlers\FileHandler' driver.
DEBUG - 2026-08-14 05:26:33 --> Session: Class initialized using 'CodeIgniter\Session\Handlers\FileHandler' driver.
DEBUG - 2026-08-14 05:35:15 --> Session: Class initialized using 'CodeIgniter\Session\Handlers\FileHandler' driver.
DEBUG - 2026-08-14 05:35:15 --> Session: Class initialized using 'CodeIgniter\Session\Handlers\FileHandler' driver.
DEBUG - 2026-08-14 05:35:19 --> Session: Class initialized using 'CodeIgniter\Session\Handlers\FileHandler' driver.
DEBUG - 2026-08-14 05:35:41 --> Session: Class initialized using 'CodeIgniter\Session\Handlers\FileHandler' driver.
DEBUG - 2026-08-14 05:35:41 --> Session: Class initialized using 'CodeIgniter\Session\Handlers\FileHandler' driver.
DEBUG - 2026-08-14 05:35:48 --> Session: Class initialized using 'CodeIgniter\Session\Handlers\FileHandler' driver.
DEBUG - 2026-08-14 05:35:48 --> Session: Class initialized using 'CodeIgniter\Session\Handlers\FileHandler' driver.
DEBUG - 2026-08-14 05:35:51 --> Session: Class initialized using 'CodeIgniter\Session\Handlers\FileHandler' driver.
DEBUG - 2026-08-14 05:37:46 --> Session: Class initialized using 'CodeIgniter\Session\Handlers\FileHandler' driver.
DEBUG - 2026-08-14 05:38:16 --> Session: Class initialized using 'CodeIgniter\Session\Handlers\FileHandler' driver.
DEBUG - 2026-08-14 05:41:31 --> Session: Class initialized using 'CodeIgniter\Session\Handlers\FileHandler' driver.
DEBUG - 2026-08-14 05:42:23 --> Session: Class initialized using 'CodeIgniter\Session\Handlers\FileHandler' driver.
DEBUG - 2026-08-14 06:03:28 --> Session: Class initialized using 'CodeIgniter\Session\Handlers\FileHandler' driver.
ERROR - 2026-08-14 06:03:28 --> mysqli_sql_exception: Unknown column 'pos.quantity_per_pack' in 'field list' in C:\laragon\www\pharmacy-project\system\Database\MySQLi\Connection.php:327
Stack trace:
#0 C:\laragon\www\pharmacy-project\system\Database\MySQLi\Connection.php(327): mysqli->query('SELECT p.produc...', 0)
#1 C:\laragon\www\pharmacy-project\system\Database\BaseConnection.php(729): CodeIgniter\Database\MySQLi\Connection->execute('SELECT p.produc...')
#2 C:\laragon\www\pharmacy-project\system\Database\BaseConnection.php(646): CodeIgniter\Database\BaseConnection->simpleQuery('SELECT p.produc...')
#3 C:\laragon\www\pharmacy-project\system\Database\BaseBuilder.php(1649): CodeIgniter\Database\BaseConnection->query('SELECT p.produc...', Array, false)
#4 C:\laragon\www\pharmacy-project\app\Models\ProductModel.php(245): CodeIgniter\Database\BaseBuilder->get()
#5 C:\laragon\www\pharmacy-project\app\Controllers\PosController.php(45): App\Models\ProductModel->getProducts(NULL)
#6 C:\laragon\www\pharmacy-project\system\CodeIgniter.php(933): App\Controllers\PosController->index()
#7 C:\laragon\www\pharmacy-project\system\CodeIgniter.php(507): CodeIgniter\CodeIgniter->runController(Object(App\Controllers\PosController))
#8 C:\laragon\www\pharmacy-project\system\CodeIgniter.php(354): CodeIgniter\CodeIgniter->handleRequest(NULL, Object(Config\Cache), false)
#9 C:\laragon\www\pharmacy-project\system\Boot.php(363): CodeIgniter\CodeIgniter->run()
#10 C:\laragon\www\pharmacy-project\system\Boot.php(68): CodeIgniter\Boot::runCodeIgniter(Object(CodeIgniter\CodeIgniter))
#11 C:\laragon\www\pharmacy-project\index.php(59): CodeIgniter\Boot::bootWeb(Object(Config\Paths))
#12 {main}
CRITICAL - 2026-08-14 06:03:28 --> CodeIgniter\Database\Exceptions\DatabaseException: Unknown column 'pos.quantity_per_pack' in 'field list'
[Method: GET, Route: pos]
in SYSTEMPATH\Database\BaseConnection.php on line 684.
 1 SYSTEMPATH\Database\BaseBuilder.php(1649): CodeIgniter\Database\BaseConnection->query('SELECT p.product_id,
        p.product_name,
        p.product_image,
        p.barcode,
        p.alert_quantity,

        pc.category_name,

        /* =========================================
           PRICE
           Opening stock first,
           Latest purchase as fallback
        ========================================= */

        COALESCE(
            pos.purchase_price_without_vat,
            lp.base_price_per_unit,
            0
        ) AS purchase_price_without_vat,

        COALESCE(
            pos.purchase_price_with_vat,
            lp.purchase_price,
            0
        ) AS purchase_price_with_vat,

        COALESCE(
            pos.tax_type,
            CASE
                WHEN lp.tax_percentage > 0
                THEN \'with_tax\'
                ELSE \'without_tax\'
            END,
            \'without_tax\'
        ) AS tax_type,

        COALESCE(
            pos.tax_id,
            lp.tax_id
        ) AS tax_id,

        COALESCE(
            pos.tax_percentage,
            lp.tax_percentage,
            0
        ) AS tax_percentage,

        COALESCE(
            pos.tax_amount,
            lp.product_wise_vat_amount,
            0
        ) AS tax_amount,

        COALESCE(
            pos.profit_margin_percent,
            CASE
                WHEN lp.purchase_price > 0
                THEN ((lp.selling_price - lp.purchase_price)
                      / lp.purchase_price) * 100
                ELSE 0
            END,
            0
        ) AS profit_margin_percent,

        COALESCE(
            NULLIF(pos.selling_price, 0),
            NULLIF(lp.selling_price, 0),
            0
        ) AS selling_price,



/* =========================================
   PACK / UNIT INFORMATION
========================================= */

COALESCE(
    pos.quantity_per_pack,
    lp.quantity_per_pack,
    1
) AS quantity_per_pack,

COALESCE(
    pos.box_quantity,
    lp.box_quantity,
    1
) AS box_quantity,




        /* =========================================
           CURRENT STOCK
           ========================================= */

        COALESCE(sl.total_stock, 0) AS total_stock
FROM `products` `p`
LEFT JOIN `product_category` `pc` ON `pc`.`product_category_id` = `p`.`product_category`
LEFT JOIN product_opening_stock pos ON pos.product_id = p.product_id
         AND pos.status = "active"
LEFT JOIN (
            SELECT ppd.*
            FROM product_purchase_details ppd

            INNER JOIN (
                SELECT
                    ppd2.product_id,
                    MAX(ppd2.purchase_details_id) AS latest_purchase_details_id

                FROM product_purchase_details ppd2

                INNER JOIN product_purchase pp2
                    ON pp2.purchase_id = ppd2.purchase_id

                WHERE pp2.status = "active"

                GROUP BY ppd2.product_id

            ) latest
                ON latest.latest_purchase_details_id =
                   ppd.purchase_details_id

        ) lp ON lp.product_id = p.product_id
LEFT JOIN (
            SELECT
                product_id,
                SUM(
                    COALESCE(qty_in, 0)
                    -
                    COALESCE(qty_out, 0)
                ) AS total_stock

            FROM stock_ledger

            GROUP BY product_id

        ) sl ON sl.product_id = p.product_id
WHERE `p`.`status` = :p.status:
ORDER BY `p`.`product_name` ASC', [...], false)
 2 APPPATH\Models\ProductModel.php(245): CodeIgniter\Database\BaseBuilder->get()
 3 APPPATH\Controllers\PosController.php(45): App\Models\ProductModel->getProducts(null)
 4 SYSTEMPATH\CodeIgniter.php(933): App\Controllers\PosController->index()
 5 SYSTEMPATH\CodeIgniter.php(507): CodeIgniter\CodeIgniter->runController(Object(App\Controllers\PosController))
 6 SYSTEMPATH\CodeIgniter.php(354): CodeIgniter\CodeIgniter->handleRequest(null, Object(Config\Cache), false)
 7 SYSTEMPATH\Boot.php(363): CodeIgniter\CodeIgniter->run()
 8 SYSTEMPATH\Boot.php(68): CodeIgniter\Boot::runCodeIgniter(Object(CodeIgniter\CodeIgniter))
 9 FCPATH\index.php(59): CodeIgniter\Boot::bootWeb(Object(Config\Paths))
CRITICAL - 2026-08-14 06:03:28 --> [Caused by] CodeIgniter\Database\Exceptions\DatabaseException: Unknown column 'pos.quantity_per_pack' in 'field list'
in SYSTEMPATH\Database\MySQLi\Connection.php on line 332.
 1 SYSTEMPATH\Database\BaseConnection.php(729): CodeIgniter\Database\MySQLi\Connection->execute('SELECT p.product_id,
        p.product_name,
        p.product_image,
        p.barcode,
        p.alert_quantity,

        pc.category_name,

        /* =========================================
           PRICE
           Opening stock first,
           Latest purchase as fallback
        ========================================= */

        COALESCE(
            pos.purchase_price_without_vat,
            lp.base_price_per_unit,
            0
        ) AS purchase_price_without_vat,

        COALESCE(
            pos.purchase_price_with_vat,
            lp.purchase_price,
            0
        ) AS purchase_price_with_vat,

        COALESCE(
            pos.tax_type,
            CASE
                WHEN lp.tax_percentage > 0
                THEN \'with_tax\'
                ELSE \'without_tax\'
            END,
            \'without_tax\'
        ) AS tax_type,

        COALESCE(
            pos.tax_id,
            lp.tax_id
        ) AS tax_id,

        COALESCE(
            pos.tax_percentage,
            lp.tax_percentage,
            0
        ) AS tax_percentage,

        COALESCE(
            pos.tax_amount,
            lp.product_wise_vat_amount,
            0
        ) AS tax_amount,

        COALESCE(
            pos.profit_margin_percent,
            CASE
                WHEN lp.purchase_price > 0
                THEN ((lp.selling_price - lp.purchase_price)
                      / lp.purchase_price) * 100
                ELSE 0
            END,
            0
        ) AS profit_margin_percent,

        COALESCE(
            NULLIF(pos.selling_price, 0),
            NULLIF(lp.selling_price, 0),
            0
        ) AS selling_price,



/* =========================================
   PACK / UNIT INFORMATION
========================================= */

COALESCE(
    pos.quantity_per_pack,
    lp.quantity_per_pack,
    1
) AS quantity_per_pack,

COALESCE(
    pos.box_quantity,
    lp.box_quantity,
    1
) AS box_quantity,




        /* =========================================
           CURRENT STOCK
           ========================================= */

        COALESCE(sl.total_stock, 0) AS total_stock
FROM `products` `p`
LEFT JOIN `product_category` `pc` ON `pc`.`product_category_id` = `p`.`product_category`
LEFT JOIN product_opening_stock pos ON pos.product_id = p.product_id
         AND pos.status = "active"
LEFT JOIN (
            SELECT ppd.*
            FROM product_purchase_details ppd

            INNER JOIN (
                SELECT
                    ppd2.product_id,
                    MAX(ppd2.purchase_details_id) AS latest_purchase_details_id

                FROM product_purchase_details ppd2

                INNER JOIN product_purchase pp2
                    ON pp2.purchase_id = ppd2.purchase_id

                WHERE pp2.status = "active"

                GROUP BY ppd2.product_id

            ) latest
                ON latest.latest_purchase_details_id =
                   ppd.purchase_details_id

        ) lp ON lp.product_id = p.product_id
LEFT JOIN (
            SELECT
                product_id,
                SUM(
                    COALESCE(qty_in, 0)
                    -
                    COALESCE(qty_out, 0)
                ) AS total_stock

            FROM stock_ledger

            GROUP BY product_id

        ) sl ON sl.product_id = p.product_id
WHERE `p`.`status` = \'active\'
ORDER BY `p`.`product_name` ASC')
 2 SYSTEMPATH\Database\BaseConnection.php(646): CodeIgniter\Database\BaseConnection->simpleQuery('SELECT p.product_id,
        p.product_name,
        p.product_image,
        p.barcode,
        p.alert_quantity,

        pc.category_name,

        /* =========================================
           PRICE
           Opening stock first,
           Latest purchase as fallback
        ========================================= */

        COALESCE(
            pos.purchase_price_without_vat,
            lp.base_price_per_unit,
            0
        ) AS purchase_price_without_vat,

        COALESCE(
            pos.purchase_price_with_vat,
            lp.purchase_price,
            0
        ) AS purchase_price_with_vat,

        COALESCE(
            pos.tax_type,
            CASE
                WHEN lp.tax_percentage > 0
                THEN \'with_tax\'
                ELSE \'without_tax\'
            END,
            \'without_tax\'
        ) AS tax_type,

        COALESCE(
            pos.tax_id,
            lp.tax_id
        ) AS tax_id,

        COALESCE(
            pos.tax_percentage,
            lp.tax_percentage,
            0
        ) AS tax_percentage,

        COALESCE(
            pos.tax_amount,
            lp.product_wise_vat_amount,
            0
        ) AS tax_amount,

        COALESCE(
            pos.profit_margin_percent,
            CASE
                WHEN lp.purchase_price > 0
                THEN ((lp.selling_price - lp.purchase_price)
                      / lp.purchase_price) * 100
                ELSE 0
            END,
            0
        ) AS profit_margin_percent,

        COALESCE(
            NULLIF(pos.selling_price, 0),
            NULLIF(lp.selling_price, 0),
            0
        ) AS selling_price,



/* =========================================
   PACK / UNIT INFORMATION
========================================= */

COALESCE(
    pos.quantity_per_pack,
    lp.quantity_per_pack,
    1
) AS quantity_per_pack,

COALESCE(
    pos.box_quantity,
    lp.box_quantity,
    1
) AS box_quantity,




        /* =========================================
           CURRENT STOCK
           ========================================= */

        COALESCE(sl.total_stock, 0) AS total_stock
FROM `products` `p`
LEFT JOIN `product_category` `pc` ON `pc`.`product_category_id` = `p`.`product_category`
LEFT JOIN product_opening_stock pos ON pos.product_id = p.product_id
         AND pos.status = "active"
LEFT JOIN (
            SELECT ppd.*
            FROM product_purchase_details ppd

            INNER JOIN (
                SELECT
                    ppd2.product_id,
                    MAX(ppd2.purchase_details_id) AS latest_purchase_details_id

                FROM product_purchase_details ppd2

                INNER JOIN product_purchase pp2
                    ON pp2.purchase_id = ppd2.purchase_id

                WHERE pp2.status = "active"

                GROUP BY ppd2.product_id

            ) latest
                ON latest.latest_purchase_details_id =
                   ppd.purchase_details_id

        ) lp ON lp.product_id = p.product_id
LEFT JOIN (
            SELECT
                product_id,
                SUM(
                    COALESCE(qty_in, 0)
                    -
                    COALESCE(qty_out, 0)
                ) AS total_stock

            FROM stock_ledger

            GROUP BY product_id

        ) sl ON sl.product_id = p.product_id
WHERE `p`.`status` = \'active\'
ORDER BY `p`.`product_name` ASC')
 3 SYSTEMPATH\Database\BaseBuilder.php(1649): CodeIgniter\Database\BaseConnection->query('SELECT p.product_id,
        p.product_name,
        p.product_image,
        p.barcode,
        p.alert_quantity,

        pc.category_name,

        /* =========================================
           PRICE
           Opening stock first,
           Latest purchase as fallback
        ========================================= */

        COALESCE(
            pos.purchase_price_without_vat,
            lp.base_price_per_unit,
            0
        ) AS purchase_price_without_vat,

        COALESCE(
            pos.purchase_price_with_vat,
            lp.purchase_price,
            0
        ) AS purchase_price_with_vat,

        COALESCE(
            pos.tax_type,
            CASE
                WHEN lp.tax_percentage > 0
                THEN \'with_tax\'
                ELSE \'without_tax\'
            END,
            \'without_tax\'
        ) AS tax_type,

        COALESCE(
            pos.tax_id,
            lp.tax_id
        ) AS tax_id,

        COALESCE(
            pos.tax_percentage,
            lp.tax_percentage,
            0
        ) AS tax_percentage,

        COALESCE(
            pos.tax_amount,
            lp.product_wise_vat_amount,
            0
        ) AS tax_amount,

        COALESCE(
            pos.profit_margin_percent,
            CASE
                WHEN lp.purchase_price > 0
                THEN ((lp.selling_price - lp.purchase_price)
                      / lp.purchase_price) * 100
                ELSE 0
            END,
            0
        ) AS profit_margin_percent,

        COALESCE(
            NULLIF(pos.selling_price, 0),
            NULLIF(lp.selling_price, 0),
            0
        ) AS selling_price,



/* =========================================
   PACK / UNIT INFORMATION
========================================= */

COALESCE(
    pos.quantity_per_pack,
    lp.quantity_per_pack,
    1
) AS quantity_per_pack,

COALESCE(
    pos.box_quantity,
    lp.box_quantity,
    1
) AS box_quantity,




        /* =========================================
           CURRENT STOCK
           ========================================= */

        COALESCE(sl.total_stock, 0) AS total_stock
FROM `products` `p`
LEFT JOIN `product_category` `pc` ON `pc`.`product_category_id` = `p`.`product_category`
LEFT JOIN product_opening_stock pos ON pos.product_id = p.product_id
         AND pos.status = "active"
LEFT JOIN (
            SELECT ppd.*
            FROM product_purchase_details ppd

            INNER JOIN (
                SELECT
                    ppd2.product_id,
                    MAX(ppd2.purchase_details_id) AS latest_purchase_details_id

                FROM product_purchase_details ppd2

                INNER JOIN product_purchase pp2
                    ON pp2.purchase_id = ppd2.purchase_id

                WHERE pp2.status = "active"

                GROUP BY ppd2.product_id

            ) latest
                ON latest.latest_purchase_details_id =
                   ppd.purchase_details_id

        ) lp ON lp.product_id = p.product_id
LEFT JOIN (
            SELECT
                product_id,
                SUM(
                    COALESCE(qty_in, 0)
                    -
                    COALESCE(qty_out, 0)
                ) AS total_stock

            FROM stock_ledger

            GROUP BY product_id

        ) sl ON sl.product_id = p.product_id
WHERE `p`.`status` = :p.status:
ORDER BY `p`.`product_name` ASC', [...], false)
 4 APPPATH\Models\ProductModel.php(245): CodeIgniter\Database\BaseBuilder->get()
 5 APPPATH\Controllers\PosController.php(45): App\Models\ProductModel->getProducts(null)
 6 SYSTEMPATH\CodeIgniter.php(933): App\Controllers\PosController->index()
 7 SYSTEMPATH\CodeIgniter.php(507): CodeIgniter\CodeIgniter->runController(Object(App\Controllers\PosController))
 8 SYSTEMPATH\CodeIgniter.php(354): CodeIgniter\CodeIgniter->handleRequest(null, Object(Config\Cache), false)
 9 SYSTEMPATH\Boot.php(363): CodeIgniter\CodeIgniter->run()
10 SYSTEMPATH\Boot.php(68): CodeIgniter\Boot::runCodeIgniter(Object(CodeIgniter\CodeIgniter))
11 FCPATH\index.php(59): CodeIgniter\Boot::bootWeb(Object(Config\Paths))
CRITICAL - 2026-08-14 06:03:28 --> [Caused by] mysqli_sql_exception: Unknown column 'pos.quantity_per_pack' in 'field list'
in SYSTEMPATH\Database\MySQLi\Connection.php on line 327.
 1 SYSTEMPATH\Database\MySQLi\Connection.php(327): mysqli->query('SELECT p.product_id,
        p.product_name,
        p.product_image,
        p.barcode,
        p.alert_quantity,

        pc.category_name,

        /* =========================================
           PRICE
           Opening stock first,
           Latest purchase as fallback
        ========================================= */

        COALESCE(
            pos.purchase_price_without_vat,
            lp.base_price_per_unit,
            0
        ) AS purchase_price_without_vat,

        COALESCE(
            pos.purchase_price_with_vat,
            lp.purchase_price,
            0
        ) AS purchase_price_with_vat,

        COALESCE(
            pos.tax_type,
            CASE
                WHEN lp.tax_percentage > 0
                THEN \'with_tax\'
                ELSE \'without_tax\'
            END,
            \'without_tax\'
        ) AS tax_type,

        COALESCE(
            pos.tax_id,
            lp.tax_id
        ) AS tax_id,

        COALESCE(
            pos.tax_percentage,
            lp.tax_percentage,
            0
        ) AS tax_percentage,

        COALESCE(
            pos.tax_amount,
            lp.product_wise_vat_amount,
            0
        ) AS tax_amount,

        COALESCE(
            pos.profit_margin_percent,
            CASE
                WHEN lp.purchase_price > 0
                THEN ((lp.selling_price - lp.purchase_price)
                      / lp.purchase_price) * 100
                ELSE 0
            END,
            0
        ) AS profit_margin_percent,

        COALESCE(
            NULLIF(pos.selling_price, 0),
            NULLIF(lp.selling_price, 0),
            0
        ) AS selling_price,



/* =========================================
   PACK / UNIT INFORMATION
========================================= */

COALESCE(
    pos.quantity_per_pack,
    lp.quantity_per_pack,
    1
) AS quantity_per_pack,

COALESCE(
    pos.box_quantity,
    lp.box_quantity,
    1
) AS box_quantity,




        /* =========================================
           CURRENT STOCK
           ========================================= */

        COALESCE(sl.total_stock, 0) AS total_stock
FROM `products` `p`
LEFT JOIN `product_category` `pc` ON `pc`.`product_category_id` = `p`.`product_category`
LEFT JOIN product_opening_stock pos ON pos.product_id = p.product_id
         AND pos.status = "active"
LEFT JOIN (
            SELECT ppd.*
            FROM product_purchase_details ppd

            INNER JOIN (
                SELECT
                    ppd2.product_id,
                    MAX(ppd2.purchase_details_id) AS latest_purchase_details_id

                FROM product_purchase_details ppd2

                INNER JOIN product_purchase pp2
                    ON pp2.purchase_id = ppd2.purchase_id

                WHERE pp2.status = "active"

                GROUP BY ppd2.product_id

            ) latest
                ON latest.latest_purchase_details_id =
                   ppd.purchase_details_id

        ) lp ON lp.product_id = p.product_id
LEFT JOIN (
            SELECT
                product_id,
                SUM(
                    COALESCE(qty_in, 0)
                    -
                    COALESCE(qty_out, 0)
                ) AS total_stock

            FROM stock_ledger

            GROUP BY product_id

        ) sl ON sl.product_id = p.product_id
WHERE `p`.`status` = \'active\'
ORDER BY `p`.`product_name` ASC', 0)
 2 SYSTEMPATH\Database\BaseConnection.php(729): CodeIgniter\Database\MySQLi\Connection->execute('SELECT p.product_id,
        p.product_name,
        p.product_image,
        p.barcode,
        p.alert_quantity,

        pc.category_name,

        /* =========================================
           PRICE
           Opening stock first,
           Latest purchase as fallback
        ========================================= */

        COALESCE(
            pos.purchase_price_without_vat,
            lp.base_price_per_unit,
            0
        ) AS purchase_price_without_vat,

        COALESCE(
            pos.purchase_price_with_vat,
            lp.purchase_price,
            0
        ) AS purchase_price_with_vat,

        COALESCE(
            pos.tax_type,
            CASE
                WHEN lp.tax_percentage > 0
                THEN \'with_tax\'
                ELSE \'without_tax\'
            END,
            \'without_tax\'
        ) AS tax_type,

        COALESCE(
            pos.tax_id,
            lp.tax_id
        ) AS tax_id,

        COALESCE(
            pos.tax_percentage,
            lp.tax_percentage,
            0
        ) AS tax_percentage,

        COALESCE(
            pos.tax_amount,
            lp.product_wise_vat_amount,
            0
        ) AS tax_amount,

        COALESCE(
            pos.profit_margin_percent,
            CASE
                WHEN lp.purchase_price > 0
                THEN ((lp.selling_price - lp.purchase_price)
                      / lp.purchase_price) * 100
                ELSE 0
            END,
            0
        ) AS profit_margin_percent,

        COALESCE(
            NULLIF(pos.selling_price, 0),
            NULLIF(lp.selling_price, 0),
            0
        ) AS selling_price,



/* =========================================
   PACK / UNIT INFORMATION
========================================= */

COALESCE(
    pos.quantity_per_pack,
    lp.quantity_per_pack,
    1
) AS quantity_per_pack,

COALESCE(
    pos.box_quantity,
    lp.box_quantity,
    1
) AS box_quantity,




        /* =========================================
           CURRENT STOCK
           ========================================= */

        COALESCE(sl.total_stock, 0) AS total_stock
FROM `products` `p`
LEFT JOIN `product_category` `pc` ON `pc`.`product_category_id` = `p`.`product_category`
LEFT JOIN product_opening_stock pos ON pos.product_id = p.product_id
         AND pos.status = "active"
LEFT JOIN (
            SELECT ppd.*
            FROM product_purchase_details ppd

            INNER JOIN (
                SELECT
                    ppd2.product_id,
                    MAX(ppd2.purchase_details_id) AS latest_purchase_details_id

                FROM product_purchase_details ppd2

                INNER JOIN product_purchase pp2
                    ON pp2.purchase_id = ppd2.purchase_id

                WHERE pp2.status = "active"

                GROUP BY ppd2.product_id

            ) latest
                ON latest.latest_purchase_details_id =
                   ppd.purchase_details_id

        ) lp ON lp.product_id = p.product_id
LEFT JOIN (
            SELECT
                product_id,
                SUM(
                    COALESCE(qty_in, 0)
                    -
                    COALESCE(qty_out, 0)
                ) AS total_stock

            FROM stock_ledger

            GROUP BY product_id

        ) sl ON sl.product_id = p.product_id
WHERE `p`.`status` = \'active\'
ORDER BY `p`.`product_name` ASC')
 3 SYSTEMPATH\Database\BaseConnection.php(646): CodeIgniter\Database\BaseConnection->simpleQuery('SELECT p.product_id,
        p.product_name,
        p.product_image,
        p.barcode,
        p.alert_quantity,

        pc.category_name,

        /* =========================================
           PRICE
           Opening stock first,
           Latest purchase as fallback
        ========================================= */

        COALESCE(
            pos.purchase_price_without_vat,
            lp.base_price_per_unit,
            0
        ) AS purchase_price_without_vat,

        COALESCE(
            pos.purchase_price_with_vat,
            lp.purchase_price,
            0
        ) AS purchase_price_with_vat,

        COALESCE(
            pos.tax_type,
            CASE
                WHEN lp.tax_percentage > 0
                THEN \'with_tax\'
                ELSE \'without_tax\'
            END,
            \'without_tax\'
        ) AS tax_type,

        COALESCE(
            pos.tax_id,
            lp.tax_id
        ) AS tax_id,

        COALESCE(
            pos.tax_percentage,
            lp.tax_percentage,
            0
        ) AS tax_percentage,

        COALESCE(
            pos.tax_amount,
            lp.product_wise_vat_amount,
            0
        ) AS tax_amount,

        COALESCE(
            pos.profit_margin_percent,
            CASE
                WHEN lp.purchase_price > 0
                THEN ((lp.selling_price - lp.purchase_price)
                      / lp.purchase_price) * 100
                ELSE 0
            END,
            0
        ) AS profit_margin_percent,

        COALESCE(
            NULLIF(pos.selling_price, 0),
            NULLIF(lp.selling_price, 0),
            0
        ) AS selling_price,



/* =========================================
   PACK / UNIT INFORMATION
========================================= */

COALESCE(
    pos.quantity_per_pack,
    lp.quantity_per_pack,
    1
) AS quantity_per_pack,

COALESCE(
    pos.box_quantity,
    lp.box_quantity,
    1
) AS box_quantity,




        /* =========================================
           CURRENT STOCK
           ========================================= */

        COALESCE(sl.total_stock, 0) AS total_stock
FROM `products` `p`
LEFT JOIN `product_category` `pc` ON `pc`.`product_category_id` = `p`.`product_category`
LEFT JOIN product_opening_stock pos ON pos.product_id = p.product_id
         AND pos.status = "active"
LEFT JOIN (
            SELECT ppd.*
            FROM product_purchase_details ppd

            INNER JOIN (
                SELECT
                    ppd2.product_id,
                    MAX(ppd2.purchase_details_id) AS latest_purchase_details_id

                FROM product_purchase_details ppd2

                INNER JOIN product_purchase pp2
                    ON pp2.purchase_id = ppd2.purchase_id

                WHERE pp2.status = "active"

                GROUP BY ppd2.product_id

            ) latest
                ON latest.latest_purchase_details_id =
                   ppd.purchase_details_id

        ) lp ON lp.product_id = p.product_id
LEFT JOIN (
            SELECT
                product_id,
                SUM(
                    COALESCE(qty_in, 0)
                    -
                    COALESCE(qty_out, 0)
                ) AS total_stock

            FROM stock_ledger

            GROUP BY product_id

        ) sl ON sl.product_id = p.product_id
WHERE `p`.`status` = \'active\'
ORDER BY `p`.`product_name` ASC')
 4 SYSTEMPATH\Database\BaseBuilder.php(1649): CodeIgniter\Database\BaseConnection->query('SELECT p.product_id,
        p.product_name,
        p.product_image,
        p.barcode,
        p.alert_quantity,

        pc.category_name,

        /* =========================================
           PRICE
           Opening stock first,
           Latest purchase as fallback
        ========================================= */

        COALESCE(
            pos.purchase_price_without_vat,
            lp.base_price_per_unit,
            0
        ) AS purchase_price_without_vat,

        COALESCE(
            pos.purchase_price_with_vat,
            lp.purchase_price,
            0
        ) AS purchase_price_with_vat,

        COALESCE(
            pos.tax_type,
            CASE
                WHEN lp.tax_percentage > 0
                THEN \'with_tax\'
                ELSE \'without_tax\'
            END,
            \'without_tax\'
        ) AS tax_type,

        COALESCE(
            pos.tax_id,
            lp.tax_id
        ) AS tax_id,

        COALESCE(
            pos.tax_percentage,
            lp.tax_percentage,
            0
        ) AS tax_percentage,

        COALESCE(
            pos.tax_amount,
            lp.product_wise_vat_amount,
            0
        ) AS tax_amount,

        COALESCE(
            pos.profit_margin_percent,
            CASE
                WHEN lp.purchase_price > 0
                THEN ((lp.selling_price - lp.purchase_price)
                      / lp.purchase_price) * 100
                ELSE 0
            END,
            0
        ) AS profit_margin_percent,

        COALESCE(
            NULLIF(pos.selling_price, 0),
            NULLIF(lp.selling_price, 0),
            0
        ) AS selling_price,



/* =========================================
   PACK / UNIT INFORMATION
========================================= */

COALESCE(
    pos.quantity_per_pack,
    lp.quantity_per_pack,
    1
) AS quantity_per_pack,

COALESCE(
    pos.box_quantity,
    lp.box_quantity,
    1
) AS box_quantity,




        /* =========================================
           CURRENT STOCK
           ========================================= */

        COALESCE(sl.total_stock, 0) AS total_stock
FROM `products` `p`
LEFT JOIN `product_category` `pc` ON `pc`.`product_category_id` = `p`.`product_category`
LEFT JOIN product_opening_stock pos ON pos.product_id = p.product_id
         AND pos.status = "active"
LEFT JOIN (
            SELECT ppd.*
            FROM product_purchase_details ppd

            INNER JOIN (
                SELECT
                    ppd2.product_id,
                    MAX(ppd2.purchase_details_id) AS latest_purchase_details_id

                FROM product_purchase_details ppd2

                INNER JOIN product_purchase pp2
                    ON pp2.purchase_id = ppd2.purchase_id

                WHERE pp2.status = "active"

                GROUP BY ppd2.product_id

            ) latest
                ON latest.latest_purchase_details_id =
                   ppd.purchase_details_id

        ) lp ON lp.product_id = p.product_id
LEFT JOIN (
            SELECT
                product_id,
                SUM(
                    COALESCE(qty_in, 0)
                    -
                    COALESCE(qty_out, 0)
                ) AS total_stock

            FROM stock_ledger

            GROUP BY product_id

        ) sl ON sl.product_id = p.product_id
WHERE `p`.`status` = :p.status:
ORDER BY `p`.`product_name` ASC', [...], false)
 5 APPPATH\Models\ProductModel.php(245): CodeIgniter\Database\BaseBuilder->get()
 6 APPPATH\Controllers\PosController.php(45): App\Models\ProductModel->getProducts(null)
 7 SYSTEMPATH\CodeIgniter.php(933): App\Controllers\PosController->index()
 8 SYSTEMPATH\CodeIgniter.php(507): CodeIgniter\CodeIgniter->runController(Object(App\Controllers\PosController))
 9 SYSTEMPATH\CodeIgniter.php(354): CodeIgniter\CodeIgniter->handleRequest(null, Object(Config\Cache), false)
10 SYSTEMPATH\Boot.php(363): CodeIgniter\CodeIgniter->run()
11 SYSTEMPATH\Boot.php(68): CodeIgniter\Boot::runCodeIgniter(Object(CodeIgniter\CodeIgniter))
12 FCPATH\index.php(59): CodeIgniter\Boot::bootWeb(Object(Config\Paths))
DEBUG - 2026-08-14 06:05:38 --> Session: Class initialized using 'CodeIgniter\Session\Handlers\FileHandler' driver.
DEBUG - 2026-08-14 06:11:59 --> Session: Class initialized using 'CodeIgniter\Session\Handlers\FileHandler' driver.
DEBUG - 2026-08-14 06:12:01 --> Session: Class initialized using 'CodeIgniter\Session\Handlers\FileHandler' driver.
DEBUG - 2026-08-14 06:12:41 --> Session: Class initialized using 'CodeIgniter\Session\Handlers\FileHandler' driver.
DEBUG - 2026-08-14 06:12:42 --> Session: Class initialized using 'CodeIgniter\Session\Handlers\FileHandler' driver.
DEBUG - 2026-08-14 06:12:42 --> Session: Class initialized using 'CodeIgniter\Session\Handlers\FileHandler' driver.
DEBUG - 2026-08-14 12:16:41 --> Session: Class initialized using 'CodeIgniter\Session\Handlers\FileHandler' driver.
DEBUG - 2026-08-14 12:17:19 --> Session: Class initialized using 'CodeIgniter\Session\Handlers\FileHandler' driver.
DEBUG - 2026-08-14 12:17:22 --> Session: Class initialized using 'CodeIgniter\Session\Handlers\FileHandler' driver.
DEBUG - 2026-08-14 12:17:38 --> Session: Class initialized using 'CodeIgniter\Session\Handlers\FileHandler' driver.
DEBUG - 2026-08-14 13:57:22 --> Session: Class initialized using 'CodeIgniter\Session\Handlers\FileHandler' driver.
DEBUG - 2026-08-14 13:58:55 --> Session: Class initialized using 'CodeIgniter\Session\Handlers\FileHandler' driver.
DEBUG - 2026-08-14 13:58:56 --> Session: Class initialized using 'CodeIgniter\Session\Handlers\FileHandler' driver.
DEBUG - 2026-08-14 13:58:56 --> Session: Class initialized using 'CodeIgniter\Session\Handlers\FileHandler' driver.
DEBUG - 2026-08-14 13:59:13 --> Session: Class initialized using 'CodeIgniter\Session\Handlers\FileHandler' driver.
DEBUG - 2026-08-14 13:59:22 --> Session: Class initialized using 'CodeIgniter\Session\Handlers\FileHandler' driver.
DEBUG - 2026-08-14 13:59:41 --> Session: Class initialized using 'CodeIgniter\Session\Handlers\FileHandler' driver.
DEBUG - 2026-08-14 13:59:42 --> Session: Class initialized using 'CodeIgniter\Session\Handlers\FileHandler' driver.
DEBUG - 2026-08-14 13:59:42 --> Session: Class initialized using 'CodeIgniter\Session\Handlers\FileHandler' driver.
DEBUG - 2026-08-14 14:01:09 --> Session: Class initialized using 'CodeIgniter\Session\Handlers\FileHandler' driver.
DEBUG - 2026-08-14 14:01:10 --> Session: Class initialized using 'CodeIgniter\Session\Handlers\FileHandler' driver.
DEBUG - 2026-08-14 14:01:10 --> Session: Class initialized using 'CodeIgniter\Session\Handlers\FileHandler' driver.
DEBUG - 2026-08-14 14:12:36 --> Session: Class initialized using 'CodeIgniter\Session\Handlers\FileHandler' driver.
DEBUG - 2026-08-14 14:12:39 --> Session: Class initialized using 'CodeIgniter\Session\Handlers\FileHandler' driver.
DEBUG - 2026-08-14 14:26:55 --> Session: Class initialized using 'CodeIgniter\Session\Handlers\FileHandler' driver.
DEBUG - 2026-08-14 14:27:18 --> Session: Class initialized using 'CodeIgniter\Session\Handlers\FileHandler' driver.
DEBUG - 2026-08-14 14:27:19 --> Session: Class initialized using 'CodeIgniter\Session\Handlers\FileHandler' driver.
DEBUG - 2026-08-14 14:27:20 --> Session: Class initialized using 'CodeIgniter\Session\Handlers\FileHandler' driver.
DEBUG - 2026-08-14 14:28:06 --> Session: Class initialized using 'CodeIgniter\Session\Handlers\FileHandler' driver.
DEBUG - 2026-08-14 16:13:11 --> Session: Class initialized using 'CodeIgniter\Session\Handlers\FileHandler' driver.
CRITICAL - 2026-08-14 16:13:11 --> ParseError: syntax error, unexpected token "if"
[Method: GET, Route: pos]
in APPPATH\Controllers\PosController.php on line 109.
 1 SYSTEMPATH\Autoloader\Autoloader.php(295): CodeIgniter\Autoloader\Autoloader->includeFile('C:\\laragon\\www\\pharmacy-project\\app\\Controllers\\PosController.php')
 2 SYSTEMPATH\Autoloader\Autoloader.php(271): CodeIgniter\Autoloader\Autoloader->loadInNamespace('App\\Controllers\\PosController')
 3 [internal function]: CodeIgniter\Autoloader\Autoloader->loadClass('App\\Controllers\\PosController')
 4 SYSTEMPATH\CodeIgniter.php(885): class_exists('\\App\\Controllers\\PosController', true)
 5 SYSTEMPATH\CodeIgniter.php(494): CodeIgniter\CodeIgniter->startController()
 6 SYSTEMPATH\CodeIgniter.php(354): CodeIgniter\CodeIgniter->handleRequest(null, Object(Config\Cache), false)
 7 SYSTEMPATH\Boot.php(363): CodeIgniter\CodeIgniter->run()
 8 SYSTEMPATH\Boot.php(68): CodeIgniter\Boot::runCodeIgniter(Object(CodeIgniter\CodeIgniter))
 9 FCPATH\index.php(59): CodeIgniter\Boot::bootWeb(Object(Config\Paths))
DEBUG - 2026-08-14 16:13:45 --> Session: Class initialized using 'CodeIgniter\Session\Handlers\FileHandler' driver.
DEBUG - 2026-08-14 16:13:53 --> Session: Class initialized using 'CodeIgniter\Session\Handlers\FileHandler' driver.
DEBUG - 2026-08-14 16:14:00 --> Session: Class initialized using 'CodeIgniter\Session\Handlers\FileHandler' driver.
DEBUG - 2026-08-14 16:14:35 --> Session: Class initialized using 'CodeIgniter\Session\Handlers\FileHandler' driver.
DEBUG - 2026-08-14 16:18:03 --> Session: Class initialized using 'CodeIgniter\Session\Handlers\FileHandler' driver.
DEBUG - 2026-08-14 16:18:18 --> Session: Class initialized using 'CodeIgniter\Session\Handlers\FileHandler' driver.
DEBUG - 2026-08-14 16:18:23 --> Session: Class initialized using 'CodeIgniter\Session\Handlers\FileHandler' driver.
DEBUG - 2026-08-14 16:18:24 --> Session: Class initialized using 'CodeIgniter\Session\Handlers\FileHandler' driver.
DEBUG - 2026-08-14 16:18:24 --> Session: Class initialized using 'CodeIgniter\Session\Handlers\FileHandler' driver.
DEBUG - 2026-08-14 16:18:25 --> Session: Class initialized using 'CodeIgniter\Session\Handlers\FileHandler' driver.
DEBUG - 2026-08-14 16:18:25 --> Session: Class initialized using 'CodeIgniter\Session\Handlers\FileHandler' driver.
DEBUG - 2026-08-14 16:18:26 --> Session: Class initialized using 'CodeIgniter\Session\Handlers\FileHandler' driver.
DEBUG - 2026-08-14 16:18:26 --> Session: Class initialized using 'CodeIgniter\Session\Handlers\FileHandler' driver.
DEBUG - 2026-08-14 16:18:26 --> Session: Class initialized using 'CodeIgniter\Session\Handlers\FileHandler' driver.
DEBUG - 2026-08-14 16:18:27 --> Session: Class initialized using 'CodeIgniter\Session\Handlers\FileHandler' driver.
DEBUG - 2026-08-14 16:18:27 --> Session: Class initialized using 'CodeIgniter\Session\Handlers\FileHandler' driver.
DEBUG - 2026-08-14 16:18:27 --> Session: Class initialized using 'CodeIgniter\Session\Handlers\FileHandler' driver.
DEBUG - 2026-08-14 16:18:28 --> Session: Class initialized using 'CodeIgniter\Session\Handlers\FileHandler' driver.
DEBUG - 2026-08-14 16:18:28 --> Session: Class initialized using 'CodeIgniter\Session\Handlers\FileHandler' driver.
DEBUG - 2026-08-14 16:18:28 --> Session: Class initialized using 'CodeIgniter\Session\Handlers\FileHandler' driver.
DEBUG - 2026-08-14 16:18:29 --> Session: Class initialized using 'CodeIgniter\Session\Handlers\FileHandler' driver.
DEBUG - 2026-08-14 16:18:29 --> Session: Class initialized using 'CodeIgniter\Session\Handlers\FileHandler' driver.
DEBUG - 2026-08-14 16:18:29 --> Session: Class initialized using 'CodeIgniter\Session\Handlers\FileHandler' driver.
DEBUG - 2026-08-14 16:21:26 --> Session: Class initialized using 'CodeIgniter\Session\Handlers\FileHandler' driver.
DEBUG - 2026-08-14 16:21:31 --> Session: Class initialized using 'CodeIgniter\Session\Handlers\FileHandler' driver.
DEBUG - 2026-08-14 16:21:31 --> Session: Class initialized using 'CodeIgniter\Session\Handlers\FileHandler' driver.
DEBUG - 2026-08-14 16:21:32 --> Session: Class initialized using 'CodeIgniter\Session\Handlers\FileHandler' driver.
DEBUG - 2026-08-14 16:21:32 --> Session: Class initialized using 'CodeIgniter\Session\Handlers\FileHandler' driver.
DEBUG - 2026-08-14 16:21:32 --> Session: Class initialized using 'CodeIgniter\Session\Handlers\FileHandler' driver.
DEBUG - 2026-08-14 16:23:02 --> Session: Class initialized using 'CodeIgniter\Session\Handlers\FileHandler' driver.
DEBUG - 2026-08-14 16:23:13 --> Session: Class initialized using 'CodeIgniter\Session\Handlers\FileHandler' driver.
DEBUG - 2026-08-14 16:23:14 --> Session: Class initialized using 'CodeIgniter\Session\Handlers\FileHandler' driver.
DEBUG - 2026-08-14 16:23:15 --> Session: Class initialized using 'CodeIgniter\Session\Handlers\FileHandler' driver.
DEBUG - 2026-08-14 16:23:16 --> Session: Class initialized using 'CodeIgniter\Session\Handlers\FileHandler' driver.
DEBUG - 2026-08-14 16:23:16 --> Session: Class initialized using 'CodeIgniter\Session\Handlers\FileHandler' driver.
DEBUG - 2026-08-14 16:23:17 --> Session: Class initialized using 'CodeIgniter\Session\Handlers\FileHandler' driver.
DEBUG - 2026-08-14 16:23:17 --> Session: Class initialized using 'CodeIgniter\Session\Handlers\FileHandler' driver.
DEBUG - 2026-08-14 16:23:17 --> Session: Class initialized using 'CodeIgniter\Session\Handlers\FileHandler' driver.
DEBUG - 2026-08-14 16:23:18 --> Session: Class initialized using 'CodeIgniter\Session\Handlers\FileHandler' driver.
DEBUG - 2026-08-14 16:23:18 --> Session: Class initialized using 'CodeIgniter\Session\Handlers\FileHandler' driver.
DEBUG - 2026-08-14 16:23:18 --> Session: Class initialized using 'CodeIgniter\Session\Handlers\FileHandler' driver.
DEBUG - 2026-08-14 16:23:19 --> Session: Class initialized using 'CodeIgniter\Session\Handlers\FileHandler' driver.
DEBUG - 2026-08-14 16:23:19 --> Session: Class initialized using 'CodeIgniter\Session\Handlers\FileHandler' driver.
DEBUG - 2026-08-14 16:23:19 --> Session: Class initialized using 'CodeIgniter\Session\Handlers\FileHandler' driver.
DEBUG - 2026-08-14 16:23:19 --> Session: Class initialized using 'CodeIgniter\Session\Handlers\FileHandler' driver.
DEBUG - 2026-08-14 16:23:20 --> Session: Class initialized using 'CodeIgniter\Session\Handlers\FileHandler' driver.
DEBUG - 2026-08-14 16:23:20 --> Session: Class initialized using 'CodeIgniter\Session\Handlers\FileHandler' driver.
DEBUG - 2026-08-14 16:23:20 --> Session: Class initialized using 'CodeIgniter\Session\Handlers\FileHandler' driver.
DEBUG - 2026-08-14 16:23:21 --> Session: Class initialized using 'CodeIgniter\Session\Handlers\FileHandler' driver.
DEBUG - 2026-08-14 16:23:21 --> Session: Class initialized using 'CodeIgniter\Session\Handlers\FileHandler' driver.
DEBUG - 2026-08-14 16:23:21 --> Session: Class initialized using 'CodeIgniter\Session\Handlers\FileHandler' driver.
DEBUG - 2026-08-14 16:23:22 --> Session: Class initialized using 'CodeIgniter\Session\Handlers\FileHandler' driver.
DEBUG - 2026-08-14 16:23:22 --> Session: Class initialized using 'CodeIgniter\Session\Handlers\FileHandler' driver.
DEBUG - 2026-08-14 16:23:22 --> Session: Class initialized using 'CodeIgniter\Session\Handlers\FileHandler' driver.
DEBUG - 2026-08-14 16:23:23 --> Session: Class initialized using 'CodeIgniter\Session\Handlers\FileHandler' driver.
DEBUG - 2026-08-14 16:23:23 --> Session: Class initialized using 'CodeIgniter\Session\Handlers\FileHandler' driver.
DEBUG - 2026-08-14 16:23:23 --> Session: Class initialized using 'CodeIgniter\Session\Handlers\FileHandler' driver.
DEBUG - 2026-08-14 16:23:23 --> Session: Class initialized using 'CodeIgniter\Session\Handlers\FileHandler' driver.
DEBUG - 2026-08-14 16:23:24 --> Session: Class initialized using 'CodeIgniter\Session\Handlers\FileHandler' driver.
DEBUG - 2026-08-14 16:23:24 --> Session: Class initialized using 'CodeIgniter\Session\Handlers\FileHandler' driver.
DEBUG - 2026-08-14 16:23:24 --> Session: Class initialized using 'CodeIgniter\Session\Handlers\FileHandler' driver.
DEBUG - 2026-08-14 16:23:25 --> Session: Class initialized using 'CodeIgniter\Session\Handlers\FileHandler' driver.
DEBUG - 2026-08-14 16:23:25 --> Session: Class initialized using 'CodeIgniter\Session\Handlers\FileHandler' driver.
DEBUG - 2026-08-14 16:23:25 --> Session: Class initialized using 'CodeIgniter\Session\Handlers\FileHandler' driver.
DEBUG - 2026-08-14 16:23:26 --> Session: Class initialized using 'CodeIgniter\Session\Handlers\FileHandler' driver.
DEBUG - 2026-08-14 16:23:26 --> Session: Class initialized using 'CodeIgniter\Session\Handlers\FileHandler' driver.
DEBUG - 2026-08-14 16:23:26 --> Session: Class initialized using 'CodeIgniter\Session\Handlers\FileHandler' driver.
DEBUG - 2026-08-14 16:23:27 --> Session: Class initialized using 'CodeIgniter\Session\Handlers\FileHandler' driver.
DEBUG - 2026-08-14 16:24:46 --> Session: Class initialized using 'CodeIgniter\Session\Handlers\FileHandler' driver.
DEBUG - 2026-08-14 16:26:45 --> Session: Class initialized using 'CodeIgniter\Session\Handlers\FileHandler' driver.
DEBUG - 2026-08-14 16:26:48 --> Session: Class initialized using 'CodeIgniter\Session\Handlers\FileHandler' driver.
DEBUG - 2026-08-14 16:26:51 --> Session: Class initialized using 'CodeIgniter\Session\Handlers\FileHandler' driver.
DEBUG - 2026-08-14 16:26:52 --> Session: Class initialized using 'CodeIgniter\Session\Handlers\FileHandler' driver.
DEBUG - 2026-08-14 16:26:53 --> Session: Class initialized using 'CodeIgniter\Session\Handlers\FileHandler' driver.
DEBUG - 2026-08-14 16:26:53 --> Session: Class initialized using 'CodeIgniter\Session\Handlers\FileHandler' driver.
DEBUG - 2026-08-14 16:26:53 --> Session: Class initialized using 'CodeIgniter\Session\Handlers\FileHandler' driver.
DEBUG - 2026-08-14 16:26:54 --> Session: Class initialized using 'CodeIgniter\Session\Handlers\FileHandler' driver.
DEBUG - 2026-08-14 16:26:54 --> Session: Class initialized using 'CodeIgniter\Session\Handlers\FileHandler' driver.
DEBUG - 2026-08-14 16:26:54 --> Session: Class initialized using 'CodeIgniter\Session\Handlers\FileHandler' driver.
DEBUG - 2026-08-14 16:26:55 --> Session: Class initialized using 'CodeIgniter\Session\Handlers\FileHandler' driver.
DEBUG - 2026-08-14 16:26:55 --> Session: Class initialized using 'CodeIgniter\Session\Handlers\FileHandler' driver.
DEBUG - 2026-08-14 16:26:55 --> Session: Class initialized using 'CodeIgniter\Session\Handlers\FileHandler' driver.
DEBUG - 2026-08-14 16:26:56 --> Session: Class initialized using 'CodeIgniter\Session\Handlers\FileHandler' driver.
DEBUG - 2026-08-14 16:26:56 --> Session: Class initialized using 'CodeIgniter\Session\Handlers\FileHandler' driver.
DEBUG - 2026-08-14 16:26:56 --> Session: Class initialized using 'CodeIgniter\Session\Handlers\FileHandler' driver.
DEBUG - 2026-08-14 16:28:12 --> Session: Class initialized using 'CodeIgniter\Session\Handlers\FileHandler' driver.
DEBUG - 2026-08-14 16:28:13 --> Session: Class initialized using 'CodeIgniter\Session\Handlers\FileHandler' driver.
DEBUG - 2026-08-14 16:28:14 --> Session: Class initialized using 'CodeIgniter\Session\Handlers\FileHandler' driver.
DEBUG - 2026-08-14 16:33:32 --> Session: Class initialized using 'CodeIgniter\Session\Handlers\FileHandler' driver.
DEBUG - 2026-08-14 16:33:33 --> Session: Class initialized using 'CodeIgniter\Session\Handlers\FileHandler' driver.
DEBUG - 2026-08-14 16:33:33 --> Session: Class initialized using 'CodeIgniter\Session\Handlers\FileHandler' driver.
DEBUG - 2026-08-14 16:35:52 --> Session: Class initialized using 'CodeIgniter\Session\Handlers\FileHandler' driver.
DEBUG - 2026-08-14 16:35:53 --> Session: Class initialized using 'CodeIgniter\Session\Handlers\FileHandler' driver.
DEBUG - 2026-08-14 16:35:53 --> Session: Class initialized using 'CodeIgniter\Session\Handlers\FileHandler' driver.
DEBUG - 2026-08-14 16:48:33 --> Session: Class initialized using 'CodeIgniter\Session\Handlers\FileHandler' driver.
DEBUG - 2026-08-14 16:48:36 --> Session: Class initialized using 'CodeIgniter\Session\Handlers\FileHandler' driver.
DEBUG - 2026-08-14 16:48:40 --> Session: Class initialized using 'CodeIgniter\Session\Handlers\FileHandler' driver.
DEBUG - 2026-08-14 16:48:41 --> Session: Class initialized using 'CodeIgniter\Session\Handlers\FileHandler' driver.
DEBUG - 2026-08-14 16:48:41 --> Session: Class initialized using 'CodeIgniter\Session\Handlers\FileHandler' driver.
DEBUG - 2026-08-14 16:48:42 --> Session: Class initialized using 'CodeIgniter\Session\Handlers\FileHandler' driver.
DEBUG - 2026-08-14 16:48:42 --> Session: Class initialized using 'CodeIgniter\Session\Handlers\FileHandler' driver.
DEBUG - 2026-08-14 16:48:43 --> Session: Class initialized using 'CodeIgniter\Session\Handlers\FileHandler' driver.
DEBUG - 2026-08-14 16:48:43 --> Session: Class initialized using 'CodeIgniter\Session\Handlers\FileHandler' driver.
DEBUG - 2026-08-14 16:48:43 --> Session: Class initialized using 'CodeIgniter\Session\Handlers\FileHandler' driver.
DEBUG - 2026-08-14 16:48:43 --> Session: Class initialized using 'CodeIgniter\Session\Handlers\FileHandler' driver.
DEBUG - 2026-08-14 16:48:44 --> Session: Class initialized using 'CodeIgniter\Session\Handlers\FileHandler' driver.
DEBUG - 2026-08-14 16:48:44 --> Session: Class initialized using 'CodeIgniter\Session\Handlers\FileHandler' driver.
DEBUG - 2026-08-14 16:48:44 --> Session: Class initialized using 'CodeIgniter\Session\Handlers\FileHandler' driver.
DEBUG - 2026-08-14 16:48:45 --> Session: Class initialized using 'CodeIgniter\Session\Handlers\FileHandler' driver.
DEBUG - 2026-08-14 16:48:45 --> Session: Class initialized using 'CodeIgniter\Session\Handlers\FileHandler' driver.
DEBUG - 2026-08-14 16:48:45 --> Session: Class initialized using 'CodeIgniter\Session\Handlers\FileHandler' driver.
DEBUG - 2026-08-14 16:48:46 --> Session: Class initialized using 'CodeIgniter\Session\Handlers\FileHandler' driver.
DEBUG - 2026-08-14 16:48:46 --> Session: Class initialized using 'CodeIgniter\Session\Handlers\FileHandler' driver.
DEBUG - 2026-08-14 16:48:46 --> Session: Class initialized using 'CodeIgniter\Session\Handlers\FileHandler' driver.
DEBUG - 2026-08-14 16:48:46 --> Session: Class initialized using 'CodeIgniter\Session\Handlers\FileHandler' driver.
DEBUG - 2026-08-14 16:48:47 --> Session: Class initialized using 'CodeIgniter\Session\Handlers\FileHandler' driver.
DEBUG - 2026-08-14 16:48:47 --> Session: Class initialized using 'CodeIgniter\Session\Handlers\FileHandler' driver.
DEBUG - 2026-08-14 16:48:48 --> Session: Class initialized using 'CodeIgniter\Session\Handlers\FileHandler' driver.
DEBUG - 2026-08-14 16:48:48 --> Session: Class initialized using 'CodeIgniter\Session\Handlers\FileHandler' driver.
DEBUG - 2026-08-14 16:48:48 --> Session: Class initialized using 'CodeIgniter\Session\Handlers\FileHandler' driver.
DEBUG - 2026-08-14 16:48:49 --> Session: Class initialized using 'CodeIgniter\Session\Handlers\FileHandler' driver.
DEBUG - 2026-08-14 16:48:49 --> Session: Class initialized using 'CodeIgniter\Session\Handlers\FileHandler' driver.
DEBUG - 2026-08-14 16:48:49 --> Session: Class initialized using 'CodeIgniter\Session\Handlers\FileHandler' driver.
DEBUG - 2026-08-14 16:48:50 --> Session: Class initialized using 'CodeIgniter\Session\Handlers\FileHandler' driver.
DEBUG - 2026-08-14 16:48:50 --> Session: Class initialized using 'CodeIgniter\Session\Handlers\FileHandler' driver.
DEBUG - 2026-08-14 16:48:50 --> Session: Class initialized using 'CodeIgniter\Session\Handlers\FileHandler' driver.
DEBUG - 2026-08-14 16:48:50 --> Session: Class initialized using 'CodeIgniter\Session\Handlers\FileHandler' driver.
DEBUG - 2026-08-14 16:48:51 --> Session: Class initialized using 'CodeIgniter\Session\Handlers\FileHandler' driver.
DEBUG - 2026-08-14 16:48:51 --> Session: Class initialized using 'CodeIgniter\Session\Handlers\FileHandler' driver.
DEBUG - 2026-08-14 16:48:51 --> Session: Class initialized using 'CodeIgniter\Session\Handlers\FileHandler' driver.
DEBUG - 2026-08-14 16:48:52 --> Session: Class initialized using 'CodeIgniter\Session\Handlers\FileHandler' driver.
DEBUG - 2026-08-14 16:48:52 --> Session: Class initialized using 'CodeIgniter\Session\Handlers\FileHandler' driver.
DEBUG - 2026-08-14 16:48:52 --> Session: Class initialized using 'CodeIgniter\Session\Handlers\FileHandler' driver.
DEBUG - 2026-08-14 16:48:52 --> Session: Class initialized using 'CodeIgniter\Session\Handlers\FileHandler' driver.
DEBUG - 2026-08-14 16:48:53 --> Session: Class initialized using 'CodeIgniter\Session\Handlers\FileHandler' driver.
DEBUG - 2026-08-14 16:48:53 --> Session: Class initialized using 'CodeIgniter\Session\Handlers\FileHandler' driver.
DEBUG - 2026-08-14 16:48:53 --> Session: Class initialized using 'CodeIgniter\Session\Handlers\FileHandler' driver.
DEBUG - 2026-08-14 16:48:53 --> Session: Class initialized using 'CodeIgniter\Session\Handlers\FileHandler' driver.
DEBUG - 2026-08-14 16:48:54 --> Session: Class initialized using 'CodeIgniter\Session\Handlers\FileHandler' driver.
DEBUG - 2026-08-14 16:51:51 --> Session: Class initialized using 'CodeIgniter\Session\Handlers\FileHandler' driver.
DEBUG - 2026-08-14 16:51:52 --> Session: Class initialized using 'CodeIgniter\Session\Handlers\FileHandler' driver.
DEBUG - 2026-08-14 16:51:52 --> Session: Class initialized using 'CodeIgniter\Session\Handlers\FileHandler' driver.
DEBUG - 2026-08-14 16:51:52 --> Session: Class initialized using 'CodeIgniter\Session\Handlers\FileHandler' driver.
DEBUG - 2026-08-14 16:51:53 --> Session: Class initialized using 'CodeIgniter\Session\Handlers\FileHandler' driver.
DEBUG - 2026-08-14 16:51:53 --> Session: Class initialized using 'CodeIgniter\Session\Handlers\FileHandler' driver.
DEBUG - 2026-08-14 16:51:53 --> Session: Class initialized using 'CodeIgniter\Session\Handlers\FileHandler' driver.
DEBUG - 2026-08-14 16:51:54 --> Session: Class initialized using 'CodeIgniter\Session\Handlers\FileHandler' driver.
DEBUG - 2026-08-14 16:52:36 --> Session: Class initialized using 'CodeIgniter\Session\Handlers\FileHandler' driver.
DEBUG - 2026-08-14 16:52:37 --> Session: Class initialized using 'CodeIgniter\Session\Handlers\FileHandler' driver.
DEBUG - 2026-08-14 16:52:37 --> Session: Class initialized using 'CodeIgniter\Session\Handlers\FileHandler' driver.
DEBUG - 2026-08-14 16:52:38 --> Session: Class initialized using 'CodeIgniter\Session\Handlers\FileHandler' driver.
DEBUG - 2026-08-14 16:52:38 --> Session: Class initialized using 'CodeIgniter\Session\Handlers\FileHandler' driver.
DEBUG - 2026-08-14 16:52:38 --> Session: Class initialized using 'CodeIgniter\Session\Handlers\FileHandler' driver.
DEBUG - 2026-08-14 16:52:39 --> Session: Class initialized using 'CodeIgniter\Session\Handlers\FileHandler' driver.
DEBUG - 2026-08-14 16:52:39 --> Session: Class initialized using 'CodeIgniter\Session\Handlers\FileHandler' driver.
DEBUG - 2026-08-14 16:52:39 --> Session: Class initialized using 'CodeIgniter\Session\Handlers\FileHandler' driver.
DEBUG - 2026-08-14 16:52:39 --> Session: Class initialized using 'CodeIgniter\Session\Handlers\FileHandler' driver.
DEBUG - 2026-08-14 16:52:40 --> Session: Class initialized using 'CodeIgniter\Session\Handlers\FileHandler' driver.
DEBUG - 2026-08-14 16:52:40 --> Session: Class initialized using 'CodeIgniter\Session\Handlers\FileHandler' driver.
DEBUG - 2026-08-14 16:52:40 --> Session: Class initialized using 'CodeIgniter\Session\Handlers\FileHandler' driver.
DEBUG - 2026-08-14 16:52:40 --> Session: Class initialized using 'CodeIgniter\Session\Handlers\FileHandler' driver.
DEBUG - 2026-08-14 16:52:41 --> Session: Class initialized using 'CodeIgniter\Session\Handlers\FileHandler' driver.
DEBUG - 2026-08-14 16:52:41 --> Session: Class initialized using 'CodeIgniter\Session\Handlers\FileHandler' driver.
DEBUG - 2026-08-14 16:52:41 --> Session: Class initialized using 'CodeIgniter\Session\Handlers\FileHandler' driver.
DEBUG - 2026-08-14 16:52:42 --> Session: Class initialized using 'CodeIgniter\Session\Handlers\FileHandler' driver.
DEBUG - 2026-08-14 16:52:42 --> Session: Class initialized using 'CodeIgniter\Session\Handlers\FileHandler' driver.
DEBUG - 2026-08-14 16:52:42 --> Session: Class initialized using 'CodeIgniter\Session\Handlers\FileHandler' driver.
DEBUG - 2026-08-14 16:52:42 --> Session: Class initialized using 'CodeIgniter\Session\Handlers\FileHandler' driver.
DEBUG - 2026-08-14 16:52:43 --> Session: Class initialized using 'CodeIgniter\Session\Handlers\FileHandler' driver.
DEBUG - 2026-08-14 17:01:19 --> Session: Class initialized using 'CodeIgniter\Session\Handlers\FileHandler' driver.
DEBUG - 2026-08-14 17:01:20 --> Session: Class initialized using 'CodeIgniter\Session\Handlers\FileHandler' driver.
DEBUG - 2026-08-14 17:02:43 --> Session: Class initialized using 'CodeIgniter\Session\Handlers\FileHandler' driver.
DEBUG - 2026-08-14 17:05:48 --> Session: Class initialized using 'CodeIgniter\Session\Handlers\FileHandler' driver.
DEBUG - 2026-08-14 17:05:53 --> Session: Class initialized using 'CodeIgniter\Session\Handlers\FileHandler' driver.
DEBUG - 2026-08-14 17:05:54 --> Session: Class initialized using 'CodeIgniter\Session\Handlers\FileHandler' driver.
DEBUG - 2026-08-14 17:05:54 --> Session: Class initialized using 'CodeIgniter\Session\Handlers\FileHandler' driver.
DEBUG - 2026-08-14 17:05:54 --> Session: Class initialized using 'CodeIgniter\Session\Handlers\FileHandler' driver.
DEBUG - 2026-08-14 17:05:55 --> Session: Class initialized using 'CodeIgniter\Session\Handlers\FileHandler' driver.
DEBUG - 2026-08-14 17:05:55 --> Session: Class initialized using 'CodeIgniter\Session\Handlers\FileHandler' driver.
DEBUG - 2026-08-14 17:05:55 --> Session: Class initialized using 'CodeIgniter\Session\Handlers\FileHandler' driver.
DEBUG - 2026-08-14 17:05:55 --> Session: Class initialized using 'CodeIgniter\Session\Handlers\FileHandler' driver.
DEBUG - 2026-08-14 17:05:56 --> Session: Class initialized using 'CodeIgniter\Session\Handlers\FileHandler' driver.
DEBUG - 2026-08-14 17:05:56 --> Session: Class initialized using 'CodeIgniter\Session\Handlers\FileHandler' driver.
DEBUG - 2026-08-14 17:05:56 --> Session: Class initialized using 'CodeIgniter\Session\Handlers\FileHandler' driver.
DEBUG - 2026-08-14 17:05:57 --> Session: Class initialized using 'CodeIgniter\Session\Handlers\FileHandler' driver.
DEBUG - 2026-08-14 17:05:57 --> Session: Class initialized using 'CodeIgniter\Session\Handlers\FileHandler' driver.
DEBUG - 2026-08-14 17:05:57 --> Session: Class initialized using 'CodeIgniter\Session\Handlers\FileHandler' driver.
DEBUG - 2026-08-14 17:05:58 --> Session: Class initialized using 'CodeIgniter\Session\Handlers\FileHandler' driver.
DEBUG - 2026-08-14 17:05:58 --> Session: Class initialized using 'CodeIgniter\Session\Handlers\FileHandler' driver.
DEBUG - 2026-08-14 17:05:59 --> Session: Class initialized using 'CodeIgniter\Session\Handlers\FileHandler' driver.
DEBUG - 2026-08-14 17:05:59 --> Session: Class initialized using 'CodeIgniter\Session\Handlers\FileHandler' driver.
DEBUG - 2026-08-14 17:05:59 --> Session: Class initialized using 'CodeIgniter\Session\Handlers\FileHandler' driver.
DEBUG - 2026-08-14 17:06:00 --> Session: Class initialized using 'CodeIgniter\Session\Handlers\FileHandler' driver.
DEBUG - 2026-08-14 17:06:00 --> Session: Class initialized using 'CodeIgniter\Session\Handlers\FileHandler' driver.
DEBUG - 2026-08-14 17:07:10 --> Session: Class initialized using 'CodeIgniter\Session\Handlers\FileHandler' driver.
DEBUG - 2026-08-14 17:07:10 --> Session: Class initialized using 'CodeIgniter\Session\Handlers\FileHandler' driver.
DEBUG - 2026-08-14 17:09:57 --> Session: Class initialized using 'CodeIgniter\Session\Handlers\FileHandler' driver.
DEBUG - 2026-08-14 17:09:58 --> Session: Class initialized using 'CodeIgniter\Session\Handlers\FileHandler' driver.
DEBUG - 2026-08-14 17:09:59 --> Session: Class initialized using 'CodeIgniter\Session\Handlers\FileHandler' driver.
DEBUG - 2026-08-14 17:10:13 --> Session: Class initialized using 'CodeIgniter\Session\Handlers\FileHandler' driver.
DEBUG - 2026-08-14 23:36:02 --> Session: Class initialized using 'CodeIgniter\Session\Handlers\FileHandler' driver.
DEBUG - 2026-08-14 23:36:10 --> Session: Class initialized using 'CodeIgniter\Session\Handlers\FileHandler' driver.
DEBUG - 2026-08-14 23:36:11 --> Session: Class initialized using 'CodeIgniter\Session\Handlers\FileHandler' driver.
DEBUG - 2026-08-14 23:36:18 --> Session: Class initialized using 'CodeIgniter\Session\Handlers\FileHandler' driver.
DEBUG - 2026-08-14 23:36:32 --> Session: Class initialized using 'CodeIgniter\Session\Handlers\FileHandler' driver.
DEBUG - 2026-08-14 23:37:33 --> Session: Class initialized using 'CodeIgniter\Session\Handlers\FileHandler' driver.
DEBUG - 2026-08-14 23:37:36 --> Session: Class initialized using 'CodeIgniter\Session\Handlers\FileHandler' driver.
DEBUG - 2026-08-14 23:59:40 --> Session: Class initialized using 'CodeIgniter\Session\Handlers\FileHandler' driver.
