DEBUG - 2026-08-05 01:47:06 --> Session: Class initialized using 'CodeIgniter\Session\Handlers\FileHandler' driver.
DEBUG - 2026-08-05 01:47:19 --> Session: Class initialized using 'CodeIgniter\Session\Handlers\FileHandler' driver.
DEBUG - 2026-08-05 01:47:20 --> Session: Class initialized using 'CodeIgniter\Session\Handlers\FileHandler' driver.
DEBUG - 2026-08-05 01:52:43 --> Session: Class initialized using 'CodeIgniter\Session\Handlers\FileHandler' driver.
DEBUG - 2026-08-05 01:52:51 --> Session: Class initialized using 'CodeIgniter\Session\Handlers\FileHandler' driver.
DEBUG - 2026-08-05 01:53:02 --> Session: Class initialized using 'CodeIgniter\Session\Handlers\FileHandler' driver.
DEBUG - 2026-08-05 02:01:26 --> Session: Class initialized using 'CodeIgniter\Session\Handlers\FileHandler' driver.
DEBUG - 2026-08-05 02:03:38 --> Session: Class initialized using 'CodeIgniter\Session\Handlers\FileHandler' driver.
DEBUG - 2026-08-05 02:08:31 --> Session: Class initialized using 'CodeIgniter\Session\Handlers\FileHandler' driver.
DEBUG - 2026-08-05 02:10:54 --> Session: Class initialized using 'CodeIgniter\Session\Handlers\FileHandler' driver.
DEBUG - 2026-08-05 02:14:12 --> Session: Class initialized using 'CodeIgniter\Session\Handlers\FileHandler' driver.
DEBUG - 2026-08-05 02:16:16 --> Session: Class initialized using 'CodeIgniter\Session\Handlers\FileHandler' driver.
DEBUG - 2026-08-05 02:19:34 --> Session: Class initialized using 'CodeIgniter\Session\Handlers\FileHandler' driver.
DEBUG - 2026-08-05 02:19:41 --> Session: Class initialized using 'CodeIgniter\Session\Handlers\FileHandler' driver.
DEBUG - 2026-08-05 02:19:49 --> Session: Class initialized using 'CodeIgniter\Session\Handlers\FileHandler' driver.
DEBUG - 2026-08-05 02:41:47 --> Session: Class initialized using 'CodeIgniter\Session\Handlers\FileHandler' driver.
DEBUG - 2026-08-05 02:42:04 --> Session: Class initialized using 'CodeIgniter\Session\Handlers\FileHandler' driver.
DEBUG - 2026-08-05 02:43:20 --> Session: Class initialized using 'CodeIgniter\Session\Handlers\FileHandler' driver.
DEBUG - 2026-08-05 02:44:47 --> Session: Class initialized using 'CodeIgniter\Session\Handlers\FileHandler' driver.
DEBUG - 2026-08-05 02:45:01 --> Session: Class initialized using 'CodeIgniter\Session\Handlers\FileHandler' driver.
DEBUG - 2026-08-05 02:45:34 --> Session: Class initialized using 'CodeIgniter\Session\Handlers\FileHandler' driver.
DEBUG - 2026-08-05 02:45:37 --> Session: Class initialized using 'CodeIgniter\Session\Handlers\FileHandler' driver.
DEBUG - 2026-08-05 02:53:23 --> Session: Class initialized using 'CodeIgniter\Session\Handlers\FileHandler' driver.
DEBUG - 2026-08-05 02:54:09 --> Session: Class initialized using 'CodeIgniter\Session\Handlers\FileHandler' driver.
DEBUG - 2026-08-05 02:54:40 --> Session: Class initialized using 'CodeIgniter\Session\Handlers\FileHandler' driver.
DEBUG - 2026-08-05 02:56:39 --> Session: Class initialized using 'CodeIgniter\Session\Handlers\FileHandler' driver.
DEBUG - 2026-08-05 02:57:01 --> Session: Class initialized using 'CodeIgniter\Session\Handlers\FileHandler' driver.
DEBUG - 2026-08-05 02:58:54 --> Session: Class initialized using 'CodeIgniter\Session\Handlers\FileHandler' driver.
DEBUG - 2026-08-05 02:59:37 --> Session: Class initialized using 'CodeIgniter\Session\Handlers\FileHandler' driver.
DEBUG - 2026-08-05 03:02:16 --> Session: Class initialized using 'CodeIgniter\Session\Handlers\FileHandler' driver.
DEBUG - 2026-08-05 03:04:56 --> Session: Class initialized using 'CodeIgniter\Session\Handlers\FileHandler' driver.
DEBUG - 2026-08-05 03:09:57 --> Session: Class initialized using 'CodeIgniter\Session\Handlers\FileHandler' driver.
DEBUG - 2026-08-05 03:10:04 --> Session: Class initialized using 'CodeIgniter\Session\Handlers\FileHandler' driver.
DEBUG - 2026-08-05 03:10:33 --> Session: Class initialized using 'CodeIgniter\Session\Handlers\FileHandler' driver.
DEBUG - 2026-08-05 06:34:01 --> Session: Class initialized using 'CodeIgniter\Session\Handlers\FileHandler' driver.
DEBUG - 2026-08-05 06:34:09 --> Session: Class initialized using 'CodeIgniter\Session\Handlers\FileHandler' driver.
DEBUG - 2026-08-05 06:34:10 --> Session: Class initialized using 'CodeIgniter\Session\Handlers\FileHandler' driver.
DEBUG - 2026-08-05 06:34:18 --> Session: Class initialized using 'CodeIgniter\Session\Handlers\FileHandler' driver.
DEBUG - 2026-08-05 06:34:24 --> Session: Class initialized using 'CodeIgniter\Session\Handlers\FileHandler' driver.
DEBUG - 2026-08-05 06:35:01 --> Session: Class initialized using 'CodeIgniter\Session\Handlers\FileHandler' driver.
DEBUG - 2026-08-05 06:35:07 --> Session: Class initialized using 'CodeIgniter\Session\Handlers\FileHandler' driver.
DEBUG - 2026-08-05 06:37:53 --> Session: Class initialized using 'CodeIgniter\Session\Handlers\FileHandler' driver.
DEBUG - 2026-08-05 07:48:51 --> Session: Class initialized using 'CodeIgniter\Session\Handlers\FileHandler' driver.
DEBUG - 2026-08-05 07:49:03 --> Session: Class initialized using 'CodeIgniter\Session\Handlers\FileHandler' driver.
DEBUG - 2026-08-05 07:49:07 --> Session: Class initialized using 'CodeIgniter\Session\Handlers\FileHandler' driver.
DEBUG - 2026-08-05 07:49:14 --> Session: Class initialized using 'CodeIgniter\Session\Handlers\FileHandler' driver.
DEBUG - 2026-08-05 07:49:46 --> Session: Class initialized using 'CodeIgniter\Session\Handlers\FileHandler' driver.
DEBUG - 2026-08-05 07:49:47 --> Session: Class initialized using 'CodeIgniter\Session\Handlers\FileHandler' driver.
DEBUG - 2026-08-05 07:49:52 --> Session: Class initialized using 'CodeIgniter\Session\Handlers\FileHandler' driver.
DEBUG - 2026-08-05 07:50:10 --> Session: Class initialized using 'CodeIgniter\Session\Handlers\FileHandler' driver.
DEBUG - 2026-08-05 07:50:15 --> Session: Class initialized using 'CodeIgniter\Session\Handlers\FileHandler' driver.
DEBUG - 2026-08-05 07:50:19 --> Session: Class initialized using 'CodeIgniter\Session\Handlers\FileHandler' driver.
DEBUG - 2026-08-05 07:50:38 --> Session: Class initialized using 'CodeIgniter\Session\Handlers\FileHandler' driver.
DEBUG - 2026-08-05 07:50:40 --> Session: Class initialized using 'CodeIgniter\Session\Handlers\FileHandler' driver.
DEBUG - 2026-08-05 07:52:09 --> Session: Class initialized using 'CodeIgniter\Session\Handlers\FileHandler' driver.
DEBUG - 2026-08-05 07:52:58 --> Session: Class initialized using 'CodeIgniter\Session\Handlers\FileHandler' driver.
DEBUG - 2026-08-05 07:52:59 --> Session: Class initialized using 'CodeIgniter\Session\Handlers\FileHandler' driver.
DEBUG - 2026-08-05 07:53:08 --> Session: Class initialized using 'CodeIgniter\Session\Handlers\FileHandler' driver.
DEBUG - 2026-08-05 07:53:29 --> Session: Class initialized using 'CodeIgniter\Session\Handlers\FileHandler' driver.
DEBUG - 2026-08-05 07:53:30 --> Session: Class initialized using 'CodeIgniter\Session\Handlers\FileHandler' driver.
DEBUG - 2026-08-05 07:55:31 --> Session: Class initialized using 'CodeIgniter\Session\Handlers\FileHandler' driver.
DEBUG - 2026-08-05 07:55:40 --> Session: Class initialized using 'CodeIgniter\Session\Handlers\FileHandler' driver.
DEBUG - 2026-08-05 07:58:12 --> Session: Class initialized using 'CodeIgniter\Session\Handlers\FileHandler' driver.
DEBUG - 2026-08-05 07:58:17 --> Session: Class initialized using 'CodeIgniter\Session\Handlers\FileHandler' driver.
DEBUG - 2026-08-05 07:58:17 --> Session: Class initialized using 'CodeIgniter\Session\Handlers\FileHandler' driver.
DEBUG - 2026-08-05 07:58:29 --> Session: Class initialized using 'CodeIgniter\Session\Handlers\FileHandler' driver.
DEBUG - 2026-08-05 07:58:44 --> Session: Class initialized using 'CodeIgniter\Session\Handlers\FileHandler' driver.
DEBUG - 2026-08-05 07:58:46 --> Session: Class initialized using 'CodeIgniter\Session\Handlers\FileHandler' driver.
DEBUG - 2026-08-05 07:59:05 --> Session: Class initialized using 'CodeIgniter\Session\Handlers\FileHandler' driver.
DEBUG - 2026-08-05 07:59:15 --> Session: Class initialized using 'CodeIgniter\Session\Handlers\FileHandler' driver.
DEBUG - 2026-08-05 08:24:35 --> Session: Class initialized using 'CodeIgniter\Session\Handlers\FileHandler' driver.
DEBUG - 2026-08-05 08:24:35 --> Session: Class initialized using 'CodeIgniter\Session\Handlers\FileHandler' driver.
DEBUG - 2026-08-05 08:24:40 --> Session: Class initialized using 'CodeIgniter\Session\Handlers\FileHandler' driver.
DEBUG - 2026-08-05 08:24:51 --> Session: Class initialized using 'CodeIgniter\Session\Handlers\FileHandler' driver.
DEBUG - 2026-08-05 08:24:51 --> Session: Class initialized using 'CodeIgniter\Session\Handlers\FileHandler' driver.
DEBUG - 2026-08-05 08:24:55 --> Session: Class initialized using 'CodeIgniter\Session\Handlers\FileHandler' driver.
DEBUG - 2026-08-05 08:25:01 --> Session: Class initialized using 'CodeIgniter\Session\Handlers\FileHandler' driver.
DEBUG - 2026-08-05 08:25:02 --> Session: Class initialized using 'CodeIgniter\Session\Handlers\FileHandler' driver.
DEBUG - 2026-08-05 08:28:29 --> Session: Class initialized using 'CodeIgniter\Session\Handlers\FileHandler' driver.
DEBUG - 2026-08-05 13:21:33 --> Session: Class initialized using 'CodeIgniter\Session\Handlers\FileHandler' driver.
DEBUG - 2026-08-05 13:21:39 --> Session: Class initialized using 'CodeIgniter\Session\Handlers\FileHandler' driver.
DEBUG - 2026-08-05 13:21:45 --> Session: Class initialized using 'CodeIgniter\Session\Handlers\FileHandler' driver.
DEBUG - 2026-08-05 13:21:45 --> Session: Class initialized using 'CodeIgniter\Session\Handlers\FileHandler' driver.
DEBUG - 2026-08-05 13:21:52 --> Session: Class initialized using 'CodeIgniter\Session\Handlers\FileHandler' driver.
DEBUG - 2026-08-05 13:22:13 --> Session: Class initialized using 'CodeIgniter\Session\Handlers\FileHandler' driver.
ERROR - 2026-08-05 13:22:13 --> mysqli_sql_exception: Unknown column 'sales_details_invoice' in 'field list' in C:\laragon\www\pharmacy-project\system\Database\MySQLi\Connection.php:327
Stack trace:
#0 C:\laragon\www\pharmacy-project\system\Database\MySQLi\Connection.php(327): mysqli->query(' SELECT\r\n      ...', 0)
#1 C:\laragon\www\pharmacy-project\system\Database\BaseConnection.php(729): CodeIgniter\Database\MySQLi\Connection->execute(' SELECT\r\n      ...')
#2 C:\laragon\www\pharmacy-project\system\Database\BaseConnection.php(646): CodeIgniter\Database\BaseConnection->simpleQuery(' SELECT\r\n      ...')
#3 C:\laragon\www\pharmacy-project\app\Controllers\SaleSummaryReportController.php(57): CodeIgniter\Database\BaseConnection->query(' SELECT\r\n      ...')
#4 C:\laragon\www\pharmacy-project\system\CodeIgniter.php(933): App\Controllers\SaleSummaryReportController->index()
#5 C:\laragon\www\pharmacy-project\system\CodeIgniter.php(507): CodeIgniter\CodeIgniter->runController(Object(App\Controllers\SaleSummaryReportController))
#6 C:\laragon\www\pharmacy-project\system\CodeIgniter.php(354): CodeIgniter\CodeIgniter->handleRequest(NULL, Object(Config\Cache), false)
#7 C:\laragon\www\pharmacy-project\system\Boot.php(363): CodeIgniter\CodeIgniter->run()
#8 C:\laragon\www\pharmacy-project\system\Boot.php(68): CodeIgniter\Boot::runCodeIgniter(Object(CodeIgniter\CodeIgniter))
#9 C:\laragon\www\pharmacy-project\index.php(59): CodeIgniter\Boot::bootWeb(Object(Config\Paths))
#10 {main}
CRITICAL - 2026-08-05 13:22:13 --> CodeIgniter\Database\Exceptions\DatabaseException: Unknown column 'sales_details_invoice' in 'field list'
[Method: GET, Route: reports/sales-summary]
in SYSTEMPATH\Database\BaseConnection.php on line 684.
 1 APPPATH\Controllers\SaleSummaryReportController.php(57): CodeIgniter\Database\BaseConnection->query(' SELECT
                            s.sales_invoice,
                            s.sales_date,
                            s.seller_id,
                            u.user_name AS seller_name,    -- ✅ Added seller name
                            sd.total_sale,
                            sd.productwiseVatPercnt,
                            s.discountOnTotalPrice,
                            s.vatOnTotalPrice,
                            s.paid_amount,
                            IFNULL(cd.customer_due, 0) AS customer_due,
                            IFNULL(cd.total_due_paid, 0) AS due_paid_amount,
                            (s.paid_amount + IFNULL(cd.total_due_paid, 0)) AS total_paid,
                            s.due_amount,
                            CASE
                                WHEN s.customer_type REGEXP \'^[0-9]+$\' THEN c.cus_first_name
                                ELSE s.customer_type
                            END AS customer_name,
                            CASE
                                WHEN s.customer_type = \'Walk-In-Customer\' THEN \'Fully Paid\'
                                WHEN IFNULL(cd.customer_due, 0) = 0 THEN \'Fully Paid\'
                                ELSE \'Partially Paid\'
                            END AS payment_status
                        FROM sales s
                        JOIN (
                            SELECT
                                sales_details_invoice,
                                SUM(total_sale_price) AS total_sale,
                                SUM(productwiseVatPercnt) AS productwiseVatPercnt
                            FROM sales_details
                            GROUP BY sales_details_invoice
                        ) sd ON s.sales_invoice = sd.sales_details_invoice
                        LEFT JOIN (
                            SELECT
                                due_invoice_no,
                                SUM(due_amount - due_paid_amount) AS customer_due,
                                SUM(due_paid_amount) AS total_due_paid
                            FROM customer_due
                            GROUP BY due_invoice_no
                        ) cd ON s.sales_invoice = cd.due_invoice_no
                        LEFT JOIN customer c
                            ON c.customer_id = s.customer_type AND s.customer_type REGEXP \'^[0-9]+\'
                        LEFT JOIN `user` u
                            ON u.user_id = s.seller_id ')
 2 SYSTEMPATH\CodeIgniter.php(933): App\Controllers\SaleSummaryReportController->index()
 3 SYSTEMPATH\CodeIgniter.php(507): CodeIgniter\CodeIgniter->runController(Object(App\Controllers\SaleSummaryReportController))
 4 SYSTEMPATH\CodeIgniter.php(354): CodeIgniter\CodeIgniter->handleRequest(null, Object(Config\Cache), false)
 5 SYSTEMPATH\Boot.php(363): CodeIgniter\CodeIgniter->run()
 6 SYSTEMPATH\Boot.php(68): CodeIgniter\Boot::runCodeIgniter(Object(CodeIgniter\CodeIgniter))
 7 FCPATH\index.php(59): CodeIgniter\Boot::bootWeb(Object(Config\Paths))
CRITICAL - 2026-08-05 13:22:13 --> [Caused by] CodeIgniter\Database\Exceptions\DatabaseException: Unknown column 'sales_details_invoice' in 'field list'
in SYSTEMPATH\Database\MySQLi\Connection.php on line 332.
 1 SYSTEMPATH\Database\BaseConnection.php(729): CodeIgniter\Database\MySQLi\Connection->execute(' SELECT
                            s.sales_invoice,
                            s.sales_date,
                            s.seller_id,
                            u.user_name AS seller_name,    -- ✅ Added seller name
                            sd.total_sale,
                            sd.productwiseVatPercnt,
                            s.discountOnTotalPrice,
                            s.vatOnTotalPrice,
                            s.paid_amount,
                            IFNULL(cd.customer_due, 0) AS customer_due,
                            IFNULL(cd.total_due_paid, 0) AS due_paid_amount,
                            (s.paid_amount + IFNULL(cd.total_due_paid, 0)) AS total_paid,
                            s.due_amount,
                            CASE
                                WHEN s.customer_type REGEXP \'^[0-9]+$\' THEN c.cus_first_name
                                ELSE s.customer_type
                            END AS customer_name,
                            CASE
                                WHEN s.customer_type = \'Walk-In-Customer\' THEN \'Fully Paid\'
                                WHEN IFNULL(cd.customer_due, 0) = 0 THEN \'Fully Paid\'
                                ELSE \'Partially Paid\'
                            END AS payment_status
                        FROM sales s
                        JOIN (
                            SELECT
                                sales_details_invoice,
                                SUM(total_sale_price) AS total_sale,
                                SUM(productwiseVatPercnt) AS productwiseVatPercnt
                            FROM sales_details
                            GROUP BY sales_details_invoice
                        ) sd ON s.sales_invoice = sd.sales_details_invoice
                        LEFT JOIN (
                            SELECT
                                due_invoice_no,
                                SUM(due_amount - due_paid_amount) AS customer_due,
                                SUM(due_paid_amount) AS total_due_paid
                            FROM customer_due
                            GROUP BY due_invoice_no
                        ) cd ON s.sales_invoice = cd.due_invoice_no
                        LEFT JOIN customer c
                            ON c.customer_id = s.customer_type AND s.customer_type REGEXP \'^[0-9]+\'
                        LEFT JOIN `user` u
                            ON u.user_id = s.seller_id ')
 2 SYSTEMPATH\Database\BaseConnection.php(646): CodeIgniter\Database\BaseConnection->simpleQuery(' SELECT
                            s.sales_invoice,
                            s.sales_date,
                            s.seller_id,
                            u.user_name AS seller_name,    -- ✅ Added seller name
                            sd.total_sale,
                            sd.productwiseVatPercnt,
                            s.discountOnTotalPrice,
                            s.vatOnTotalPrice,
                            s.paid_amount,
                            IFNULL(cd.customer_due, 0) AS customer_due,
                            IFNULL(cd.total_due_paid, 0) AS due_paid_amount,
                            (s.paid_amount + IFNULL(cd.total_due_paid, 0)) AS total_paid,
                            s.due_amount,
                            CASE
                                WHEN s.customer_type REGEXP \'^[0-9]+$\' THEN c.cus_first_name
                                ELSE s.customer_type
                            END AS customer_name,
                            CASE
                                WHEN s.customer_type = \'Walk-In-Customer\' THEN \'Fully Paid\'
                                WHEN IFNULL(cd.customer_due, 0) = 0 THEN \'Fully Paid\'
                                ELSE \'Partially Paid\'
                            END AS payment_status
                        FROM sales s
                        JOIN (
                            SELECT
                                sales_details_invoice,
                                SUM(total_sale_price) AS total_sale,
                                SUM(productwiseVatPercnt) AS productwiseVatPercnt
                            FROM sales_details
                            GROUP BY sales_details_invoice
                        ) sd ON s.sales_invoice = sd.sales_details_invoice
                        LEFT JOIN (
                            SELECT
                                due_invoice_no,
                                SUM(due_amount - due_paid_amount) AS customer_due,
                                SUM(due_paid_amount) AS total_due_paid
                            FROM customer_due
                            GROUP BY due_invoice_no
                        ) cd ON s.sales_invoice = cd.due_invoice_no
                        LEFT JOIN customer c
                            ON c.customer_id = s.customer_type AND s.customer_type REGEXP \'^[0-9]+\'
                        LEFT JOIN `user` u
                            ON u.user_id = s.seller_id ')
 3 APPPATH\Controllers\SaleSummaryReportController.php(57): CodeIgniter\Database\BaseConnection->query(' SELECT
                            s.sales_invoice,
                            s.sales_date,
                            s.seller_id,
                            u.user_name AS seller_name,    -- ✅ Added seller name
                            sd.total_sale,
                            sd.productwiseVatPercnt,
                            s.discountOnTotalPrice,
                            s.vatOnTotalPrice,
                            s.paid_amount,
                            IFNULL(cd.customer_due, 0) AS customer_due,
                            IFNULL(cd.total_due_paid, 0) AS due_paid_amount,
                            (s.paid_amount + IFNULL(cd.total_due_paid, 0)) AS total_paid,
                            s.due_amount,
                            CASE
                                WHEN s.customer_type REGEXP \'^[0-9]+$\' THEN c.cus_first_name
                                ELSE s.customer_type
                            END AS customer_name,
                            CASE
                                WHEN s.customer_type = \'Walk-In-Customer\' THEN \'Fully Paid\'
                                WHEN IFNULL(cd.customer_due, 0) = 0 THEN \'Fully Paid\'
                                ELSE \'Partially Paid\'
                            END AS payment_status
                        FROM sales s
                        JOIN (
                            SELECT
                                sales_details_invoice,
                                SUM(total_sale_price) AS total_sale,
                                SUM(productwiseVatPercnt) AS productwiseVatPercnt
                            FROM sales_details
                            GROUP BY sales_details_invoice
                        ) sd ON s.sales_invoice = sd.sales_details_invoice
                        LEFT JOIN (
                            SELECT
                                due_invoice_no,
                                SUM(due_amount - due_paid_amount) AS customer_due,
                                SUM(due_paid_amount) AS total_due_paid
                            FROM customer_due
                            GROUP BY due_invoice_no
                        ) cd ON s.sales_invoice = cd.due_invoice_no
                        LEFT JOIN customer c
                            ON c.customer_id = s.customer_type AND s.customer_type REGEXP \'^[0-9]+\'
                        LEFT JOIN `user` u
                            ON u.user_id = s.seller_id ')
 4 SYSTEMPATH\CodeIgniter.php(933): App\Controllers\SaleSummaryReportController->index()
 5 SYSTEMPATH\CodeIgniter.php(507): CodeIgniter\CodeIgniter->runController(Object(App\Controllers\SaleSummaryReportController))
 6 SYSTEMPATH\CodeIgniter.php(354): CodeIgniter\CodeIgniter->handleRequest(null, Object(Config\Cache), false)
 7 SYSTEMPATH\Boot.php(363): CodeIgniter\CodeIgniter->run()
 8 SYSTEMPATH\Boot.php(68): CodeIgniter\Boot::runCodeIgniter(Object(CodeIgniter\CodeIgniter))
 9 FCPATH\index.php(59): CodeIgniter\Boot::bootWeb(Object(Config\Paths))
CRITICAL - 2026-08-05 13:22:13 --> [Caused by] mysqli_sql_exception: Unknown column 'sales_details_invoice' in 'field list'
in SYSTEMPATH\Database\MySQLi\Connection.php on line 327.
 1 SYSTEMPATH\Database\MySQLi\Connection.php(327): mysqli->query(' SELECT
                            s.sales_invoice,
                            s.sales_date,
                            s.seller_id,
                            u.user_name AS seller_name,    -- ✅ Added seller name
                            sd.total_sale,
                            sd.productwiseVatPercnt,
                            s.discountOnTotalPrice,
                            s.vatOnTotalPrice,
                            s.paid_amount,
                            IFNULL(cd.customer_due, 0) AS customer_due,
                            IFNULL(cd.total_due_paid, 0) AS due_paid_amount,
                            (s.paid_amount + IFNULL(cd.total_due_paid, 0)) AS total_paid,
                            s.due_amount,
                            CASE
                                WHEN s.customer_type REGEXP \'^[0-9]+$\' THEN c.cus_first_name
                                ELSE s.customer_type
                            END AS customer_name,
                            CASE
                                WHEN s.customer_type = \'Walk-In-Customer\' THEN \'Fully Paid\'
                                WHEN IFNULL(cd.customer_due, 0) = 0 THEN \'Fully Paid\'
                                ELSE \'Partially Paid\'
                            END AS payment_status
                        FROM sales s
                        JOIN (
                            SELECT
                                sales_details_invoice,
                                SUM(total_sale_price) AS total_sale,
                                SUM(productwiseVatPercnt) AS productwiseVatPercnt
                            FROM sales_details
                            GROUP BY sales_details_invoice
                        ) sd ON s.sales_invoice = sd.sales_details_invoice
                        LEFT JOIN (
                            SELECT
                                due_invoice_no,
                                SUM(due_amount - due_paid_amount) AS customer_due,
                                SUM(due_paid_amount) AS total_due_paid
                            FROM customer_due
                            GROUP BY due_invoice_no
                        ) cd ON s.sales_invoice = cd.due_invoice_no
                        LEFT JOIN customer c
                            ON c.customer_id = s.customer_type AND s.customer_type REGEXP \'^[0-9]+\'
                        LEFT JOIN `user` u
                            ON u.user_id = s.seller_id ', 0)
 2 SYSTEMPATH\Database\BaseConnection.php(729): CodeIgniter\Database\MySQLi\Connection->execute(' SELECT
                            s.sales_invoice,
                            s.sales_date,
                            s.seller_id,
                            u.user_name AS seller_name,    -- ✅ Added seller name
                            sd.total_sale,
                            sd.productwiseVatPercnt,
                            s.discountOnTotalPrice,
                            s.vatOnTotalPrice,
                            s.paid_amount,
                            IFNULL(cd.customer_due, 0) AS customer_due,
                            IFNULL(cd.total_due_paid, 0) AS due_paid_amount,
                            (s.paid_amount + IFNULL(cd.total_due_paid, 0)) AS total_paid,
                            s.due_amount,
                            CASE
                                WHEN s.customer_type REGEXP \'^[0-9]+$\' THEN c.cus_first_name
                                ELSE s.customer_type
                            END AS customer_name,
                            CASE
                                WHEN s.customer_type = \'Walk-In-Customer\' THEN \'Fully Paid\'
                                WHEN IFNULL(cd.customer_due, 0) = 0 THEN \'Fully Paid\'
                                ELSE \'Partially Paid\'
                            END AS payment_status
                        FROM sales s
                        JOIN (
                            SELECT
                                sales_details_invoice,
                                SUM(total_sale_price) AS total_sale,
                                SUM(productwiseVatPercnt) AS productwiseVatPercnt
                            FROM sales_details
                            GROUP BY sales_details_invoice
                        ) sd ON s.sales_invoice = sd.sales_details_invoice
                        LEFT JOIN (
                            SELECT
                                due_invoice_no,
                                SUM(due_amount - due_paid_amount) AS customer_due,
                                SUM(due_paid_amount) AS total_due_paid
                            FROM customer_due
                            GROUP BY due_invoice_no
                        ) cd ON s.sales_invoice = cd.due_invoice_no
                        LEFT JOIN customer c
                            ON c.customer_id = s.customer_type AND s.customer_type REGEXP \'^[0-9]+\'
                        LEFT JOIN `user` u
                            ON u.user_id = s.seller_id ')
 3 SYSTEMPATH\Database\BaseConnection.php(646): CodeIgniter\Database\BaseConnection->simpleQuery(' SELECT
                            s.sales_invoice,
                            s.sales_date,
                            s.seller_id,
                            u.user_name AS seller_name,    -- ✅ Added seller name
                            sd.total_sale,
                            sd.productwiseVatPercnt,
                            s.discountOnTotalPrice,
                            s.vatOnTotalPrice,
                            s.paid_amount,
                            IFNULL(cd.customer_due, 0) AS customer_due,
                            IFNULL(cd.total_due_paid, 0) AS due_paid_amount,
                            (s.paid_amount + IFNULL(cd.total_due_paid, 0)) AS total_paid,
                            s.due_amount,
                            CASE
                                WHEN s.customer_type REGEXP \'^[0-9]+$\' THEN c.cus_first_name
                                ELSE s.customer_type
                            END AS customer_name,
                            CASE
                                WHEN s.customer_type = \'Walk-In-Customer\' THEN \'Fully Paid\'
                                WHEN IFNULL(cd.customer_due, 0) = 0 THEN \'Fully Paid\'
                                ELSE \'Partially Paid\'
                            END AS payment_status
                        FROM sales s
                        JOIN (
                            SELECT
                                sales_details_invoice,
                                SUM(total_sale_price) AS total_sale,
                                SUM(productwiseVatPercnt) AS productwiseVatPercnt
                            FROM sales_details
                            GROUP BY sales_details_invoice
                        ) sd ON s.sales_invoice = sd.sales_details_invoice
                        LEFT JOIN (
                            SELECT
                                due_invoice_no,
                                SUM(due_amount - due_paid_amount) AS customer_due,
                                SUM(due_paid_amount) AS total_due_paid
                            FROM customer_due
                            GROUP BY due_invoice_no
                        ) cd ON s.sales_invoice = cd.due_invoice_no
                        LEFT JOIN customer c
                            ON c.customer_id = s.customer_type AND s.customer_type REGEXP \'^[0-9]+\'
                        LEFT JOIN `user` u
                            ON u.user_id = s.seller_id ')
 4 APPPATH\Controllers\SaleSummaryReportController.php(57): CodeIgniter\Database\BaseConnection->query(' SELECT
                            s.sales_invoice,
                            s.sales_date,
                            s.seller_id,
                            u.user_name AS seller_name,    -- ✅ Added seller name
                            sd.total_sale,
                            sd.productwiseVatPercnt,
                            s.discountOnTotalPrice,
                            s.vatOnTotalPrice,
                            s.paid_amount,
                            IFNULL(cd.customer_due, 0) AS customer_due,
                            IFNULL(cd.total_due_paid, 0) AS due_paid_amount,
                            (s.paid_amount + IFNULL(cd.total_due_paid, 0)) AS total_paid,
                            s.due_amount,
                            CASE
                                WHEN s.customer_type REGEXP \'^[0-9]+$\' THEN c.cus_first_name
                                ELSE s.customer_type
                            END AS customer_name,
                            CASE
                                WHEN s.customer_type = \'Walk-In-Customer\' THEN \'Fully Paid\'
                                WHEN IFNULL(cd.customer_due, 0) = 0 THEN \'Fully Paid\'
                                ELSE \'Partially Paid\'
                            END AS payment_status
                        FROM sales s
                        JOIN (
                            SELECT
                                sales_details_invoice,
                                SUM(total_sale_price) AS total_sale,
                                SUM(productwiseVatPercnt) AS productwiseVatPercnt
                            FROM sales_details
                            GROUP BY sales_details_invoice
                        ) sd ON s.sales_invoice = sd.sales_details_invoice
                        LEFT JOIN (
                            SELECT
                                due_invoice_no,
                                SUM(due_amount - due_paid_amount) AS customer_due,
                                SUM(due_paid_amount) AS total_due_paid
                            FROM customer_due
                            GROUP BY due_invoice_no
                        ) cd ON s.sales_invoice = cd.due_invoice_no
                        LEFT JOIN customer c
                            ON c.customer_id = s.customer_type AND s.customer_type REGEXP \'^[0-9]+\'
                        LEFT JOIN `user` u
                            ON u.user_id = s.seller_id ')
 5 SYSTEMPATH\CodeIgniter.php(933): App\Controllers\SaleSummaryReportController->index()
 6 SYSTEMPATH\CodeIgniter.php(507): CodeIgniter\CodeIgniter->runController(Object(App\Controllers\SaleSummaryReportController))
 7 SYSTEMPATH\CodeIgniter.php(354): CodeIgniter\CodeIgniter->handleRequest(null, Object(Config\Cache), false)
 8 SYSTEMPATH\Boot.php(363): CodeIgniter\CodeIgniter->run()
 9 SYSTEMPATH\Boot.php(68): CodeIgniter\Boot::runCodeIgniter(Object(CodeIgniter\CodeIgniter))
10 FCPATH\index.php(59): CodeIgniter\Boot::bootWeb(Object(Config\Paths))
DEBUG - 2026-08-05 13:22:18 --> Session: Class initialized using 'CodeIgniter\Session\Handlers\FileHandler' driver.
DEBUG - 2026-08-05 13:22:22 --> Session: Class initialized using 'CodeIgniter\Session\Handlers\FileHandler' driver.
DEBUG - 2026-08-05 13:22:57 --> Session: Class initialized using 'CodeIgniter\Session\Handlers\FileHandler' driver.
ERROR - 2026-08-05 13:22:57 --> mysqli_sql_exception: Table 'pharmacy_db.product_inital_stock' doesn't exist in C:\laragon\www\pharmacy-project\system\Database\MySQLi\Connection.php:327
Stack trace:
#0 C:\laragon\www\pharmacy-project\system\Database\MySQLi\Connection.php(327): mysqli->query('\r\n            S...', 0)
#1 C:\laragon\www\pharmacy-project\system\Database\BaseConnection.php(729): CodeIgniter\Database\MySQLi\Connection->execute('\r\n            S...')
#2 C:\laragon\www\pharmacy-project\system\Database\BaseConnection.php(646): CodeIgniter\Database\BaseConnection->simpleQuery('\r\n            S...')
#3 C:\laragon\www\pharmacy-project\app\Controllers\ProfitLossController.php(36): CodeIgniter\Database\BaseConnection->query('\r\n            S...')
#4 C:\laragon\www\pharmacy-project\system\CodeIgniter.php(933): App\Controllers\ProfitLossController->index()
#5 C:\laragon\www\pharmacy-project\system\CodeIgniter.php(507): CodeIgniter\CodeIgniter->runController(Object(App\Controllers\ProfitLossController))
#6 C:\laragon\www\pharmacy-project\system\CodeIgniter.php(354): CodeIgniter\CodeIgniter->handleRequest(NULL, Object(Config\Cache), false)
#7 C:\laragon\www\pharmacy-project\system\Boot.php(363): CodeIgniter\CodeIgniter->run()
#8 C:\laragon\www\pharmacy-project\system\Boot.php(68): CodeIgniter\Boot::runCodeIgniter(Object(CodeIgniter\CodeIgniter))
#9 C:\laragon\www\pharmacy-project\index.php(59): CodeIgniter\Boot::bootWeb(Object(Config\Paths))
#10 {main}
CRITICAL - 2026-08-05 13:22:57 --> CodeIgniter\Database\Exceptions\DatabaseException: Table 'pharmacy_db.product_inital_stock' doesn't exist
[Method: GET, Route: reports/profit-loss]
in SYSTEMPATH\Database\BaseConnection.php on line 684.
 1 APPPATH\Controllers\ProfitLossController.php(36): CodeIgniter\Database\BaseConnection->query('
            SELECT
                piq.*,
                COALESCE(piq.productinitial_quantity,0)
                + COALESCE(ppd.new_purchased,0) AS total_stock

            FROM product_inital_stock piq

            LEFT JOIN (
                SELECT
                    product_id,
                    SUM(quantity_per_pack * box_quantity) AS new_purchased
                FROM product_purchase_details
                GROUP BY product_id
            ) ppd ON piq.product_id = ppd.product_id
        ')
 2 SYSTEMPATH\CodeIgniter.php(933): App\Controllers\ProfitLossController->index()
 3 SYSTEMPATH\CodeIgniter.php(507): CodeIgniter\CodeIgniter->runController(Object(App\Controllers\ProfitLossController))
 4 SYSTEMPATH\CodeIgniter.php(354): CodeIgniter\CodeIgniter->handleRequest(null, Object(Config\Cache), false)
 5 SYSTEMPATH\Boot.php(363): CodeIgniter\CodeIgniter->run()
 6 SYSTEMPATH\Boot.php(68): CodeIgniter\Boot::runCodeIgniter(Object(CodeIgniter\CodeIgniter))
 7 FCPATH\index.php(59): CodeIgniter\Boot::bootWeb(Object(Config\Paths))
CRITICAL - 2026-08-05 13:22:57 --> [Caused by] CodeIgniter\Database\Exceptions\DatabaseException: Table 'pharmacy_db.product_inital_stock' doesn't exist
in SYSTEMPATH\Database\MySQLi\Connection.php on line 332.
 1 SYSTEMPATH\Database\BaseConnection.php(729): CodeIgniter\Database\MySQLi\Connection->execute('
            SELECT
                piq.*,
                COALESCE(piq.productinitial_quantity,0)
                + COALESCE(ppd.new_purchased,0) AS total_stock

            FROM product_inital_stock piq

            LEFT JOIN (
                SELECT
                    product_id,
                    SUM(quantity_per_pack * box_quantity) AS new_purchased
                FROM product_purchase_details
                GROUP BY product_id
            ) ppd ON piq.product_id = ppd.product_id
        ')
 2 SYSTEMPATH\Database\BaseConnection.php(646): CodeIgniter\Database\BaseConnection->simpleQuery('
            SELECT
                piq.*,
                COALESCE(piq.productinitial_quantity,0)
                + COALESCE(ppd.new_purchased,0) AS total_stock

            FROM product_inital_stock piq

            LEFT JOIN (
                SELECT
                    product_id,
                    SUM(quantity_per_pack * box_quantity) AS new_purchased
                FROM product_purchase_details
                GROUP BY product_id
            ) ppd ON piq.product_id = ppd.product_id
        ')
 3 APPPATH\Controllers\ProfitLossController.php(36): CodeIgniter\Database\BaseConnection->query('
            SELECT
                piq.*,
                COALESCE(piq.productinitial_quantity,0)
                + COALESCE(ppd.new_purchased,0) AS total_stock

            FROM product_inital_stock piq

            LEFT JOIN (
                SELECT
                    product_id,
                    SUM(quantity_per_pack * box_quantity) AS new_purchased
                FROM product_purchase_details
                GROUP BY product_id
            ) ppd ON piq.product_id = ppd.product_id
        ')
 4 SYSTEMPATH\CodeIgniter.php(933): App\Controllers\ProfitLossController->index()
 5 SYSTEMPATH\CodeIgniter.php(507): CodeIgniter\CodeIgniter->runController(Object(App\Controllers\ProfitLossController))
 6 SYSTEMPATH\CodeIgniter.php(354): CodeIgniter\CodeIgniter->handleRequest(null, Object(Config\Cache), false)
 7 SYSTEMPATH\Boot.php(363): CodeIgniter\CodeIgniter->run()
 8 SYSTEMPATH\Boot.php(68): CodeIgniter\Boot::runCodeIgniter(Object(CodeIgniter\CodeIgniter))
 9 FCPATH\index.php(59): CodeIgniter\Boot::bootWeb(Object(Config\Paths))
CRITICAL - 2026-08-05 13:22:57 --> [Caused by] mysqli_sql_exception: Table 'pharmacy_db.product_inital_stock' doesn't exist
in SYSTEMPATH\Database\MySQLi\Connection.php on line 327.
 1 SYSTEMPATH\Database\MySQLi\Connection.php(327): mysqli->query('
            SELECT
                piq.*,
                COALESCE(piq.productinitial_quantity,0)
                + COALESCE(ppd.new_purchased,0) AS total_stock

            FROM product_inital_stock piq

            LEFT JOIN (
                SELECT
                    product_id,
                    SUM(quantity_per_pack * box_quantity) AS new_purchased
                FROM product_purchase_details
                GROUP BY product_id
            ) ppd ON piq.product_id = ppd.product_id
        ', 0)
 2 SYSTEMPATH\Database\BaseConnection.php(729): CodeIgniter\Database\MySQLi\Connection->execute('
            SELECT
                piq.*,
                COALESCE(piq.productinitial_quantity,0)
                + COALESCE(ppd.new_purchased,0) AS total_stock

            FROM product_inital_stock piq

            LEFT JOIN (
                SELECT
                    product_id,
                    SUM(quantity_per_pack * box_quantity) AS new_purchased
                FROM product_purchase_details
                GROUP BY product_id
            ) ppd ON piq.product_id = ppd.product_id
        ')
 3 SYSTEMPATH\Database\BaseConnection.php(646): CodeIgniter\Database\BaseConnection->simpleQuery('
            SELECT
                piq.*,
                COALESCE(piq.productinitial_quantity,0)
                + COALESCE(ppd.new_purchased,0) AS total_stock

            FROM product_inital_stock piq

            LEFT JOIN (
                SELECT
                    product_id,
                    SUM(quantity_per_pack * box_quantity) AS new_purchased
                FROM product_purchase_details
                GROUP BY product_id
            ) ppd ON piq.product_id = ppd.product_id
        ')
 4 APPPATH\Controllers\ProfitLossController.php(36): CodeIgniter\Database\BaseConnection->query('
            SELECT
                piq.*,
                COALESCE(piq.productinitial_quantity,0)
                + COALESCE(ppd.new_purchased,0) AS total_stock

            FROM product_inital_stock piq

            LEFT JOIN (
                SELECT
                    product_id,
                    SUM(quantity_per_pack * box_quantity) AS new_purchased
                FROM product_purchase_details
                GROUP BY product_id
            ) ppd ON piq.product_id = ppd.product_id
        ')
 5 SYSTEMPATH\CodeIgniter.php(933): App\Controllers\ProfitLossController->index()
 6 SYSTEMPATH\CodeIgniter.php(507): CodeIgniter\CodeIgniter->runController(Object(App\Controllers\ProfitLossController))
 7 SYSTEMPATH\CodeIgniter.php(354): CodeIgniter\CodeIgniter->handleRequest(null, Object(Config\Cache), false)
 8 SYSTEMPATH\Boot.php(363): CodeIgniter\CodeIgniter->run()
 9 SYSTEMPATH\Boot.php(68): CodeIgniter\Boot::runCodeIgniter(Object(CodeIgniter\CodeIgniter))
10 FCPATH\index.php(59): CodeIgniter\Boot::bootWeb(Object(Config\Paths))
DEBUG - 2026-08-05 13:23:01 --> Session: Class initialized using 'CodeIgniter\Session\Handlers\FileHandler' driver.
DEBUG - 2026-08-05 13:30:57 --> Session: Class initialized using 'CodeIgniter\Session\Handlers\FileHandler' driver.
DEBUG - 2026-08-05 13:31:02 --> Session: Class initialized using 'CodeIgniter\Session\Handlers\FileHandler' driver.
DEBUG - 2026-08-05 13:50:26 --> Session: Class initialized using 'CodeIgniter\Session\Handlers\FileHandler' driver.
DEBUG - 2026-08-05 13:50:32 --> Session: Class initialized using 'CodeIgniter\Session\Handlers\FileHandler' driver.
DEBUG - 2026-08-05 13:59:52 --> Session: Class initialized using 'CodeIgniter\Session\Handlers\FileHandler' driver.
DEBUG - 2026-08-05 14:00:26 --> Session: Class initialized using 'CodeIgniter\Session\Handlers\FileHandler' driver.
ERROR - 2026-08-05 14:00:26 --> mysqli_sql_exception: Table 'pharmacy_db.product_inital_stock' doesn't exist in C:\laragon\www\pharmacy-project\system\Database\MySQLi\Connection.php:327
Stack trace:
#0 C:\laragon\www\pharmacy-project\system\Database\MySQLi\Connection.php(327): mysqli->query('\r\n            S...', 0)
#1 C:\laragon\www\pharmacy-project\system\Database\BaseConnection.php(729): CodeIgniter\Database\MySQLi\Connection->execute('\r\n            S...')
#2 C:\laragon\www\pharmacy-project\system\Database\BaseConnection.php(646): CodeIgniter\Database\BaseConnection->simpleQuery('\r\n            S...')
#3 C:\laragon\www\pharmacy-project\app\Controllers\ProfitLossController.php(36): CodeIgniter\Database\BaseConnection->query('\r\n            S...')
#4 C:\laragon\www\pharmacy-project\system\CodeIgniter.php(933): App\Controllers\ProfitLossController->index()
#5 C:\laragon\www\pharmacy-project\system\CodeIgniter.php(507): CodeIgniter\CodeIgniter->runController(Object(App\Controllers\ProfitLossController))
#6 C:\laragon\www\pharmacy-project\system\CodeIgniter.php(354): CodeIgniter\CodeIgniter->handleRequest(NULL, Object(Config\Cache), false)
#7 C:\laragon\www\pharmacy-project\system\Boot.php(363): CodeIgniter\CodeIgniter->run()
#8 C:\laragon\www\pharmacy-project\system\Boot.php(68): CodeIgniter\Boot::runCodeIgniter(Object(CodeIgniter\CodeIgniter))
#9 C:\laragon\www\pharmacy-project\index.php(59): CodeIgniter\Boot::bootWeb(Object(Config\Paths))
#10 {main}
CRITICAL - 2026-08-05 14:00:26 --> CodeIgniter\Database\Exceptions\DatabaseException: Table 'pharmacy_db.product_inital_stock' doesn't exist
[Method: GET, Route: reports/profit-loss]
in SYSTEMPATH\Database\BaseConnection.php on line 684.
 1 APPPATH\Controllers\ProfitLossController.php(36): CodeIgniter\Database\BaseConnection->query('
            SELECT
                piq.*,
                COALESCE(piq.productinitial_quantity,0)
                + COALESCE(ppd.new_purchased,0) AS total_stock

            FROM product_inital_stock piq

            LEFT JOIN (
                SELECT
                    product_id,
                    SUM(quantity_per_pack * box_quantity) AS new_purchased
                FROM product_purchase_details
                GROUP BY product_id
            ) ppd ON piq.product_id = ppd.product_id
        ')
 2 SYSTEMPATH\CodeIgniter.php(933): App\Controllers\ProfitLossController->index()
 3 SYSTEMPATH\CodeIgniter.php(507): CodeIgniter\CodeIgniter->runController(Object(App\Controllers\ProfitLossController))
 4 SYSTEMPATH\CodeIgniter.php(354): CodeIgniter\CodeIgniter->handleRequest(null, Object(Config\Cache), false)
 5 SYSTEMPATH\Boot.php(363): CodeIgniter\CodeIgniter->run()
 6 SYSTEMPATH\Boot.php(68): CodeIgniter\Boot::runCodeIgniter(Object(CodeIgniter\CodeIgniter))
 7 FCPATH\index.php(59): CodeIgniter\Boot::bootWeb(Object(Config\Paths))
CRITICAL - 2026-08-05 14:00:26 --> [Caused by] CodeIgniter\Database\Exceptions\DatabaseException: Table 'pharmacy_db.product_inital_stock' doesn't exist
in SYSTEMPATH\Database\MySQLi\Connection.php on line 332.
 1 SYSTEMPATH\Database\BaseConnection.php(729): CodeIgniter\Database\MySQLi\Connection->execute('
            SELECT
                piq.*,
                COALESCE(piq.productinitial_quantity,0)
                + COALESCE(ppd.new_purchased,0) AS total_stock

            FROM product_inital_stock piq

            LEFT JOIN (
                SELECT
                    product_id,
                    SUM(quantity_per_pack * box_quantity) AS new_purchased
                FROM product_purchase_details
                GROUP BY product_id
            ) ppd ON piq.product_id = ppd.product_id
        ')
 2 SYSTEMPATH\Database\BaseConnection.php(646): CodeIgniter\Database\BaseConnection->simpleQuery('
            SELECT
                piq.*,
                COALESCE(piq.productinitial_quantity,0)
                + COALESCE(ppd.new_purchased,0) AS total_stock

            FROM product_inital_stock piq

            LEFT JOIN (
                SELECT
                    product_id,
                    SUM(quantity_per_pack * box_quantity) AS new_purchased
                FROM product_purchase_details
                GROUP BY product_id
            ) ppd ON piq.product_id = ppd.product_id
        ')
 3 APPPATH\Controllers\ProfitLossController.php(36): CodeIgniter\Database\BaseConnection->query('
            SELECT
                piq.*,
                COALESCE(piq.productinitial_quantity,0)
                + COALESCE(ppd.new_purchased,0) AS total_stock

            FROM product_inital_stock piq

            LEFT JOIN (
                SELECT
                    product_id,
                    SUM(quantity_per_pack * box_quantity) AS new_purchased
                FROM product_purchase_details
                GROUP BY product_id
            ) ppd ON piq.product_id = ppd.product_id
        ')
 4 SYSTEMPATH\CodeIgniter.php(933): App\Controllers\ProfitLossController->index()
 5 SYSTEMPATH\CodeIgniter.php(507): CodeIgniter\CodeIgniter->runController(Object(App\Controllers\ProfitLossController))
 6 SYSTEMPATH\CodeIgniter.php(354): CodeIgniter\CodeIgniter->handleRequest(null, Object(Config\Cache), false)
 7 SYSTEMPATH\Boot.php(363): CodeIgniter\CodeIgniter->run()
 8 SYSTEMPATH\Boot.php(68): CodeIgniter\Boot::runCodeIgniter(Object(CodeIgniter\CodeIgniter))
 9 FCPATH\index.php(59): CodeIgniter\Boot::bootWeb(Object(Config\Paths))
CRITICAL - 2026-08-05 14:00:26 --> [Caused by] mysqli_sql_exception: Table 'pharmacy_db.product_inital_stock' doesn't exist
in SYSTEMPATH\Database\MySQLi\Connection.php on line 327.
 1 SYSTEMPATH\Database\MySQLi\Connection.php(327): mysqli->query('
            SELECT
                piq.*,
                COALESCE(piq.productinitial_quantity,0)
                + COALESCE(ppd.new_purchased,0) AS total_stock

            FROM product_inital_stock piq

            LEFT JOIN (
                SELECT
                    product_id,
                    SUM(quantity_per_pack * box_quantity) AS new_purchased
                FROM product_purchase_details
                GROUP BY product_id
            ) ppd ON piq.product_id = ppd.product_id
        ', 0)
 2 SYSTEMPATH\Database\BaseConnection.php(729): CodeIgniter\Database\MySQLi\Connection->execute('
            SELECT
                piq.*,
                COALESCE(piq.productinitial_quantity,0)
                + COALESCE(ppd.new_purchased,0) AS total_stock

            FROM product_inital_stock piq

            LEFT JOIN (
                SELECT
                    product_id,
                    SUM(quantity_per_pack * box_quantity) AS new_purchased
                FROM product_purchase_details
                GROUP BY product_id
            ) ppd ON piq.product_id = ppd.product_id
        ')
 3 SYSTEMPATH\Database\BaseConnection.php(646): CodeIgniter\Database\BaseConnection->simpleQuery('
            SELECT
                piq.*,
                COALESCE(piq.productinitial_quantity,0)
                + COALESCE(ppd.new_purchased,0) AS total_stock

            FROM product_inital_stock piq

            LEFT JOIN (
                SELECT
                    product_id,
                    SUM(quantity_per_pack * box_quantity) AS new_purchased
                FROM product_purchase_details
                GROUP BY product_id
            ) ppd ON piq.product_id = ppd.product_id
        ')
 4 APPPATH\Controllers\ProfitLossController.php(36): CodeIgniter\Database\BaseConnection->query('
            SELECT
                piq.*,
                COALESCE(piq.productinitial_quantity,0)
                + COALESCE(ppd.new_purchased,0) AS total_stock

            FROM product_inital_stock piq

            LEFT JOIN (
                SELECT
                    product_id,
                    SUM(quantity_per_pack * box_quantity) AS new_purchased
                FROM product_purchase_details
                GROUP BY product_id
            ) ppd ON piq.product_id = ppd.product_id
        ')
 5 SYSTEMPATH\CodeIgniter.php(933): App\Controllers\ProfitLossController->index()
 6 SYSTEMPATH\CodeIgniter.php(507): CodeIgniter\CodeIgniter->runController(Object(App\Controllers\ProfitLossController))
 7 SYSTEMPATH\CodeIgniter.php(354): CodeIgniter\CodeIgniter->handleRequest(null, Object(Config\Cache), false)
 8 SYSTEMPATH\Boot.php(363): CodeIgniter\CodeIgniter->run()
 9 SYSTEMPATH\Boot.php(68): CodeIgniter\Boot::runCodeIgniter(Object(CodeIgniter\CodeIgniter))
10 FCPATH\index.php(59): CodeIgniter\Boot::bootWeb(Object(Config\Paths))
DEBUG - 2026-08-05 14:00:29 --> Session: Class initialized using 'CodeIgniter\Session\Handlers\FileHandler' driver.
DEBUG - 2026-08-05 14:01:11 --> Session: Class initialized using 'CodeIgniter\Session\Handlers\FileHandler' driver.
DEBUG - 2026-08-05 14:02:13 --> Session: Class initialized using 'CodeIgniter\Session\Handlers\FileHandler' driver.
DEBUG - 2026-08-05 14:07:35 --> Session: Class initialized using 'CodeIgniter\Session\Handlers\FileHandler' driver.
DEBUG - 2026-08-05 14:08:59 --> Session: Class initialized using 'CodeIgniter\Session\Handlers\FileHandler' driver.
DEBUG - 2026-08-05 14:12:44 --> Session: Class initialized using 'CodeIgniter\Session\Handlers\FileHandler' driver.
DEBUG - 2026-08-05 14:13:18 --> Session: Class initialized using 'CodeIgniter\Session\Handlers\FileHandler' driver.
DEBUG - 2026-08-05 14:15:57 --> Session: Class initialized using 'CodeIgniter\Session\Handlers\FileHandler' driver.
DEBUG - 2026-08-05 14:16:58 --> Session: Class initialized using 'CodeIgniter\Session\Handlers\FileHandler' driver.
DEBUG - 2026-08-05 14:18:56 --> Session: Class initialized using 'CodeIgniter\Session\Handlers\FileHandler' driver.
DEBUG - 2026-08-05 14:22:39 --> Session: Class initialized using 'CodeIgniter\Session\Handlers\FileHandler' driver.
DEBUG - 2026-08-05 14:23:11 --> Session: Class initialized using 'CodeIgniter\Session\Handlers\FileHandler' driver.
DEBUG - 2026-08-05 14:23:22 --> Session: Class initialized using 'CodeIgniter\Session\Handlers\FileHandler' driver.
DEBUG - 2026-08-05 14:24:04 --> Session: Class initialized using 'CodeIgniter\Session\Handlers\FileHandler' driver.
ERROR - 2026-08-05 14:24:04 --> mysqli_sql_exception: Table 'pharmacy_db.product_inital_stock' doesn't exist in C:\laragon\www\pharmacy-project\system\Database\MySQLi\Connection.php:327
Stack trace:
#0 C:\laragon\www\pharmacy-project\system\Database\MySQLi\Connection.php(327): mysqli->query('\r\n            S...', 0)
#1 C:\laragon\www\pharmacy-project\system\Database\BaseConnection.php(729): CodeIgniter\Database\MySQLi\Connection->execute('\r\n            S...')
#2 C:\laragon\www\pharmacy-project\system\Database\BaseConnection.php(646): CodeIgniter\Database\BaseConnection->simpleQuery('\r\n            S...')
#3 C:\laragon\www\pharmacy-project\app\Controllers\ProfitLossController.php(36): CodeIgniter\Database\BaseConnection->query('\r\n            S...')
#4 C:\laragon\www\pharmacy-project\system\CodeIgniter.php(933): App\Controllers\ProfitLossController->index()
#5 C:\laragon\www\pharmacy-project\system\CodeIgniter.php(507): CodeIgniter\CodeIgniter->runController(Object(App\Controllers\ProfitLossController))
#6 C:\laragon\www\pharmacy-project\system\CodeIgniter.php(354): CodeIgniter\CodeIgniter->handleRequest(NULL, Object(Config\Cache), false)
#7 C:\laragon\www\pharmacy-project\system\Boot.php(363): CodeIgniter\CodeIgniter->run()
#8 C:\laragon\www\pharmacy-project\system\Boot.php(68): CodeIgniter\Boot::runCodeIgniter(Object(CodeIgniter\CodeIgniter))
#9 C:\laragon\www\pharmacy-project\index.php(59): CodeIgniter\Boot::bootWeb(Object(Config\Paths))
#10 {main}
CRITICAL - 2026-08-05 14:24:04 --> CodeIgniter\Database\Exceptions\DatabaseException: Table 'pharmacy_db.product_inital_stock' doesn't exist
[Method: GET, Route: reports/profit-loss]
in SYSTEMPATH\Database\BaseConnection.php on line 684.
 1 APPPATH\Controllers\ProfitLossController.php(36): CodeIgniter\Database\BaseConnection->query('
            SELECT
                piq.*,
                COALESCE(piq.productinitial_quantity,0)
                + COALESCE(ppd.new_purchased,0) AS total_stock

            FROM product_inital_stock piq

            LEFT JOIN (
                SELECT
                    product_id,
                    SUM(quantity_per_pack * box_quantity) AS new_purchased
                FROM product_purchase_details
                GROUP BY product_id
            ) ppd ON piq.product_id = ppd.product_id
        ')
 2 SYSTEMPATH\CodeIgniter.php(933): App\Controllers\ProfitLossController->index()
 3 SYSTEMPATH\CodeIgniter.php(507): CodeIgniter\CodeIgniter->runController(Object(App\Controllers\ProfitLossController))
 4 SYSTEMPATH\CodeIgniter.php(354): CodeIgniter\CodeIgniter->handleRequest(null, Object(Config\Cache), false)
 5 SYSTEMPATH\Boot.php(363): CodeIgniter\CodeIgniter->run()
 6 SYSTEMPATH\Boot.php(68): CodeIgniter\Boot::runCodeIgniter(Object(CodeIgniter\CodeIgniter))
 7 FCPATH\index.php(59): CodeIgniter\Boot::bootWeb(Object(Config\Paths))
CRITICAL - 2026-08-05 14:24:05 --> [Caused by] CodeIgniter\Database\Exceptions\DatabaseException: Table 'pharmacy_db.product_inital_stock' doesn't exist
in SYSTEMPATH\Database\MySQLi\Connection.php on line 332.
 1 SYSTEMPATH\Database\BaseConnection.php(729): CodeIgniter\Database\MySQLi\Connection->execute('
            SELECT
                piq.*,
                COALESCE(piq.productinitial_quantity,0)
                + COALESCE(ppd.new_purchased,0) AS total_stock

            FROM product_inital_stock piq

            LEFT JOIN (
                SELECT
                    product_id,
                    SUM(quantity_per_pack * box_quantity) AS new_purchased
                FROM product_purchase_details
                GROUP BY product_id
            ) ppd ON piq.product_id = ppd.product_id
        ')
 2 SYSTEMPATH\Database\BaseConnection.php(646): CodeIgniter\Database\BaseConnection->simpleQuery('
            SELECT
                piq.*,
                COALESCE(piq.productinitial_quantity,0)
                + COALESCE(ppd.new_purchased,0) AS total_stock

            FROM product_inital_stock piq

            LEFT JOIN (
                SELECT
                    product_id,
                    SUM(quantity_per_pack * box_quantity) AS new_purchased
                FROM product_purchase_details
                GROUP BY product_id
            ) ppd ON piq.product_id = ppd.product_id
        ')
 3 APPPATH\Controllers\ProfitLossController.php(36): CodeIgniter\Database\BaseConnection->query('
            SELECT
                piq.*,
                COALESCE(piq.productinitial_quantity,0)
                + COALESCE(ppd.new_purchased,0) AS total_stock

            FROM product_inital_stock piq

            LEFT JOIN (
                SELECT
                    product_id,
                    SUM(quantity_per_pack * box_quantity) AS new_purchased
                FROM product_purchase_details
                GROUP BY product_id
            ) ppd ON piq.product_id = ppd.product_id
        ')
 4 SYSTEMPATH\CodeIgniter.php(933): App\Controllers\ProfitLossController->index()
 5 SYSTEMPATH\CodeIgniter.php(507): CodeIgniter\CodeIgniter->runController(Object(App\Controllers\ProfitLossController))
 6 SYSTEMPATH\CodeIgniter.php(354): CodeIgniter\CodeIgniter->handleRequest(null, Object(Config\Cache), false)
 7 SYSTEMPATH\Boot.php(363): CodeIgniter\CodeIgniter->run()
 8 SYSTEMPATH\Boot.php(68): CodeIgniter\Boot::runCodeIgniter(Object(CodeIgniter\CodeIgniter))
 9 FCPATH\index.php(59): CodeIgniter\Boot::bootWeb(Object(Config\Paths))
CRITICAL - 2026-08-05 14:24:05 --> [Caused by] mysqli_sql_exception: Table 'pharmacy_db.product_inital_stock' doesn't exist
in SYSTEMPATH\Database\MySQLi\Connection.php on line 327.
 1 SYSTEMPATH\Database\MySQLi\Connection.php(327): mysqli->query('
            SELECT
                piq.*,
                COALESCE(piq.productinitial_quantity,0)
                + COALESCE(ppd.new_purchased,0) AS total_stock

            FROM product_inital_stock piq

            LEFT JOIN (
                SELECT
                    product_id,
                    SUM(quantity_per_pack * box_quantity) AS new_purchased
                FROM product_purchase_details
                GROUP BY product_id
            ) ppd ON piq.product_id = ppd.product_id
        ', 0)
 2 SYSTEMPATH\Database\BaseConnection.php(729): CodeIgniter\Database\MySQLi\Connection->execute('
            SELECT
                piq.*,
                COALESCE(piq.productinitial_quantity,0)
                + COALESCE(ppd.new_purchased,0) AS total_stock

            FROM product_inital_stock piq

            LEFT JOIN (
                SELECT
                    product_id,
                    SUM(quantity_per_pack * box_quantity) AS new_purchased
                FROM product_purchase_details
                GROUP BY product_id
            ) ppd ON piq.product_id = ppd.product_id
        ')
 3 SYSTEMPATH\Database\BaseConnection.php(646): CodeIgniter\Database\BaseConnection->simpleQuery('
            SELECT
                piq.*,
                COALESCE(piq.productinitial_quantity,0)
                + COALESCE(ppd.new_purchased,0) AS total_stock

            FROM product_inital_stock piq

            LEFT JOIN (
                SELECT
                    product_id,
                    SUM(quantity_per_pack * box_quantity) AS new_purchased
                FROM product_purchase_details
                GROUP BY product_id
            ) ppd ON piq.product_id = ppd.product_id
        ')
 4 APPPATH\Controllers\ProfitLossController.php(36): CodeIgniter\Database\BaseConnection->query('
            SELECT
                piq.*,
                COALESCE(piq.productinitial_quantity,0)
                + COALESCE(ppd.new_purchased,0) AS total_stock

            FROM product_inital_stock piq

            LEFT JOIN (
                SELECT
                    product_id,
                    SUM(quantity_per_pack * box_quantity) AS new_purchased
                FROM product_purchase_details
                GROUP BY product_id
            ) ppd ON piq.product_id = ppd.product_id
        ')
 5 SYSTEMPATH\CodeIgniter.php(933): App\Controllers\ProfitLossController->index()
 6 SYSTEMPATH\CodeIgniter.php(507): CodeIgniter\CodeIgniter->runController(Object(App\Controllers\ProfitLossController))
 7 SYSTEMPATH\CodeIgniter.php(354): CodeIgniter\CodeIgniter->handleRequest(null, Object(Config\Cache), false)
 8 SYSTEMPATH\Boot.php(363): CodeIgniter\CodeIgniter->run()
 9 SYSTEMPATH\Boot.php(68): CodeIgniter\Boot::runCodeIgniter(Object(CodeIgniter\CodeIgniter))
10 FCPATH\index.php(59): CodeIgniter\Boot::bootWeb(Object(Config\Paths))
DEBUG - 2026-08-05 14:39:56 --> Session: Class initialized using 'CodeIgniter\Session\Handlers\FileHandler' driver.
DEBUG - 2026-08-05 14:39:59 --> Session: Class initialized using 'CodeIgniter\Session\Handlers\FileHandler' driver.
DEBUG - 2026-08-05 14:40:07 --> Session: Class initialized using 'CodeIgniter\Session\Handlers\FileHandler' driver.
ERROR - 2026-08-05 14:40:07 --> mysqli_sql_exception: Unknown column 'total_amount' in 'field list' in C:\laragon\www\pharmacy-project\system\Database\MySQLi\Connection.php:327
Stack trace:
#0 C:\laragon\www\pharmacy-project\system\Database\MySQLi\Connection.php(327): mysqli->query('\r\n        SELEC...', 0)
#1 C:\laragon\www\pharmacy-project\system\Database\BaseConnection.php(729): CodeIgniter\Database\MySQLi\Connection->execute('\r\n        SELEC...')
#2 C:\laragon\www\pharmacy-project\system\Database\BaseConnection.php(646): CodeIgniter\Database\BaseConnection->simpleQuery('\r\n        SELEC...')
#3 C:\laragon\www\pharmacy-project\app\Controllers\ProfitLossController.php(75): CodeIgniter\Database\BaseConnection->query('\r\n        SELEC...', Array)
#4 C:\laragon\www\pharmacy-project\system\CodeIgniter.php(933): App\Controllers\ProfitLossController->profitlosspdfcreate()
#5 C:\laragon\www\pharmacy-project\system\CodeIgniter.php(507): CodeIgniter\CodeIgniter->runController(Object(App\Controllers\ProfitLossController))
#6 C:\laragon\www\pharmacy-project\system\CodeIgniter.php(354): CodeIgniter\CodeIgniter->handleRequest(NULL, Object(Config\Cache), false)
#7 C:\laragon\www\pharmacy-project\system\Boot.php(363): CodeIgniter\CodeIgniter->run()
#8 C:\laragon\www\pharmacy-project\system\Boot.php(68): CodeIgniter\Boot::runCodeIgniter(Object(CodeIgniter\CodeIgniter))
#9 C:\laragon\www\pharmacy-project\index.php(59): CodeIgniter\Boot::bootWeb(Object(Config\Paths))
#10 {main}
CRITICAL - 2026-08-05 14:40:07 --> CodeIgniter\Database\Exceptions\DatabaseException: Unknown column 'total_amount' in 'field list'
[Method: POST, Route: reports/PLReport]
in SYSTEMPATH\Database\BaseConnection.php on line 684.
 1 APPPATH\Controllers\ProfitLossController.php(75): CodeIgniter\Database\BaseConnection->query('
        SELECT
            IFNULL(SUM(total_amount),0) AS gross_sales,
            IFNULL(SUM(product_discount),0) AS product_discount,
            IFNULL(SUM(product_vat),0) AS total_vat,
            IFNULL(SUM(other_charge_on_all),0) AS other_charge
        FROM sales
        WHERE sales_date BETWEEN ? AND ?
    ', [...])
 2 SYSTEMPATH\CodeIgniter.php(933): App\Controllers\ProfitLossController->profitlosspdfcreate()
 3 SYSTEMPATH\CodeIgniter.php(507): CodeIgniter\CodeIgniter->runController(Object(App\Controllers\ProfitLossController))
 4 SYSTEMPATH\CodeIgniter.php(354): CodeIgniter\CodeIgniter->handleRequest(null, Object(Config\Cache), false)
 5 SYSTEMPATH\Boot.php(363): CodeIgniter\CodeIgniter->run()
 6 SYSTEMPATH\Boot.php(68): CodeIgniter\Boot::runCodeIgniter(Object(CodeIgniter\CodeIgniter))
 7 FCPATH\index.php(59): CodeIgniter\Boot::bootWeb(Object(Config\Paths))
CRITICAL - 2026-08-05 14:40:07 --> [Caused by] CodeIgniter\Database\Exceptions\DatabaseException: Unknown column 'total_amount' in 'field list'
in SYSTEMPATH\Database\MySQLi\Connection.php on line 332.
 1 SYSTEMPATH\Database\BaseConnection.php(729): CodeIgniter\Database\MySQLi\Connection->execute('
        SELECT
            IFNULL(SUM(total_amount),0) AS gross_sales,
            IFNULL(SUM(product_discount),0) AS product_discount,
            IFNULL(SUM(product_vat),0) AS total_vat,
            IFNULL(SUM(other_charge_on_all),0) AS other_charge
        FROM sales
        WHERE sales_date BETWEEN \'2026-08-02 00:00:00\' AND \'2026-08-05 23:59:59\'
    ')
 2 SYSTEMPATH\Database\BaseConnection.php(646): CodeIgniter\Database\BaseConnection->simpleQuery('
        SELECT
            IFNULL(SUM(total_amount),0) AS gross_sales,
            IFNULL(SUM(product_discount),0) AS product_discount,
            IFNULL(SUM(product_vat),0) AS total_vat,
            IFNULL(SUM(other_charge_on_all),0) AS other_charge
        FROM sales
        WHERE sales_date BETWEEN \'2026-08-02 00:00:00\' AND \'2026-08-05 23:59:59\'
    ')
 3 APPPATH\Controllers\ProfitLossController.php(75): CodeIgniter\Database\BaseConnection->query('
        SELECT
            IFNULL(SUM(total_amount),0) AS gross_sales,
            IFNULL(SUM(product_discount),0) AS product_discount,
            IFNULL(SUM(product_vat),0) AS total_vat,
            IFNULL(SUM(other_charge_on_all),0) AS other_charge
        FROM sales
        WHERE sales_date BETWEEN ? AND ?
    ', [...])
 4 SYSTEMPATH\CodeIgniter.php(933): App\Controllers\ProfitLossController->profitlosspdfcreate()
 5 SYSTEMPATH\CodeIgniter.php(507): CodeIgniter\CodeIgniter->runController(Object(App\Controllers\ProfitLossController))
 6 SYSTEMPATH\CodeIgniter.php(354): CodeIgniter\CodeIgniter->handleRequest(null, Object(Config\Cache), false)
 7 SYSTEMPATH\Boot.php(363): CodeIgniter\CodeIgniter->run()
 8 SYSTEMPATH\Boot.php(68): CodeIgniter\Boot::runCodeIgniter(Object(CodeIgniter\CodeIgniter))
 9 FCPATH\index.php(59): CodeIgniter\Boot::bootWeb(Object(Config\Paths))
CRITICAL - 2026-08-05 14:40:07 --> [Caused by] mysqli_sql_exception: Unknown column 'total_amount' in 'field list'
in SYSTEMPATH\Database\MySQLi\Connection.php on line 327.
 1 SYSTEMPATH\Database\MySQLi\Connection.php(327): mysqli->query('
        SELECT
            IFNULL(SUM(total_amount),0) AS gross_sales,
            IFNULL(SUM(product_discount),0) AS product_discount,
            IFNULL(SUM(product_vat),0) AS total_vat,
            IFNULL(SUM(other_charge_on_all),0) AS other_charge
        FROM sales
        WHERE sales_date BETWEEN \'2026-08-02 00:00:00\' AND \'2026-08-05 23:59:59\'
    ', 0)
 2 SYSTEMPATH\Database\BaseConnection.php(729): CodeIgniter\Database\MySQLi\Connection->execute('
        SELECT
            IFNULL(SUM(total_amount),0) AS gross_sales,
            IFNULL(SUM(product_discount),0) AS product_discount,
            IFNULL(SUM(product_vat),0) AS total_vat,
            IFNULL(SUM(other_charge_on_all),0) AS other_charge
        FROM sales
        WHERE sales_date BETWEEN \'2026-08-02 00:00:00\' AND \'2026-08-05 23:59:59\'
    ')
 3 SYSTEMPATH\Database\BaseConnection.php(646): CodeIgniter\Database\BaseConnection->simpleQuery('
        SELECT
            IFNULL(SUM(total_amount),0) AS gross_sales,
            IFNULL(SUM(product_discount),0) AS product_discount,
            IFNULL(SUM(product_vat),0) AS total_vat,
            IFNULL(SUM(other_charge_on_all),0) AS other_charge
        FROM sales
        WHERE sales_date BETWEEN \'2026-08-02 00:00:00\' AND \'2026-08-05 23:59:59\'
    ')
 4 APPPATH\Controllers\ProfitLossController.php(75): CodeIgniter\Database\BaseConnection->query('
        SELECT
            IFNULL(SUM(total_amount),0) AS gross_sales,
            IFNULL(SUM(product_discount),0) AS product_discount,
            IFNULL(SUM(product_vat),0) AS total_vat,
            IFNULL(SUM(other_charge_on_all),0) AS other_charge
        FROM sales
        WHERE sales_date BETWEEN ? AND ?
    ', [...])
 5 SYSTEMPATH\CodeIgniter.php(933): App\Controllers\ProfitLossController->profitlosspdfcreate()
 6 SYSTEMPATH\CodeIgniter.php(507): CodeIgniter\CodeIgniter->runController(Object(App\Controllers\ProfitLossController))
 7 SYSTEMPATH\CodeIgniter.php(354): CodeIgniter\CodeIgniter->handleRequest(null, Object(Config\Cache), false)
 8 SYSTEMPATH\Boot.php(363): CodeIgniter\CodeIgniter->run()
 9 SYSTEMPATH\Boot.php(68): CodeIgniter\Boot::runCodeIgniter(Object(CodeIgniter\CodeIgniter))
10 FCPATH\index.php(59): CodeIgniter\Boot::bootWeb(Object(Config\Paths))
DEBUG - 2026-08-05 14:40:20 --> Session: Class initialized using 'CodeIgniter\Session\Handlers\FileHandler' driver.
DEBUG - 2026-08-05 14:40:29 --> Session: Class initialized using 'CodeIgniter\Session\Handlers\FileHandler' driver.
DEBUG - 2026-08-05 14:40:33 --> Session: Class initialized using 'CodeIgniter\Session\Handlers\FileHandler' driver.
DEBUG - 2026-08-05 14:43:12 --> Session: Class initialized using 'CodeIgniter\Session\Handlers\FileHandler' driver.
DEBUG - 2026-08-05 14:43:20 --> Session: Class initialized using 'CodeIgniter\Session\Handlers\FileHandler' driver.
ERROR - 2026-08-05 14:43:20 --> mysqli_sql_exception: Unknown column 'rsd.total_sale_price' in 'field list' in C:\laragon\www\pharmacy-project\system\Database\MySQLi\Connection.php:327
Stack trace:
#0 C:\laragon\www\pharmacy-project\system\Database\MySQLi\Connection.php(327): mysqli->query('\r\n        SELEC...', 0)
#1 C:\laragon\www\pharmacy-project\system\Database\BaseConnection.php(729): CodeIgniter\Database\MySQLi\Connection->execute('\r\n        SELEC...')
#2 C:\laragon\www\pharmacy-project\system\Database\BaseConnection.php(646): CodeIgniter\Database\BaseConnection->simpleQuery('\r\n        SELEC...')
#3 C:\laragon\www\pharmacy-project\app\Controllers\ProfitLossController.php(98): CodeIgniter\Database\BaseConnection->query('\r\n        SELEC...', Array)
#4 C:\laragon\www\pharmacy-project\system\CodeIgniter.php(933): App\Controllers\ProfitLossController->profitlosspdfcreate()
#5 C:\laragon\www\pharmacy-project\system\CodeIgniter.php(507): CodeIgniter\CodeIgniter->runController(Object(App\Controllers\ProfitLossController))
#6 C:\laragon\www\pharmacy-project\system\CodeIgniter.php(354): CodeIgniter\CodeIgniter->handleRequest(NULL, Object(Config\Cache), false)
#7 C:\laragon\www\pharmacy-project\system\Boot.php(363): CodeIgniter\CodeIgniter->run()
#8 C:\laragon\www\pharmacy-project\system\Boot.php(68): CodeIgniter\Boot::runCodeIgniter(Object(CodeIgniter\CodeIgniter))
#9 C:\laragon\www\pharmacy-project\index.php(59): CodeIgniter\Boot::bootWeb(Object(Config\Paths))
#10 {main}
CRITICAL - 2026-08-05 14:43:20 --> CodeIgniter\Database\Exceptions\DatabaseException: Unknown column 'rsd.total_sale_price' in 'field list'
[Method: POST, Route: reports/PLReport]
in SYSTEMPATH\Database\BaseConnection.php on line 684.
 1 APPPATH\Controllers\ProfitLossController.php(98): CodeIgniter\Database\BaseConnection->query('
        SELECT
            IFNULL(SUM(rsd.total_sale_price),0) AS return_sales,
            IFNULL(SUM(rsd.total_buy_price),0) AS return_cost
        FROM return_sales_details rsd
        INNER JOIN return_sales rs
            ON rs.return_sales_id = rsd.return_sales_id
        WHERE rs.return_date BETWEEN ? AND ?
    ', [...])
 2 SYSTEMPATH\CodeIgniter.php(933): App\Controllers\ProfitLossController->profitlosspdfcreate()
 3 SYSTEMPATH\CodeIgniter.php(507): CodeIgniter\CodeIgniter->runController(Object(App\Controllers\ProfitLossController))
 4 SYSTEMPATH\CodeIgniter.php(354): CodeIgniter\CodeIgniter->handleRequest(null, Object(Config\Cache), false)
 5 SYSTEMPATH\Boot.php(363): CodeIgniter\CodeIgniter->run()
 6 SYSTEMPATH\Boot.php(68): CodeIgniter\Boot::runCodeIgniter(Object(CodeIgniter\CodeIgniter))
 7 FCPATH\index.php(59): CodeIgniter\Boot::bootWeb(Object(Config\Paths))
CRITICAL - 2026-08-05 14:43:20 --> [Caused by] CodeIgniter\Database\Exceptions\DatabaseException: Unknown column 'rsd.total_sale_price' in 'field list'
in SYSTEMPATH\Database\MySQLi\Connection.php on line 332.
 1 SYSTEMPATH\Database\BaseConnection.php(729): CodeIgniter\Database\MySQLi\Connection->execute('
        SELECT
            IFNULL(SUM(rsd.total_sale_price),0) AS return_sales,
            IFNULL(SUM(rsd.total_buy_price),0) AS return_cost
        FROM return_sales_details rsd
        INNER JOIN return_sales rs
            ON rs.return_sales_id = rsd.return_sales_id
        WHERE rs.return_date BETWEEN \'2026-08-01 00:00:00\' AND \'2026-08-05 23:59:59\'
    ')
 2 SYSTEMPATH\Database\BaseConnection.php(646): CodeIgniter\Database\BaseConnection->simpleQuery('
        SELECT
            IFNULL(SUM(rsd.total_sale_price),0) AS return_sales,
            IFNULL(SUM(rsd.total_buy_price),0) AS return_cost
        FROM return_sales_details rsd
        INNER JOIN return_sales rs
            ON rs.return_sales_id = rsd.return_sales_id
        WHERE rs.return_date BETWEEN \'2026-08-01 00:00:00\' AND \'2026-08-05 23:59:59\'
    ')
 3 APPPATH\Controllers\ProfitLossController.php(98): CodeIgniter\Database\BaseConnection->query('
        SELECT
            IFNULL(SUM(rsd.total_sale_price),0) AS return_sales,
            IFNULL(SUM(rsd.total_buy_price),0) AS return_cost
        FROM return_sales_details rsd
        INNER JOIN return_sales rs
            ON rs.return_sales_id = rsd.return_sales_id
        WHERE rs.return_date BETWEEN ? AND ?
    ', [...])
 4 SYSTEMPATH\CodeIgniter.php(933): App\Controllers\ProfitLossController->profitlosspdfcreate()
 5 SYSTEMPATH\CodeIgniter.php(507): CodeIgniter\CodeIgniter->runController(Object(App\Controllers\ProfitLossController))
 6 SYSTEMPATH\CodeIgniter.php(354): CodeIgniter\CodeIgniter->handleRequest(null, Object(Config\Cache), false)
 7 SYSTEMPATH\Boot.php(363): CodeIgniter\CodeIgniter->run()
 8 SYSTEMPATH\Boot.php(68): CodeIgniter\Boot::runCodeIgniter(Object(CodeIgniter\CodeIgniter))
 9 FCPATH\index.php(59): CodeIgniter\Boot::bootWeb(Object(Config\Paths))
CRITICAL - 2026-08-05 14:43:20 --> [Caused by] mysqli_sql_exception: Unknown column 'rsd.total_sale_price' in 'field list'
in SYSTEMPATH\Database\MySQLi\Connection.php on line 327.
 1 SYSTEMPATH\Database\MySQLi\Connection.php(327): mysqli->query('
        SELECT
            IFNULL(SUM(rsd.total_sale_price),0) AS return_sales,
            IFNULL(SUM(rsd.total_buy_price),0) AS return_cost
        FROM return_sales_details rsd
        INNER JOIN return_sales rs
            ON rs.return_sales_id = rsd.return_sales_id
        WHERE rs.return_date BETWEEN \'2026-08-01 00:00:00\' AND \'2026-08-05 23:59:59\'
    ', 0)
 2 SYSTEMPATH\Database\BaseConnection.php(729): CodeIgniter\Database\MySQLi\Connection->execute('
        SELECT
            IFNULL(SUM(rsd.total_sale_price),0) AS return_sales,
            IFNULL(SUM(rsd.total_buy_price),0) AS return_cost
        FROM return_sales_details rsd
        INNER JOIN return_sales rs
            ON rs.return_sales_id = rsd.return_sales_id
        WHERE rs.return_date BETWEEN \'2026-08-01 00:00:00\' AND \'2026-08-05 23:59:59\'
    ')
 3 SYSTEMPATH\Database\BaseConnection.php(646): CodeIgniter\Database\BaseConnection->simpleQuery('
        SELECT
            IFNULL(SUM(rsd.total_sale_price),0) AS return_sales,
            IFNULL(SUM(rsd.total_buy_price),0) AS return_cost
        FROM return_sales_details rsd
        INNER JOIN return_sales rs
            ON rs.return_sales_id = rsd.return_sales_id
        WHERE rs.return_date BETWEEN \'2026-08-01 00:00:00\' AND \'2026-08-05 23:59:59\'
    ')
 4 APPPATH\Controllers\ProfitLossController.php(98): CodeIgniter\Database\BaseConnection->query('
        SELECT
            IFNULL(SUM(rsd.total_sale_price),0) AS return_sales,
            IFNULL(SUM(rsd.total_buy_price),0) AS return_cost
        FROM return_sales_details rsd
        INNER JOIN return_sales rs
            ON rs.return_sales_id = rsd.return_sales_id
        WHERE rs.return_date BETWEEN ? AND ?
    ', [...])
 5 SYSTEMPATH\CodeIgniter.php(933): App\Controllers\ProfitLossController->profitlosspdfcreate()
 6 SYSTEMPATH\CodeIgniter.php(507): CodeIgniter\CodeIgniter->runController(Object(App\Controllers\ProfitLossController))
 7 SYSTEMPATH\CodeIgniter.php(354): CodeIgniter\CodeIgniter->handleRequest(null, Object(Config\Cache), false)
 8 SYSTEMPATH\Boot.php(363): CodeIgniter\CodeIgniter->run()
 9 SYSTEMPATH\Boot.php(68): CodeIgniter\Boot::runCodeIgniter(Object(CodeIgniter\CodeIgniter))
10 FCPATH\index.php(59): CodeIgniter\Boot::bootWeb(Object(Config\Paths))
