DEBUG - 2026-02-15 05:16:58 --> Session: Class initialized using 'CodeIgniter\Session\Handlers\FileHandler' driver.
DEBUG - 2026-02-15 05:17:03 --> Session: Class initialized using 'CodeIgniter\Session\Handlers\FileHandler' driver.
DEBUG - 2026-02-15 05:17:03 --> Session: Class initialized using 'CodeIgniter\Session\Handlers\FileHandler' driver.
DEBUG - 2026-02-15 05:17:12 --> Session: Class initialized using 'CodeIgniter\Session\Handlers\FileHandler' driver.
DEBUG - 2026-02-15 05:17:56 --> Session: Class initialized using 'CodeIgniter\Session\Handlers\FileHandler' driver.
DEBUG - 2026-02-15 05:18:39 --> Session: Class initialized using 'CodeIgniter\Session\Handlers\FileHandler' driver.
DEBUG - 2026-02-15 05:18:46 --> Session: Class initialized using 'CodeIgniter\Session\Handlers\FileHandler' driver.
DEBUG - 2026-02-15 05:18:51 --> Session: Class initialized using 'CodeIgniter\Session\Handlers\FileHandler' driver.
DEBUG - 2026-02-15 05:19:21 --> Session: Class initialized using 'CodeIgniter\Session\Handlers\FileHandler' driver.
DEBUG - 2026-02-15 05:19:36 --> Session: Class initialized using 'CodeIgniter\Session\Handlers\FileHandler' driver.
DEBUG - 2026-02-15 05:19:38 --> Session: Class initialized using 'CodeIgniter\Session\Handlers\FileHandler' driver.
DEBUG - 2026-02-15 05:19:40 --> Session: Class initialized using 'CodeIgniter\Session\Handlers\FileHandler' driver.
DEBUG - 2026-02-15 05:22:07 --> Session: Class initialized using 'CodeIgniter\Session\Handlers\FileHandler' driver.
DEBUG - 2026-02-15 05:22:11 --> Session: Class initialized using 'CodeIgniter\Session\Handlers\FileHandler' driver.
DEBUG - 2026-02-15 05:22:13 --> Session: Class initialized using 'CodeIgniter\Session\Handlers\FileHandler' driver.
DEBUG - 2026-02-15 05:22:14 --> Session: Class initialized using 'CodeIgniter\Session\Handlers\FileHandler' driver.
DEBUG - 2026-02-15 05:23:14 --> Session: Class initialized using 'CodeIgniter\Session\Handlers\FileHandler' driver.
DEBUG - 2026-02-15 05:23:21 --> Session: Class initialized using 'CodeIgniter\Session\Handlers\FileHandler' driver.
DEBUG - 2026-02-15 05:23:22 --> Session: Class initialized using 'CodeIgniter\Session\Handlers\FileHandler' driver.
DEBUG - 2026-02-15 05:23:30 --> Session: Class initialized using 'CodeIgniter\Session\Handlers\FileHandler' driver.
DEBUG - 2026-02-15 05:23:36 --> Session: Class initialized using 'CodeIgniter\Session\Handlers\FileHandler' driver.
DEBUG - 2026-02-15 05:26:59 --> Session: Class initialized using 'CodeIgniter\Session\Handlers\FileHandler' driver.
CRITICAL - 2026-02-15 05:29:13 --> CodeIgniter\View\Exceptions\ViewException: Invalid file: "expense/ExpenseCategoryAdd.php"
[Method: GET, Route: Expensecategory]
in SYSTEMPATH\Exceptions\FrameworkException.php on line 39.
 1 SYSTEMPATH\View\View.php(214): CodeIgniter\Exceptions\FrameworkException::forInvalidFile('expense/ExpenseCategoryAdd.php')
 2 SYSTEMPATH\Common.php(1167): CodeIgniter\View\View->render('expense/ExpenseCategoryAdd', [], true)
 3 APPPATH\Controllers\Expensecategory.php(24): view('expense/ExpenseCategoryAdd', [...])
 4 SYSTEMPATH\CodeIgniter.php(933): App\Controllers\Expensecategory->index()
 5 SYSTEMPATH\CodeIgniter.php(507): CodeIgniter\CodeIgniter->runController(Object(App\Controllers\Expensecategory))
 6 SYSTEMPATH\CodeIgniter.php(354): CodeIgniter\CodeIgniter->handleRequest(null, Object(Config\Cache), false)
 7 SYSTEMPATH\Boot.php(363): CodeIgniter\CodeIgniter->run()
 8 SYSTEMPATH\Boot.php(68): CodeIgniter\Boot::runCodeIgniter(Object(CodeIgniter\CodeIgniter))
 9 FCPATH\index.php(59): CodeIgniter\Boot::bootWeb(Object(Config\Paths))
DEBUG - 2026-02-15 05:30:31 --> Session: Class initialized using 'CodeIgniter\Session\Handlers\FileHandler' driver.
CRITICAL - 2026-02-15 05:30:41 --> CodeIgniter\View\Exceptions\ViewException: Invalid file: "expense/ExpenseCategoryAdd.php"
[Method: GET, Route: Expensecategory]
in SYSTEMPATH\Exceptions\FrameworkException.php on line 39.
 1 SYSTEMPATH\View\View.php(214): CodeIgniter\Exceptions\FrameworkException::forInvalidFile('expense/ExpenseCategoryAdd.php')
 2 SYSTEMPATH\Common.php(1167): CodeIgniter\View\View->render('expense/ExpenseCategoryAdd', [], true)
 3 APPPATH\Controllers\Expensecategory.php(24): view('expense/ExpenseCategoryAdd', [...])
 4 SYSTEMPATH\CodeIgniter.php(933): App\Controllers\Expensecategory->index()
 5 SYSTEMPATH\CodeIgniter.php(507): CodeIgniter\CodeIgniter->runController(Object(App\Controllers\Expensecategory))
 6 SYSTEMPATH\CodeIgniter.php(354): CodeIgniter\CodeIgniter->handleRequest(null, Object(Config\Cache), false)
 7 SYSTEMPATH\Boot.php(363): CodeIgniter\CodeIgniter->run()
 8 SYSTEMPATH\Boot.php(68): CodeIgniter\Boot::runCodeIgniter(Object(CodeIgniter\CodeIgniter))
 9 FCPATH\index.php(59): CodeIgniter\Boot::bootWeb(Object(Config\Paths))
DEBUG - 2026-02-15 05:31:56 --> Session: Class initialized using 'CodeIgniter\Session\Handlers\FileHandler' driver.
DEBUG - 2026-02-15 05:31:58 --> Session: Class initialized using 'CodeIgniter\Session\Handlers\FileHandler' driver.
DEBUG - 2026-02-15 05:32:09 --> Session: Class initialized using 'CodeIgniter\Session\Handlers\FileHandler' driver.
DEBUG - 2026-02-15 05:33:46 --> Session: Class initialized using 'CodeIgniter\Session\Handlers\FileHandler' driver.
DEBUG - 2026-02-15 05:34:48 --> Session: Class initialized using 'CodeIgniter\Session\Handlers\FileHandler' driver.
DEBUG - 2026-02-15 05:34:57 --> Session: Class initialized using 'CodeIgniter\Session\Handlers\FileHandler' driver.
DEBUG - 2026-02-15 05:35:04 --> Session: Class initialized using 'CodeIgniter\Session\Handlers\FileHandler' driver.
DEBUG - 2026-02-15 06:17:35 --> Session: Class initialized using 'CodeIgniter\Session\Handlers\FileHandler' driver.
DEBUG - 2026-02-15 06:17:40 --> Session: Class initialized using 'CodeIgniter\Session\Handlers\FileHandler' driver.
DEBUG - 2026-02-15 06:17:42 --> Session: Class initialized using 'CodeIgniter\Session\Handlers\FileHandler' driver.
DEBUG - 2026-02-15 06:22:00 --> Session: Class initialized using 'CodeIgniter\Session\Handlers\FileHandler' driver.
DEBUG - 2026-02-15 06:22:01 --> Session: Class initialized using 'CodeIgniter\Session\Handlers\FileHandler' driver.
DEBUG - 2026-02-15 06:22:52 --> Session: Class initialized using 'CodeIgniter\Session\Handlers\FileHandler' driver.
DEBUG - 2026-02-15 06:22:56 --> Session: Class initialized using 'CodeIgniter\Session\Handlers\FileHandler' driver.
DEBUG - 2026-02-15 06:24:56 --> Session: Class initialized using 'CodeIgniter\Session\Handlers\FileHandler' driver.
DEBUG - 2026-02-15 06:24:58 --> Session: Class initialized using 'CodeIgniter\Session\Handlers\FileHandler' driver.
DEBUG - 2026-02-15 06:25:03 --> Session: Class initialized using 'CodeIgniter\Session\Handlers\FileHandler' driver.
DEBUG - 2026-02-15 06:25:08 --> Session: Class initialized using 'CodeIgniter\Session\Handlers\FileHandler' driver.
DEBUG - 2026-02-15 06:27:03 --> Session: Class initialized using 'CodeIgniter\Session\Handlers\FileHandler' driver.
DEBUG - 2026-02-15 06:27:11 --> Session: Class initialized using 'CodeIgniter\Session\Handlers\FileHandler' driver.
DEBUG - 2026-02-15 06:27:18 --> Session: Class initialized using 'CodeIgniter\Session\Handlers\FileHandler' driver.
DEBUG - 2026-02-15 06:27:27 --> Session: Class initialized using 'CodeIgniter\Session\Handlers\FileHandler' driver.
DEBUG - 2026-02-15 06:27:31 --> Session: Class initialized using 'CodeIgniter\Session\Handlers\FileHandler' driver.
DEBUG - 2026-02-15 06:33:25 --> Session: Class initialized using 'CodeIgniter\Session\Handlers\FileHandler' driver.
DEBUG - 2026-02-15 06:33:32 --> Session: Class initialized using 'CodeIgniter\Session\Handlers\FileHandler' driver.
DEBUG - 2026-02-15 06:44:29 --> Session: Class initialized using 'CodeIgniter\Session\Handlers\FileHandler' driver.
DEBUG - 2026-02-15 06:44:33 --> Session: Class initialized using 'CodeIgniter\Session\Handlers\FileHandler' driver.
DEBUG - 2026-02-15 06:44:53 --> Session: Class initialized using 'CodeIgniter\Session\Handlers\FileHandler' driver.
DEBUG - 2026-02-15 06:45:16 --> Session: Class initialized using 'CodeIgniter\Session\Handlers\FileHandler' driver.
DEBUG - 2026-02-15 06:45:25 --> Session: Class initialized using 'CodeIgniter\Session\Handlers\FileHandler' driver.
DEBUG - 2026-02-15 06:45:34 --> Session: Class initialized using 'CodeIgniter\Session\Handlers\FileHandler' driver.
DEBUG - 2026-02-15 06:45:36 --> Session: Class initialized using 'CodeIgniter\Session\Handlers\FileHandler' driver.
DEBUG - 2026-02-15 06:46:30 --> Session: Class initialized using 'CodeIgniter\Session\Handlers\FileHandler' driver.
DEBUG - 2026-02-15 06:46:38 --> Session: Class initialized using 'CodeIgniter\Session\Handlers\FileHandler' driver.
DEBUG - 2026-02-15 06:47:00 --> Session: Class initialized using 'CodeIgniter\Session\Handlers\FileHandler' driver.
DEBUG - 2026-02-15 06:47:08 --> Session: Class initialized using 'CodeIgniter\Session\Handlers\FileHandler' driver.
DEBUG - 2026-02-15 06:49:29 --> Session: Class initialized using 'CodeIgniter\Session\Handlers\FileHandler' driver.
DEBUG - 2026-02-15 06:49:35 --> Session: Class initialized using 'CodeIgniter\Session\Handlers\FileHandler' driver.
DEBUG - 2026-02-15 06:50:46 --> Session: Class initialized using 'CodeIgniter\Session\Handlers\FileHandler' driver.
DEBUG - 2026-02-15 07:08:37 --> Session: Class initialized using 'CodeIgniter\Session\Handlers\FileHandler' driver.
DEBUG - 2026-02-15 07:09:31 --> Session: Class initialized using 'CodeIgniter\Session\Handlers\FileHandler' driver.
DEBUG - 2026-02-15 07:10:08 --> Session: Class initialized using 'CodeIgniter\Session\Handlers\FileHandler' driver.
DEBUG - 2026-02-15 07:12:40 --> Session: Class initialized using 'CodeIgniter\Session\Handlers\FileHandler' driver.
DEBUG - 2026-02-15 07:13:02 --> Session: Class initialized using 'CodeIgniter\Session\Handlers\FileHandler' driver.
DEBUG - 2026-02-15 07:14:02 --> Session: Class initialized using 'CodeIgniter\Session\Handlers\FileHandler' driver.
DEBUG - 2026-02-15 07:19:18 --> Session: Class initialized using 'CodeIgniter\Session\Handlers\FileHandler' driver.
DEBUG - 2026-02-15 07:19:19 --> Session: Class initialized using 'CodeIgniter\Session\Handlers\FileHandler' driver.
DEBUG - 2026-02-15 07:19:34 --> Session: Class initialized using 'CodeIgniter\Session\Handlers\FileHandler' driver.
DEBUG - 2026-02-15 07:19:40 --> Session: Class initialized using 'CodeIgniter\Session\Handlers\FileHandler' driver.
DEBUG - 2026-02-15 07:20:02 --> Session: Class initialized using 'CodeIgniter\Session\Handlers\FileHandler' driver.
DEBUG - 2026-02-15 07:20:03 --> Session: Class initialized using 'CodeIgniter\Session\Handlers\FileHandler' driver.
DEBUG - 2026-02-15 07:20:03 --> Session: Class initialized using 'CodeIgniter\Session\Handlers\FileHandler' driver.
DEBUG - 2026-02-15 07:20:03 --> Session: Class initialized using 'CodeIgniter\Session\Handlers\FileHandler' driver.
DEBUG - 2026-02-15 07:20:03 --> Session: Class initialized using 'CodeIgniter\Session\Handlers\FileHandler' driver.
DEBUG - 2026-02-15 07:20:04 --> Session: Class initialized using 'CodeIgniter\Session\Handlers\FileHandler' driver.
DEBUG - 2026-02-15 07:20:04 --> Session: Class initialized using 'CodeIgniter\Session\Handlers\FileHandler' driver.
DEBUG - 2026-02-15 07:20:04 --> Session: Class initialized using 'CodeIgniter\Session\Handlers\FileHandler' driver.
DEBUG - 2026-02-15 07:20:04 --> Session: Class initialized using 'CodeIgniter\Session\Handlers\FileHandler' driver.
DEBUG - 2026-02-15 07:20:04 --> Session: Class initialized using 'CodeIgniter\Session\Handlers\FileHandler' driver.
DEBUG - 2026-02-15 07:20:04 --> Session: Class initialized using 'CodeIgniter\Session\Handlers\FileHandler' driver.
DEBUG - 2026-02-15 07:20:04 --> Session: Class initialized using 'CodeIgniter\Session\Handlers\FileHandler' driver.
DEBUG - 2026-02-15 07:20:04 --> Session: Class initialized using 'CodeIgniter\Session\Handlers\FileHandler' driver.
DEBUG - 2026-02-15 07:20:04 --> Session: Class initialized using 'CodeIgniter\Session\Handlers\FileHandler' driver.
DEBUG - 2026-02-15 07:20:04 --> Session: Class initialized using 'CodeIgniter\Session\Handlers\FileHandler' driver.
DEBUG - 2026-02-15 07:20:05 --> Session: Class initialized using 'CodeIgniter\Session\Handlers\FileHandler' driver.
DEBUG - 2026-02-15 07:20:05 --> Session: Class initialized using 'CodeIgniter\Session\Handlers\FileHandler' driver.
DEBUG - 2026-02-15 07:20:05 --> Session: Class initialized using 'CodeIgniter\Session\Handlers\FileHandler' driver.
DEBUG - 2026-02-15 07:20:05 --> Session: Class initialized using 'CodeIgniter\Session\Handlers\FileHandler' driver.
DEBUG - 2026-02-15 07:20:05 --> Session: Class initialized using 'CodeIgniter\Session\Handlers\FileHandler' driver.
DEBUG - 2026-02-15 07:20:05 --> Session: Class initialized using 'CodeIgniter\Session\Handlers\FileHandler' driver.
DEBUG - 2026-02-15 07:20:05 --> Session: Class initialized using 'CodeIgniter\Session\Handlers\FileHandler' driver.
DEBUG - 2026-02-15 07:20:05 --> Session: Class initialized using 'CodeIgniter\Session\Handlers\FileHandler' driver.
DEBUG - 2026-02-15 07:20:05 --> Session: Class initialized using 'CodeIgniter\Session\Handlers\FileHandler' driver.
DEBUG - 2026-02-15 07:20:05 --> Session: Class initialized using 'CodeIgniter\Session\Handlers\FileHandler' driver.
DEBUG - 2026-02-15 07:20:05 --> Session: Class initialized using 'CodeIgniter\Session\Handlers\FileHandler' driver.
DEBUG - 2026-02-15 07:20:05 --> Session: Class initialized using 'CodeIgniter\Session\Handlers\FileHandler' driver.
DEBUG - 2026-02-15 07:20:05 --> Session: Class initialized using 'CodeIgniter\Session\Handlers\FileHandler' driver.
DEBUG - 2026-02-15 07:20:05 --> Session: Class initialized using 'CodeIgniter\Session\Handlers\FileHandler' driver.
DEBUG - 2026-02-15 07:20:05 --> Session: Class initialized using 'CodeIgniter\Session\Handlers\FileHandler' driver.
DEBUG - 2026-02-15 07:20:05 --> Session: Class initialized using 'CodeIgniter\Session\Handlers\FileHandler' driver.
DEBUG - 2026-02-15 07:20:05 --> Session: Class initialized using 'CodeIgniter\Session\Handlers\FileHandler' driver.
DEBUG - 2026-02-15 07:20:05 --> Session: Class initialized using 'CodeIgniter\Session\Handlers\FileHandler' driver.
DEBUG - 2026-02-15 07:20:06 --> Session: Class initialized using 'CodeIgniter\Session\Handlers\FileHandler' driver.
DEBUG - 2026-02-15 07:20:06 --> Session: Class initialized using 'CodeIgniter\Session\Handlers\FileHandler' driver.
DEBUG - 2026-02-15 07:20:06 --> Session: Class initialized using 'CodeIgniter\Session\Handlers\FileHandler' driver.
DEBUG - 2026-02-15 07:20:06 --> Session: Class initialized using 'CodeIgniter\Session\Handlers\FileHandler' driver.
DEBUG - 2026-02-15 07:20:06 --> Session: Class initialized using 'CodeIgniter\Session\Handlers\FileHandler' driver.
DEBUG - 2026-02-15 07:20:06 --> Session: Class initialized using 'CodeIgniter\Session\Handlers\FileHandler' driver.
DEBUG - 2026-02-15 07:20:06 --> Session: Class initialized using 'CodeIgniter\Session\Handlers\FileHandler' driver.
DEBUG - 2026-02-15 07:20:06 --> Session: Class initialized using 'CodeIgniter\Session\Handlers\FileHandler' driver.
DEBUG - 2026-02-15 07:20:06 --> Session: Class initialized using 'CodeIgniter\Session\Handlers\FileHandler' driver.
DEBUG - 2026-02-15 07:20:06 --> Session: Class initialized using 'CodeIgniter\Session\Handlers\FileHandler' driver.
DEBUG - 2026-02-15 07:20:06 --> Session: Class initialized using 'CodeIgniter\Session\Handlers\FileHandler' driver.
DEBUG - 2026-02-15 07:20:06 --> Session: Class initialized using 'CodeIgniter\Session\Handlers\FileHandler' driver.
DEBUG - 2026-02-15 07:20:06 --> Session: Class initialized using 'CodeIgniter\Session\Handlers\FileHandler' driver.
DEBUG - 2026-02-15 07:20:06 --> Session: Class initialized using 'CodeIgniter\Session\Handlers\FileHandler' driver.
DEBUG - 2026-02-15 07:20:06 --> Session: Class initialized using 'CodeIgniter\Session\Handlers\FileHandler' driver.
DEBUG - 2026-02-15 07:20:06 --> Session: Class initialized using 'CodeIgniter\Session\Handlers\FileHandler' driver.
DEBUG - 2026-02-15 07:20:06 --> Session: Class initialized using 'CodeIgniter\Session\Handlers\FileHandler' driver.
DEBUG - 2026-02-15 07:20:06 --> Session: Class initialized using 'CodeIgniter\Session\Handlers\FileHandler' driver.
DEBUG - 2026-02-15 07:20:06 --> Session: Class initialized using 'CodeIgniter\Session\Handlers\FileHandler' driver.
DEBUG - 2026-02-15 07:20:06 --> Session: Class initialized using 'CodeIgniter\Session\Handlers\FileHandler' driver.
DEBUG - 2026-02-15 07:20:07 --> Session: Class initialized using 'CodeIgniter\Session\Handlers\FileHandler' driver.
DEBUG - 2026-02-15 07:20:07 --> Session: Class initialized using 'CodeIgniter\Session\Handlers\FileHandler' driver.
DEBUG - 2026-02-15 07:20:07 --> Session: Class initialized using 'CodeIgniter\Session\Handlers\FileHandler' driver.
DEBUG - 2026-02-15 07:20:07 --> Session: Class initialized using 'CodeIgniter\Session\Handlers\FileHandler' driver.
DEBUG - 2026-02-15 07:20:07 --> Session: Class initialized using 'CodeIgniter\Session\Handlers\FileHandler' driver.
DEBUG - 2026-02-15 07:20:07 --> Session: Class initialized using 'CodeIgniter\Session\Handlers\FileHandler' driver.
DEBUG - 2026-02-15 07:20:07 --> Session: Class initialized using 'CodeIgniter\Session\Handlers\FileHandler' driver.
DEBUG - 2026-02-15 07:20:07 --> Session: Class initialized using 'CodeIgniter\Session\Handlers\FileHandler' driver.
DEBUG - 2026-02-15 07:20:07 --> Session: Class initialized using 'CodeIgniter\Session\Handlers\FileHandler' driver.
DEBUG - 2026-02-15 07:20:07 --> Session: Class initialized using 'CodeIgniter\Session\Handlers\FileHandler' driver.
DEBUG - 2026-02-15 07:20:07 --> Session: Class initialized using 'CodeIgniter\Session\Handlers\FileHandler' driver.
DEBUG - 2026-02-15 07:20:07 --> Session: Class initialized using 'CodeIgniter\Session\Handlers\FileHandler' driver.
DEBUG - 2026-02-15 07:20:13 --> Session: Class initialized using 'CodeIgniter\Session\Handlers\FileHandler' driver.
DEBUG - 2026-02-15 07:20:36 --> Session: Class initialized using 'CodeIgniter\Session\Handlers\FileHandler' driver.
DEBUG - 2026-02-15 07:21:49 --> Session: Class initialized using 'CodeIgniter\Session\Handlers\FileHandler' driver.
DEBUG - 2026-02-15 07:21:52 --> Session: Class initialized using 'CodeIgniter\Session\Handlers\FileHandler' driver.
DEBUG - 2026-02-15 07:22:07 --> Session: Class initialized using 'CodeIgniter\Session\Handlers\FileHandler' driver.
DEBUG - 2026-02-15 07:23:12 --> Session: Class initialized using 'CodeIgniter\Session\Handlers\FileHandler' driver.
DEBUG - 2026-02-15 07:23:13 --> Session: Class initialized using 'CodeIgniter\Session\Handlers\FileHandler' driver.
DEBUG - 2026-02-15 07:23:24 --> Session: Class initialized using 'CodeIgniter\Session\Handlers\FileHandler' driver.
DEBUG - 2026-02-15 07:23:49 --> Session: Class initialized using 'CodeIgniter\Session\Handlers\FileHandler' driver.
DEBUG - 2026-02-15 08:13:52 --> Session: Class initialized using 'CodeIgniter\Session\Handlers\FileHandler' driver.
DEBUG - 2026-02-15 08:14:02 --> Session: Class initialized using 'CodeIgniter\Session\Handlers\FileHandler' driver.
DEBUG - 2026-02-15 08:14:14 --> Session: Class initialized using 'CodeIgniter\Session\Handlers\FileHandler' driver.
DEBUG - 2026-02-15 08:52:08 --> Session: Class initialized using 'CodeIgniter\Session\Handlers\FileHandler' driver.
DEBUG - 2026-02-15 08:53:57 --> Session: Class initialized using 'CodeIgniter\Session\Handlers\FileHandler' driver.
DEBUG - 2026-02-15 08:54:00 --> Session: Class initialized using 'CodeIgniter\Session\Handlers\FileHandler' driver.
DEBUG - 2026-02-15 08:54:09 --> Session: Class initialized using 'CodeIgniter\Session\Handlers\FileHandler' driver.
DEBUG - 2026-02-15 08:54:15 --> Session: Class initialized using 'CodeIgniter\Session\Handlers\FileHandler' driver.
DEBUG - 2026-02-15 08:58:45 --> Session: Class initialized using 'CodeIgniter\Session\Handlers\FileHandler' driver.
DEBUG - 2026-02-15 09:00:31 --> Session: Class initialized using 'CodeIgniter\Session\Handlers\FileHandler' driver.
DEBUG - 2026-02-15 09:00:33 --> Session: Class initialized using 'CodeIgniter\Session\Handlers\FileHandler' driver.
DEBUG - 2026-02-15 09:00:58 --> Session: Class initialized using 'CodeIgniter\Session\Handlers\FileHandler' driver.
DEBUG - 2026-02-15 09:03:18 --> Session: Class initialized using 'CodeIgniter\Session\Handlers\FileHandler' driver.
DEBUG - 2026-02-15 09:03:40 --> Session: Class initialized using 'CodeIgniter\Session\Handlers\FileHandler' driver.
DEBUG - 2026-02-15 09:05:33 --> Session: Class initialized using 'CodeIgniter\Session\Handlers\FileHandler' driver.
DEBUG - 2026-02-15 09:05:37 --> Session: Class initialized using 'CodeIgniter\Session\Handlers\FileHandler' driver.
DEBUG - 2026-02-15 09:05:44 --> Session: Class initialized using 'CodeIgniter\Session\Handlers\FileHandler' driver.
DEBUG - 2026-02-15 09:05:51 --> Session: Class initialized using 'CodeIgniter\Session\Handlers\FileHandler' driver.
DEBUG - 2026-02-15 09:05:59 --> Session: Class initialized using 'CodeIgniter\Session\Handlers\FileHandler' driver.
DEBUG - 2026-02-15 09:06:08 --> Session: Class initialized using 'CodeIgniter\Session\Handlers\FileHandler' driver.
DEBUG - 2026-02-15 09:07:08 --> Session: Class initialized using 'CodeIgniter\Session\Handlers\FileHandler' driver.
DEBUG - 2026-02-15 09:07:15 --> Session: Class initialized using 'CodeIgniter\Session\Handlers\FileHandler' driver.
DEBUG - 2026-02-15 09:09:08 --> Session: Class initialized using 'CodeIgniter\Session\Handlers\FileHandler' driver.
DEBUG - 2026-02-15 09:09:20 --> Session: Class initialized using 'CodeIgniter\Session\Handlers\FileHandler' driver.
DEBUG - 2026-02-15 09:09:33 --> Session: Class initialized using 'CodeIgniter\Session\Handlers\FileHandler' driver.
DEBUG - 2026-02-15 09:11:46 --> Session: Class initialized using 'CodeIgniter\Session\Handlers\FileHandler' driver.
DEBUG - 2026-02-15 09:11:56 --> Session: Class initialized using 'CodeIgniter\Session\Handlers\FileHandler' driver.
DEBUG - 2026-02-15 09:13:33 --> Session: Class initialized using 'CodeIgniter\Session\Handlers\FileHandler' driver.
DEBUG - 2026-02-15 09:16:40 --> Session: Class initialized using 'CodeIgniter\Session\Handlers\FileHandler' driver.
DEBUG - 2026-02-15 09:16:48 --> Session: Class initialized using 'CodeIgniter\Session\Handlers\FileHandler' driver.
DEBUG - 2026-02-15 09:16:50 --> Session: Class initialized using 'CodeIgniter\Session\Handlers\FileHandler' driver.
DEBUG - 2026-02-15 09:16:56 --> Session: Class initialized using 'CodeIgniter\Session\Handlers\FileHandler' driver.
DEBUG - 2026-02-15 09:17:46 --> Session: Class initialized using 'CodeIgniter\Session\Handlers\FileHandler' driver.
DEBUG - 2026-02-15 09:20:27 --> Session: Class initialized using 'CodeIgniter\Session\Handlers\FileHandler' driver.
DEBUG - 2026-02-15 09:20:43 --> Session: Class initialized using 'CodeIgniter\Session\Handlers\FileHandler' driver.
DEBUG - 2026-02-15 09:23:44 --> Session: Class initialized using 'CodeIgniter\Session\Handlers\FileHandler' driver.
DEBUG - 2026-02-15 09:24:27 --> Session: Class initialized using 'CodeIgniter\Session\Handlers\FileHandler' driver.
DEBUG - 2026-02-15 09:25:38 --> Session: Class initialized using 'CodeIgniter\Session\Handlers\FileHandler' driver.
DEBUG - 2026-02-15 09:26:19 --> Session: Class initialized using 'CodeIgniter\Session\Handlers\FileHandler' driver.
DEBUG - 2026-02-15 09:26:44 --> Session: Class initialized using 'CodeIgniter\Session\Handlers\FileHandler' driver.
DEBUG - 2026-02-15 09:32:22 --> Session: Class initialized using 'CodeIgniter\Session\Handlers\FileHandler' driver.
DEBUG - 2026-02-15 09:33:26 --> Session: Class initialized using 'CodeIgniter\Session\Handlers\FileHandler' driver.
DEBUG - 2026-02-15 09:38:54 --> Session: Class initialized using 'CodeIgniter\Session\Handlers\FileHandler' driver.
DEBUG - 2026-02-15 09:39:38 --> Session: Class initialized using 'CodeIgniter\Session\Handlers\FileHandler' driver.
DEBUG - 2026-02-15 09:39:44 --> Session: Class initialized using 'CodeIgniter\Session\Handlers\FileHandler' driver.
DEBUG - 2026-02-15 09:39:50 --> Session: Class initialized using 'CodeIgniter\Session\Handlers\FileHandler' driver.
DEBUG - 2026-02-15 09:40:38 --> Session: Class initialized using 'CodeIgniter\Session\Handlers\FileHandler' driver.
DEBUG - 2026-02-15 09:42:08 --> Session: Class initialized using 'CodeIgniter\Session\Handlers\FileHandler' driver.
DEBUG - 2026-02-15 09:42:19 --> Session: Class initialized using 'CodeIgniter\Session\Handlers\FileHandler' driver.
DEBUG - 2026-02-15 09:42:25 --> Session: Class initialized using 'CodeIgniter\Session\Handlers\FileHandler' driver.
DEBUG - 2026-02-15 09:42:50 --> Session: Class initialized using 'CodeIgniter\Session\Handlers\FileHandler' driver.
DEBUG - 2026-02-15 09:43:41 --> Session: Class initialized using 'CodeIgniter\Session\Handlers\FileHandler' driver.
DEBUG - 2026-02-15 09:57:49 --> Session: Class initialized using 'CodeIgniter\Session\Handlers\FileHandler' driver.
DEBUG - 2026-02-15 10:03:43 --> Session: Class initialized using 'CodeIgniter\Session\Handlers\FileHandler' driver.
DEBUG - 2026-02-15 10:03:53 --> Session: Class initialized using 'CodeIgniter\Session\Handlers\FileHandler' driver.
DEBUG - 2026-02-15 10:06:28 --> Session: Class initialized using 'CodeIgniter\Session\Handlers\FileHandler' driver.
DEBUG - 2026-02-15 10:06:29 --> Session: Class initialized using 'CodeIgniter\Session\Handlers\FileHandler' driver.
DEBUG - 2026-02-15 10:07:14 --> Session: Class initialized using 'CodeIgniter\Session\Handlers\FileHandler' driver.
DEBUG - 2026-02-15 10:07:29 --> Session: Class initialized using 'CodeIgniter\Session\Handlers\FileHandler' driver.
DEBUG - 2026-02-15 10:08:23 --> Session: Class initialized using 'CodeIgniter\Session\Handlers\FileHandler' driver.
DEBUG - 2026-02-15 10:08:33 --> Session: Class initialized using 'CodeIgniter\Session\Handlers\FileHandler' driver.
DEBUG - 2026-02-15 10:09:30 --> Session: Class initialized using 'CodeIgniter\Session\Handlers\FileHandler' driver.
DEBUG - 2026-02-15 10:10:17 --> Session: Class initialized using 'CodeIgniter\Session\Handlers\FileHandler' driver.
DEBUG - 2026-02-15 10:10:23 --> Session: Class initialized using 'CodeIgniter\Session\Handlers\FileHandler' driver.
DEBUG - 2026-02-15 10:10:31 --> Session: Class initialized using 'CodeIgniter\Session\Handlers\FileHandler' driver.
DEBUG - 2026-02-15 10:10:37 --> Session: Class initialized using 'CodeIgniter\Session\Handlers\FileHandler' driver.
DEBUG - 2026-02-15 10:10:40 --> Session: Class initialized using 'CodeIgniter\Session\Handlers\FileHandler' driver.
DEBUG - 2026-02-15 10:10:43 --> Session: Class initialized using 'CodeIgniter\Session\Handlers\FileHandler' driver.
DEBUG - 2026-02-15 10:11:04 --> Session: Class initialized using 'CodeIgniter\Session\Handlers\FileHandler' driver.
DEBUG - 2026-02-15 10:11:32 --> Session: Class initialized using 'CodeIgniter\Session\Handlers\FileHandler' driver.
DEBUG - 2026-02-15 10:17:15 --> Session: Class initialized using 'CodeIgniter\Session\Handlers\FileHandler' driver.
DEBUG - 2026-02-15 10:17:17 --> Session: Class initialized using 'CodeIgniter\Session\Handlers\FileHandler' driver.
DEBUG - 2026-02-15 10:17:22 --> Session: Class initialized using 'CodeIgniter\Session\Handlers\FileHandler' driver.
DEBUG - 2026-02-15 10:19:48 --> Session: Class initialized using 'CodeIgniter\Session\Handlers\FileHandler' driver.
DEBUG - 2026-02-15 10:23:44 --> Session: Class initialized using 'CodeIgniter\Session\Handlers\FileHandler' driver.
DEBUG - 2026-02-15 10:23:49 --> Session: Class initialized using 'CodeIgniter\Session\Handlers\FileHandler' driver.
DEBUG - 2026-02-15 10:23:57 --> Session: Class initialized using 'CodeIgniter\Session\Handlers\FileHandler' driver.
DEBUG - 2026-02-15 10:24:13 --> Session: Class initialized using 'CodeIgniter\Session\Handlers\FileHandler' driver.
DEBUG - 2026-02-15 10:29:23 --> Session: Class initialized using 'CodeIgniter\Session\Handlers\FileHandler' driver.
DEBUG - 2026-02-15 10:29:32 --> Session: Class initialized using 'CodeIgniter\Session\Handlers\FileHandler' driver.
DEBUG - 2026-02-15 10:29:40 --> Session: Class initialized using 'CodeIgniter\Session\Handlers\FileHandler' driver.
DEBUG - 2026-02-15 10:29:46 --> Session: Class initialized using 'CodeIgniter\Session\Handlers\FileHandler' driver.
DEBUG - 2026-02-15 10:29:55 --> Session: Class initialized using 'CodeIgniter\Session\Handlers\FileHandler' driver.
DEBUG - 2026-02-15 10:30:06 --> Session: Class initialized using 'CodeIgniter\Session\Handlers\FileHandler' driver.
DEBUG - 2026-02-15 10:37:22 --> Session: Class initialized using 'CodeIgniter\Session\Handlers\FileHandler' driver.
DEBUG - 2026-02-15 10:37:27 --> Session: Class initialized using 'CodeIgniter\Session\Handlers\FileHandler' driver.
DEBUG - 2026-02-15 10:37:38 --> Session: Class initialized using 'CodeIgniter\Session\Handlers\FileHandler' driver.
DEBUG - 2026-02-15 10:40:02 --> Session: Class initialized using 'CodeIgniter\Session\Handlers\FileHandler' driver.
DEBUG - 2026-02-15 10:41:30 --> Session: Class initialized using 'CodeIgniter\Session\Handlers\FileHandler' driver.
DEBUG - 2026-02-15 10:41:35 --> Session: Class initialized using 'CodeIgniter\Session\Handlers\FileHandler' driver.
DEBUG - 2026-02-15 10:41:35 --> Session: Class initialized using 'CodeIgniter\Session\Handlers\FileHandler' driver.
DEBUG - 2026-02-15 10:41:41 --> Session: Class initialized using 'CodeIgniter\Session\Handlers\FileHandler' driver.
DEBUG - 2026-02-15 10:41:41 --> Session: Class initialized using 'CodeIgniter\Session\Handlers\FileHandler' driver.
DEBUG - 2026-02-15 10:41:48 --> Session: Class initialized using 'CodeIgniter\Session\Handlers\FileHandler' driver.
DEBUG - 2026-02-15 10:41:48 --> Session: Class initialized using 'CodeIgniter\Session\Handlers\FileHandler' driver.
DEBUG - 2026-02-15 10:43:02 --> Session: Class initialized using 'CodeIgniter\Session\Handlers\FileHandler' driver.
DEBUG - 2026-02-15 10:43:02 --> Session: Class initialized using 'CodeIgniter\Session\Handlers\FileHandler' driver.
DEBUG - 2026-02-15 11:45:02 --> Session: Class initialized using 'CodeIgniter\Session\Handlers\FileHandler' driver.
DEBUG - 2026-02-15 11:45:04 --> Session: Class initialized using 'CodeIgniter\Session\Handlers\FileHandler' driver.
ERROR - 2026-02-15 11:48:51 --> mysqli_sql_exception: Unknown column 'tax_paid' in 'field list' in C:\laragon\www\pharmacy-project\system\Database\MySQLi\Connection.php:327
Stack trace:
#0 C:\laragon\www\pharmacy-project\system\Database\MySQLi\Connection.php(327): mysqli->query(' SELECT \r\n     ...', 0)
#1 C:\laragon\www\pharmacy-project\system\Database\BaseConnection.php(729): CodeIgniter\Database\MySQLi\Connection->execute(' SELECT \r\n     ...')
#2 C:\laragon\www\pharmacy-project\system\Database\BaseConnection.php(646): CodeIgniter\Database\BaseConnection->simpleQuery(' SELECT \r\n     ...')
#3 C:\laragon\www\pharmacy-project\app\Controllers\SaleSummeryReport.php(100): CodeIgniter\Database\BaseConnection->query(' SELECT \r\n     ...')
#4 C:\laragon\www\pharmacy-project\system\CodeIgniter.php(933): App\Controllers\SaleSummeryReport->index()
#5 C:\laragon\www\pharmacy-project\system\CodeIgniter.php(507): CodeIgniter\CodeIgniter->runController(Object(App\Controllers\SaleSummeryReport))
#6 C:\laragon\www\pharmacy-project\system\CodeIgniter.php(354): CodeIgniter\CodeIgniter->handleRequest(NULL, Object(Config\Cache), false)
#7 C:\laragon\www\pharmacy-project\system\Boot.php(363): CodeIgniter\CodeIgniter->run()
#8 C:\laragon\www\pharmacy-project\system\Boot.php(68): CodeIgniter\Boot::runCodeIgniter(Object(CodeIgniter\CodeIgniter))
#9 C:\laragon\www\pharmacy-project\index.php(59): CodeIgniter\Boot::bootWeb(Object(Config\Paths))
#10 {main}
CRITICAL - 2026-02-15 11:48:51 --> CodeIgniter\Database\Exceptions\DatabaseException: Unknown column 'tax_paid' in 'field list'
[Method: GET, Route: salesummeryreport]
in SYSTEMPATH\Database\BaseConnection.php on line 684.
 1 APPPATH\Controllers\SaleSummeryReport.php(100): CodeIgniter\Database\BaseConnection->query(' SELECT 
                            s.sales_invoice,
                            s.sales_date,
                            s.seller_id,
                            u.user_name AS seller_name,    -- ✅ Added seller name
                            sd.total_sale,
                            sd.total_tax,
                            s.discount,
                            s.others_cost,
                            s.paid_amount,
                            IFNULL(cd.customer_due, 0) AS customer_due,
                            IFNULL(cd.total_due_paid, 0) AS due_paid_amount,
                            (s.paid_amount + IFNULL(cd.total_due_paid, 0)) AS total_paid,
                            s.due_amount,
                            CASE 
                                WHEN s.customer_type REGEXP \'^[0-9]+$\' THEN c.cus_first_name
                                ELSE s.customer_type
                            END AS customer_name,
                            CASE
                                WHEN s.customer_type = \'Walk-In-Customer\' THEN \'Fully Paid\'
                                WHEN IFNULL(cd.customer_due, 0) = 0 THEN \'Fully Paid\'
                                ELSE \'Partially Paid\'
                            END AS payment_status
                        FROM sales s
                        JOIN (
                            SELECT 
                                sales_details_invoice, 
                                SUM(total_sale_price) AS total_sale, 
                                SUM(tax_paid) AS total_tax
                            FROM sales_details
                            GROUP BY sales_details_invoice
                        ) sd ON s.sales_invoice = sd.sales_details_invoice
                        LEFT JOIN (
                            SELECT 
                                due_invoice_no, 
                                SUM(due_amount - due_paid_amount) AS customer_due,
                                SUM(due_paid_amount) AS total_due_paid
                            FROM customer_due
                            GROUP BY due_invoice_no
                        ) cd ON s.sales_invoice = cd.due_invoice_no
                        LEFT JOIN customer c 
                            ON c.customer_id = s.customer_type AND s.customer_type REGEXP \'^[0-9]+\'
                        LEFT JOIN `user` u 
                            ON u.user_id = s.seller_id ')
 2 SYSTEMPATH\CodeIgniter.php(933): App\Controllers\SaleSummeryReport->index()
 3 SYSTEMPATH\CodeIgniter.php(507): CodeIgniter\CodeIgniter->runController(Object(App\Controllers\SaleSummeryReport))
 4 SYSTEMPATH\CodeIgniter.php(354): CodeIgniter\CodeIgniter->handleRequest(null, Object(Config\Cache), false)
 5 SYSTEMPATH\Boot.php(363): CodeIgniter\CodeIgniter->run()
 6 SYSTEMPATH\Boot.php(68): CodeIgniter\Boot::runCodeIgniter(Object(CodeIgniter\CodeIgniter))
 7 FCPATH\index.php(59): CodeIgniter\Boot::bootWeb(Object(Config\Paths))
CRITICAL - 2026-02-15 11:48:51 --> [Caused by] CodeIgniter\Database\Exceptions\DatabaseException: Unknown column 'tax_paid' in 'field list'
in SYSTEMPATH\Database\MySQLi\Connection.php on line 332.
 1 SYSTEMPATH\Database\BaseConnection.php(729): CodeIgniter\Database\MySQLi\Connection->execute(' SELECT 
                            s.sales_invoice,
                            s.sales_date,
                            s.seller_id,
                            u.user_name AS seller_name,    -- ✅ Added seller name
                            sd.total_sale,
                            sd.total_tax,
                            s.discount,
                            s.others_cost,
                            s.paid_amount,
                            IFNULL(cd.customer_due, 0) AS customer_due,
                            IFNULL(cd.total_due_paid, 0) AS due_paid_amount,
                            (s.paid_amount + IFNULL(cd.total_due_paid, 0)) AS total_paid,
                            s.due_amount,
                            CASE 
                                WHEN s.customer_type REGEXP \'^[0-9]+$\' THEN c.cus_first_name
                                ELSE s.customer_type
                            END AS customer_name,
                            CASE
                                WHEN s.customer_type = \'Walk-In-Customer\' THEN \'Fully Paid\'
                                WHEN IFNULL(cd.customer_due, 0) = 0 THEN \'Fully Paid\'
                                ELSE \'Partially Paid\'
                            END AS payment_status
                        FROM sales s
                        JOIN (
                            SELECT 
                                sales_details_invoice, 
                                SUM(total_sale_price) AS total_sale, 
                                SUM(tax_paid) AS total_tax
                            FROM sales_details
                            GROUP BY sales_details_invoice
                        ) sd ON s.sales_invoice = sd.sales_details_invoice
                        LEFT JOIN (
                            SELECT 
                                due_invoice_no, 
                                SUM(due_amount - due_paid_amount) AS customer_due,
                                SUM(due_paid_amount) AS total_due_paid
                            FROM customer_due
                            GROUP BY due_invoice_no
                        ) cd ON s.sales_invoice = cd.due_invoice_no
                        LEFT JOIN customer c 
                            ON c.customer_id = s.customer_type AND s.customer_type REGEXP \'^[0-9]+\'
                        LEFT JOIN `user` u 
                            ON u.user_id = s.seller_id ')
 2 SYSTEMPATH\Database\BaseConnection.php(646): CodeIgniter\Database\BaseConnection->simpleQuery(' SELECT 
                            s.sales_invoice,
                            s.sales_date,
                            s.seller_id,
                            u.user_name AS seller_name,    -- ✅ Added seller name
                            sd.total_sale,
                            sd.total_tax,
                            s.discount,
                            s.others_cost,
                            s.paid_amount,
                            IFNULL(cd.customer_due, 0) AS customer_due,
                            IFNULL(cd.total_due_paid, 0) AS due_paid_amount,
                            (s.paid_amount + IFNULL(cd.total_due_paid, 0)) AS total_paid,
                            s.due_amount,
                            CASE 
                                WHEN s.customer_type REGEXP \'^[0-9]+$\' THEN c.cus_first_name
                                ELSE s.customer_type
                            END AS customer_name,
                            CASE
                                WHEN s.customer_type = \'Walk-In-Customer\' THEN \'Fully Paid\'
                                WHEN IFNULL(cd.customer_due, 0) = 0 THEN \'Fully Paid\'
                                ELSE \'Partially Paid\'
                            END AS payment_status
                        FROM sales s
                        JOIN (
                            SELECT 
                                sales_details_invoice, 
                                SUM(total_sale_price) AS total_sale, 
                                SUM(tax_paid) AS total_tax
                            FROM sales_details
                            GROUP BY sales_details_invoice
                        ) sd ON s.sales_invoice = sd.sales_details_invoice
                        LEFT JOIN (
                            SELECT 
                                due_invoice_no, 
                                SUM(due_amount - due_paid_amount) AS customer_due,
                                SUM(due_paid_amount) AS total_due_paid
                            FROM customer_due
                            GROUP BY due_invoice_no
                        ) cd ON s.sales_invoice = cd.due_invoice_no
                        LEFT JOIN customer c 
                            ON c.customer_id = s.customer_type AND s.customer_type REGEXP \'^[0-9]+\'
                        LEFT JOIN `user` u 
                            ON u.user_id = s.seller_id ')
 3 APPPATH\Controllers\SaleSummeryReport.php(100): CodeIgniter\Database\BaseConnection->query(' SELECT 
                            s.sales_invoice,
                            s.sales_date,
                            s.seller_id,
                            u.user_name AS seller_name,    -- ✅ Added seller name
                            sd.total_sale,
                            sd.total_tax,
                            s.discount,
                            s.others_cost,
                            s.paid_amount,
                            IFNULL(cd.customer_due, 0) AS customer_due,
                            IFNULL(cd.total_due_paid, 0) AS due_paid_amount,
                            (s.paid_amount + IFNULL(cd.total_due_paid, 0)) AS total_paid,
                            s.due_amount,
                            CASE 
                                WHEN s.customer_type REGEXP \'^[0-9]+$\' THEN c.cus_first_name
                                ELSE s.customer_type
                            END AS customer_name,
                            CASE
                                WHEN s.customer_type = \'Walk-In-Customer\' THEN \'Fully Paid\'
                                WHEN IFNULL(cd.customer_due, 0) = 0 THEN \'Fully Paid\'
                                ELSE \'Partially Paid\'
                            END AS payment_status
                        FROM sales s
                        JOIN (
                            SELECT 
                                sales_details_invoice, 
                                SUM(total_sale_price) AS total_sale, 
                                SUM(tax_paid) AS total_tax
                            FROM sales_details
                            GROUP BY sales_details_invoice
                        ) sd ON s.sales_invoice = sd.sales_details_invoice
                        LEFT JOIN (
                            SELECT 
                                due_invoice_no, 
                                SUM(due_amount - due_paid_amount) AS customer_due,
                                SUM(due_paid_amount) AS total_due_paid
                            FROM customer_due
                            GROUP BY due_invoice_no
                        ) cd ON s.sales_invoice = cd.due_invoice_no
                        LEFT JOIN customer c 
                            ON c.customer_id = s.customer_type AND s.customer_type REGEXP \'^[0-9]+\'
                        LEFT JOIN `user` u 
                            ON u.user_id = s.seller_id ')
 4 SYSTEMPATH\CodeIgniter.php(933): App\Controllers\SaleSummeryReport->index()
 5 SYSTEMPATH\CodeIgniter.php(507): CodeIgniter\CodeIgniter->runController(Object(App\Controllers\SaleSummeryReport))
 6 SYSTEMPATH\CodeIgniter.php(354): CodeIgniter\CodeIgniter->handleRequest(null, Object(Config\Cache), false)
 7 SYSTEMPATH\Boot.php(363): CodeIgniter\CodeIgniter->run()
 8 SYSTEMPATH\Boot.php(68): CodeIgniter\Boot::runCodeIgniter(Object(CodeIgniter\CodeIgniter))
 9 FCPATH\index.php(59): CodeIgniter\Boot::bootWeb(Object(Config\Paths))
CRITICAL - 2026-02-15 11:48:51 --> [Caused by] mysqli_sql_exception: Unknown column 'tax_paid' in 'field list'
in SYSTEMPATH\Database\MySQLi\Connection.php on line 327.
 1 SYSTEMPATH\Database\MySQLi\Connection.php(327): mysqli->query(' SELECT 
                            s.sales_invoice,
                            s.sales_date,
                            s.seller_id,
                            u.user_name AS seller_name,    -- ✅ Added seller name
                            sd.total_sale,
                            sd.total_tax,
                            s.discount,
                            s.others_cost,
                            s.paid_amount,
                            IFNULL(cd.customer_due, 0) AS customer_due,
                            IFNULL(cd.total_due_paid, 0) AS due_paid_amount,
                            (s.paid_amount + IFNULL(cd.total_due_paid, 0)) AS total_paid,
                            s.due_amount,
                            CASE 
                                WHEN s.customer_type REGEXP \'^[0-9]+$\' THEN c.cus_first_name
                                ELSE s.customer_type
                            END AS customer_name,
                            CASE
                                WHEN s.customer_type = \'Walk-In-Customer\' THEN \'Fully Paid\'
                                WHEN IFNULL(cd.customer_due, 0) = 0 THEN \'Fully Paid\'
                                ELSE \'Partially Paid\'
                            END AS payment_status
                        FROM sales s
                        JOIN (
                            SELECT 
                                sales_details_invoice, 
                                SUM(total_sale_price) AS total_sale, 
                                SUM(tax_paid) AS total_tax
                            FROM sales_details
                            GROUP BY sales_details_invoice
                        ) sd ON s.sales_invoice = sd.sales_details_invoice
                        LEFT JOIN (
                            SELECT 
                                due_invoice_no, 
                                SUM(due_amount - due_paid_amount) AS customer_due,
                                SUM(due_paid_amount) AS total_due_paid
                            FROM customer_due
                            GROUP BY due_invoice_no
                        ) cd ON s.sales_invoice = cd.due_invoice_no
                        LEFT JOIN customer c 
                            ON c.customer_id = s.customer_type AND s.customer_type REGEXP \'^[0-9]+\'
                        LEFT JOIN `user` u 
                            ON u.user_id = s.seller_id ', 0)
 2 SYSTEMPATH\Database\BaseConnection.php(729): CodeIgniter\Database\MySQLi\Connection->execute(' SELECT 
                            s.sales_invoice,
                            s.sales_date,
                            s.seller_id,
                            u.user_name AS seller_name,    -- ✅ Added seller name
                            sd.total_sale,
                            sd.total_tax,
                            s.discount,
                            s.others_cost,
                            s.paid_amount,
                            IFNULL(cd.customer_due, 0) AS customer_due,
                            IFNULL(cd.total_due_paid, 0) AS due_paid_amount,
                            (s.paid_amount + IFNULL(cd.total_due_paid, 0)) AS total_paid,
                            s.due_amount,
                            CASE 
                                WHEN s.customer_type REGEXP \'^[0-9]+$\' THEN c.cus_first_name
                                ELSE s.customer_type
                            END AS customer_name,
                            CASE
                                WHEN s.customer_type = \'Walk-In-Customer\' THEN \'Fully Paid\'
                                WHEN IFNULL(cd.customer_due, 0) = 0 THEN \'Fully Paid\'
                                ELSE \'Partially Paid\'
                            END AS payment_status
                        FROM sales s
                        JOIN (
                            SELECT 
                                sales_details_invoice, 
                                SUM(total_sale_price) AS total_sale, 
                                SUM(tax_paid) AS total_tax
                            FROM sales_details
                            GROUP BY sales_details_invoice
                        ) sd ON s.sales_invoice = sd.sales_details_invoice
                        LEFT JOIN (
                            SELECT 
                                due_invoice_no, 
                                SUM(due_amount - due_paid_amount) AS customer_due,
                                SUM(due_paid_amount) AS total_due_paid
                            FROM customer_due
                            GROUP BY due_invoice_no
                        ) cd ON s.sales_invoice = cd.due_invoice_no
                        LEFT JOIN customer c 
                            ON c.customer_id = s.customer_type AND s.customer_type REGEXP \'^[0-9]+\'
                        LEFT JOIN `user` u 
                            ON u.user_id = s.seller_id ')
 3 SYSTEMPATH\Database\BaseConnection.php(646): CodeIgniter\Database\BaseConnection->simpleQuery(' SELECT 
                            s.sales_invoice,
                            s.sales_date,
                            s.seller_id,
                            u.user_name AS seller_name,    -- ✅ Added seller name
                            sd.total_sale,
                            sd.total_tax,
                            s.discount,
                            s.others_cost,
                            s.paid_amount,
                            IFNULL(cd.customer_due, 0) AS customer_due,
                            IFNULL(cd.total_due_paid, 0) AS due_paid_amount,
                            (s.paid_amount + IFNULL(cd.total_due_paid, 0)) AS total_paid,
                            s.due_amount,
                            CASE 
                                WHEN s.customer_type REGEXP \'^[0-9]+$\' THEN c.cus_first_name
                                ELSE s.customer_type
                            END AS customer_name,
                            CASE
                                WHEN s.customer_type = \'Walk-In-Customer\' THEN \'Fully Paid\'
                                WHEN IFNULL(cd.customer_due, 0) = 0 THEN \'Fully Paid\'
                                ELSE \'Partially Paid\'
                            END AS payment_status
                        FROM sales s
                        JOIN (
                            SELECT 
                                sales_details_invoice, 
                                SUM(total_sale_price) AS total_sale, 
                                SUM(tax_paid) AS total_tax
                            FROM sales_details
                            GROUP BY sales_details_invoice
                        ) sd ON s.sales_invoice = sd.sales_details_invoice
                        LEFT JOIN (
                            SELECT 
                                due_invoice_no, 
                                SUM(due_amount - due_paid_amount) AS customer_due,
                                SUM(due_paid_amount) AS total_due_paid
                            FROM customer_due
                            GROUP BY due_invoice_no
                        ) cd ON s.sales_invoice = cd.due_invoice_no
                        LEFT JOIN customer c 
                            ON c.customer_id = s.customer_type AND s.customer_type REGEXP \'^[0-9]+\'
                        LEFT JOIN `user` u 
                            ON u.user_id = s.seller_id ')
 4 APPPATH\Controllers\SaleSummeryReport.php(100): CodeIgniter\Database\BaseConnection->query(' SELECT 
                            s.sales_invoice,
                            s.sales_date,
                            s.seller_id,
                            u.user_name AS seller_name,    -- ✅ Added seller name
                            sd.total_sale,
                            sd.total_tax,
                            s.discount,
                            s.others_cost,
                            s.paid_amount,
                            IFNULL(cd.customer_due, 0) AS customer_due,
                            IFNULL(cd.total_due_paid, 0) AS due_paid_amount,
                            (s.paid_amount + IFNULL(cd.total_due_paid, 0)) AS total_paid,
                            s.due_amount,
                            CASE 
                                WHEN s.customer_type REGEXP \'^[0-9]+$\' THEN c.cus_first_name
                                ELSE s.customer_type
                            END AS customer_name,
                            CASE
                                WHEN s.customer_type = \'Walk-In-Customer\' THEN \'Fully Paid\'
                                WHEN IFNULL(cd.customer_due, 0) = 0 THEN \'Fully Paid\'
                                ELSE \'Partially Paid\'
                            END AS payment_status
                        FROM sales s
                        JOIN (
                            SELECT 
                                sales_details_invoice, 
                                SUM(total_sale_price) AS total_sale, 
                                SUM(tax_paid) AS total_tax
                            FROM sales_details
                            GROUP BY sales_details_invoice
                        ) sd ON s.sales_invoice = sd.sales_details_invoice
                        LEFT JOIN (
                            SELECT 
                                due_invoice_no, 
                                SUM(due_amount - due_paid_amount) AS customer_due,
                                SUM(due_paid_amount) AS total_due_paid
                            FROM customer_due
                            GROUP BY due_invoice_no
                        ) cd ON s.sales_invoice = cd.due_invoice_no
                        LEFT JOIN customer c 
                            ON c.customer_id = s.customer_type AND s.customer_type REGEXP \'^[0-9]+\'
                        LEFT JOIN `user` u 
                            ON u.user_id = s.seller_id ')
 5 SYSTEMPATH\CodeIgniter.php(933): App\Controllers\SaleSummeryReport->index()
 6 SYSTEMPATH\CodeIgniter.php(507): CodeIgniter\CodeIgniter->runController(Object(App\Controllers\SaleSummeryReport))
 7 SYSTEMPATH\CodeIgniter.php(354): CodeIgniter\CodeIgniter->handleRequest(null, Object(Config\Cache), false)
 8 SYSTEMPATH\Boot.php(363): CodeIgniter\CodeIgniter->run()
 9 SYSTEMPATH\Boot.php(68): CodeIgniter\Boot::runCodeIgniter(Object(CodeIgniter\CodeIgniter))
10 FCPATH\index.php(59): CodeIgniter\Boot::bootWeb(Object(Config\Paths))
ERROR - 2026-02-15 11:50:16 --> mysqli_sql_exception: Unknown column 'tax_paid' in 'field list' in C:\laragon\www\pharmacy-project\system\Database\MySQLi\Connection.php:327
Stack trace:
#0 C:\laragon\www\pharmacy-project\system\Database\MySQLi\Connection.php(327): mysqli->query(' SELECT \r\n     ...', 0)
#1 C:\laragon\www\pharmacy-project\system\Database\BaseConnection.php(729): CodeIgniter\Database\MySQLi\Connection->execute(' SELECT \r\n     ...')
#2 C:\laragon\www\pharmacy-project\system\Database\BaseConnection.php(646): CodeIgniter\Database\BaseConnection->simpleQuery(' SELECT \r\n     ...')
#3 C:\laragon\www\pharmacy-project\app\Controllers\SaleSummeryReport.php(100): CodeIgniter\Database\BaseConnection->query(' SELECT \r\n     ...')
#4 C:\laragon\www\pharmacy-project\system\CodeIgniter.php(933): App\Controllers\SaleSummeryReport->index()
#5 C:\laragon\www\pharmacy-project\system\CodeIgniter.php(507): CodeIgniter\CodeIgniter->runController(Object(App\Controllers\SaleSummeryReport))
#6 C:\laragon\www\pharmacy-project\system\CodeIgniter.php(354): CodeIgniter\CodeIgniter->handleRequest(NULL, Object(Config\Cache), false)
#7 C:\laragon\www\pharmacy-project\system\Boot.php(363): CodeIgniter\CodeIgniter->run()
#8 C:\laragon\www\pharmacy-project\system\Boot.php(68): CodeIgniter\Boot::runCodeIgniter(Object(CodeIgniter\CodeIgniter))
#9 C:\laragon\www\pharmacy-project\index.php(59): CodeIgniter\Boot::bootWeb(Object(Config\Paths))
#10 {main}
CRITICAL - 2026-02-15 11:50:16 --> CodeIgniter\Database\Exceptions\DatabaseException: Unknown column 'tax_paid' in 'field list'
[Method: GET, Route: salesummeryreport]
in SYSTEMPATH\Database\BaseConnection.php on line 684.
 1 APPPATH\Controllers\SaleSummeryReport.php(100): CodeIgniter\Database\BaseConnection->query(' SELECT 
                            s.sales_invoice,
                            s.sales_date,
                            s.seller_id,
                            u.user_name AS seller_name,    -- ✅ Added seller name
                            sd.total_sale,
                            sd.total_tax,
                            s.discount,
                            s.others_cost,
                            s.paid_amount,
                            IFNULL(cd.customer_due, 0) AS customer_due,
                            IFNULL(cd.total_due_paid, 0) AS due_paid_amount,
                            (s.paid_amount + IFNULL(cd.total_due_paid, 0)) AS total_paid,
                            s.due_amount,
                            CASE 
                                WHEN s.customer_type REGEXP \'^[0-9]+$\' THEN c.cus_first_name
                                ELSE s.customer_type
                            END AS customer_name,
                            CASE
                                WHEN s.customer_type = \'Walk-In-Customer\' THEN \'Fully Paid\'
                                WHEN IFNULL(cd.customer_due, 0) = 0 THEN \'Fully Paid\'
                                ELSE \'Partially Paid\'
                            END AS payment_status
                        FROM sales s
                        JOIN (
                            SELECT 
                                sales_details_invoice, 
                                SUM(total_sale_price) AS total_sale, 
                                SUM(tax_paid) AS total_tax
                            FROM sales_details
                            GROUP BY sales_details_invoice
                        ) sd ON s.sales_invoice = sd.sales_details_invoice
                        LEFT JOIN (
                            SELECT 
                                due_invoice_no, 
                                SUM(due_amount - due_paid_amount) AS customer_due,
                                SUM(due_paid_amount) AS total_due_paid
                            FROM customer_due
                            GROUP BY due_invoice_no
                        ) cd ON s.sales_invoice = cd.due_invoice_no
                        LEFT JOIN customer c 
                            ON c.customer_id = s.customer_type AND s.customer_type REGEXP \'^[0-9]+\'
                        LEFT JOIN `user` u 
                            ON u.user_id = s.seller_id ')
 2 SYSTEMPATH\CodeIgniter.php(933): App\Controllers\SaleSummeryReport->index()
 3 SYSTEMPATH\CodeIgniter.php(507): CodeIgniter\CodeIgniter->runController(Object(App\Controllers\SaleSummeryReport))
 4 SYSTEMPATH\CodeIgniter.php(354): CodeIgniter\CodeIgniter->handleRequest(null, Object(Config\Cache), false)
 5 SYSTEMPATH\Boot.php(363): CodeIgniter\CodeIgniter->run()
 6 SYSTEMPATH\Boot.php(68): CodeIgniter\Boot::runCodeIgniter(Object(CodeIgniter\CodeIgniter))
 7 FCPATH\index.php(59): CodeIgniter\Boot::bootWeb(Object(Config\Paths))
CRITICAL - 2026-02-15 11:50:16 --> [Caused by] CodeIgniter\Database\Exceptions\DatabaseException: Unknown column 'tax_paid' in 'field list'
in SYSTEMPATH\Database\MySQLi\Connection.php on line 332.
 1 SYSTEMPATH\Database\BaseConnection.php(729): CodeIgniter\Database\MySQLi\Connection->execute(' SELECT 
                            s.sales_invoice,
                            s.sales_date,
                            s.seller_id,
                            u.user_name AS seller_name,    -- ✅ Added seller name
                            sd.total_sale,
                            sd.total_tax,
                            s.discount,
                            s.others_cost,
                            s.paid_amount,
                            IFNULL(cd.customer_due, 0) AS customer_due,
                            IFNULL(cd.total_due_paid, 0) AS due_paid_amount,
                            (s.paid_amount + IFNULL(cd.total_due_paid, 0)) AS total_paid,
                            s.due_amount,
                            CASE 
                                WHEN s.customer_type REGEXP \'^[0-9]+$\' THEN c.cus_first_name
                                ELSE s.customer_type
                            END AS customer_name,
                            CASE
                                WHEN s.customer_type = \'Walk-In-Customer\' THEN \'Fully Paid\'
                                WHEN IFNULL(cd.customer_due, 0) = 0 THEN \'Fully Paid\'
                                ELSE \'Partially Paid\'
                            END AS payment_status
                        FROM sales s
                        JOIN (
                            SELECT 
                                sales_details_invoice, 
                                SUM(total_sale_price) AS total_sale, 
                                SUM(tax_paid) AS total_tax
                            FROM sales_details
                            GROUP BY sales_details_invoice
                        ) sd ON s.sales_invoice = sd.sales_details_invoice
                        LEFT JOIN (
                            SELECT 
                                due_invoice_no, 
                                SUM(due_amount - due_paid_amount) AS customer_due,
                                SUM(due_paid_amount) AS total_due_paid
                            FROM customer_due
                            GROUP BY due_invoice_no
                        ) cd ON s.sales_invoice = cd.due_invoice_no
                        LEFT JOIN customer c 
                            ON c.customer_id = s.customer_type AND s.customer_type REGEXP \'^[0-9]+\'
                        LEFT JOIN `user` u 
                            ON u.user_id = s.seller_id ')
 2 SYSTEMPATH\Database\BaseConnection.php(646): CodeIgniter\Database\BaseConnection->simpleQuery(' SELECT 
                            s.sales_invoice,
                            s.sales_date,
                            s.seller_id,
                            u.user_name AS seller_name,    -- ✅ Added seller name
                            sd.total_sale,
                            sd.total_tax,
                            s.discount,
                            s.others_cost,
                            s.paid_amount,
                            IFNULL(cd.customer_due, 0) AS customer_due,
                            IFNULL(cd.total_due_paid, 0) AS due_paid_amount,
                            (s.paid_amount + IFNULL(cd.total_due_paid, 0)) AS total_paid,
                            s.due_amount,
                            CASE 
                                WHEN s.customer_type REGEXP \'^[0-9]+$\' THEN c.cus_first_name
                                ELSE s.customer_type
                            END AS customer_name,
                            CASE
                                WHEN s.customer_type = \'Walk-In-Customer\' THEN \'Fully Paid\'
                                WHEN IFNULL(cd.customer_due, 0) = 0 THEN \'Fully Paid\'
                                ELSE \'Partially Paid\'
                            END AS payment_status
                        FROM sales s
                        JOIN (
                            SELECT 
                                sales_details_invoice, 
                                SUM(total_sale_price) AS total_sale, 
                                SUM(tax_paid) AS total_tax
                            FROM sales_details
                            GROUP BY sales_details_invoice
                        ) sd ON s.sales_invoice = sd.sales_details_invoice
                        LEFT JOIN (
                            SELECT 
                                due_invoice_no, 
                                SUM(due_amount - due_paid_amount) AS customer_due,
                                SUM(due_paid_amount) AS total_due_paid
                            FROM customer_due
                            GROUP BY due_invoice_no
                        ) cd ON s.sales_invoice = cd.due_invoice_no
                        LEFT JOIN customer c 
                            ON c.customer_id = s.customer_type AND s.customer_type REGEXP \'^[0-9]+\'
                        LEFT JOIN `user` u 
                            ON u.user_id = s.seller_id ')
 3 APPPATH\Controllers\SaleSummeryReport.php(100): CodeIgniter\Database\BaseConnection->query(' SELECT 
                            s.sales_invoice,
                            s.sales_date,
                            s.seller_id,
                            u.user_name AS seller_name,    -- ✅ Added seller name
                            sd.total_sale,
                            sd.total_tax,
                            s.discount,
                            s.others_cost,
                            s.paid_amount,
                            IFNULL(cd.customer_due, 0) AS customer_due,
                            IFNULL(cd.total_due_paid, 0) AS due_paid_amount,
                            (s.paid_amount + IFNULL(cd.total_due_paid, 0)) AS total_paid,
                            s.due_amount,
                            CASE 
                                WHEN s.customer_type REGEXP \'^[0-9]+$\' THEN c.cus_first_name
                                ELSE s.customer_type
                            END AS customer_name,
                            CASE
                                WHEN s.customer_type = \'Walk-In-Customer\' THEN \'Fully Paid\'
                                WHEN IFNULL(cd.customer_due, 0) = 0 THEN \'Fully Paid\'
                                ELSE \'Partially Paid\'
                            END AS payment_status
                        FROM sales s
                        JOIN (
                            SELECT 
                                sales_details_invoice, 
                                SUM(total_sale_price) AS total_sale, 
                                SUM(tax_paid) AS total_tax
                            FROM sales_details
                            GROUP BY sales_details_invoice
                        ) sd ON s.sales_invoice = sd.sales_details_invoice
                        LEFT JOIN (
                            SELECT 
                                due_invoice_no, 
                                SUM(due_amount - due_paid_amount) AS customer_due,
                                SUM(due_paid_amount) AS total_due_paid
                            FROM customer_due
                            GROUP BY due_invoice_no
                        ) cd ON s.sales_invoice = cd.due_invoice_no
                        LEFT JOIN customer c 
                            ON c.customer_id = s.customer_type AND s.customer_type REGEXP \'^[0-9]+\'
                        LEFT JOIN `user` u 
                            ON u.user_id = s.seller_id ')
 4 SYSTEMPATH\CodeIgniter.php(933): App\Controllers\SaleSummeryReport->index()
 5 SYSTEMPATH\CodeIgniter.php(507): CodeIgniter\CodeIgniter->runController(Object(App\Controllers\SaleSummeryReport))
 6 SYSTEMPATH\CodeIgniter.php(354): CodeIgniter\CodeIgniter->handleRequest(null, Object(Config\Cache), false)
 7 SYSTEMPATH\Boot.php(363): CodeIgniter\CodeIgniter->run()
 8 SYSTEMPATH\Boot.php(68): CodeIgniter\Boot::runCodeIgniter(Object(CodeIgniter\CodeIgniter))
 9 FCPATH\index.php(59): CodeIgniter\Boot::bootWeb(Object(Config\Paths))
CRITICAL - 2026-02-15 11:50:16 --> [Caused by] mysqli_sql_exception: Unknown column 'tax_paid' in 'field list'
in SYSTEMPATH\Database\MySQLi\Connection.php on line 327.
 1 SYSTEMPATH\Database\MySQLi\Connection.php(327): mysqli->query(' SELECT 
                            s.sales_invoice,
                            s.sales_date,
                            s.seller_id,
                            u.user_name AS seller_name,    -- ✅ Added seller name
                            sd.total_sale,
                            sd.total_tax,
                            s.discount,
                            s.others_cost,
                            s.paid_amount,
                            IFNULL(cd.customer_due, 0) AS customer_due,
                            IFNULL(cd.total_due_paid, 0) AS due_paid_amount,
                            (s.paid_amount + IFNULL(cd.total_due_paid, 0)) AS total_paid,
                            s.due_amount,
                            CASE 
                                WHEN s.customer_type REGEXP \'^[0-9]+$\' THEN c.cus_first_name
                                ELSE s.customer_type
                            END AS customer_name,
                            CASE
                                WHEN s.customer_type = \'Walk-In-Customer\' THEN \'Fully Paid\'
                                WHEN IFNULL(cd.customer_due, 0) = 0 THEN \'Fully Paid\'
                                ELSE \'Partially Paid\'
                            END AS payment_status
                        FROM sales s
                        JOIN (
                            SELECT 
                                sales_details_invoice, 
                                SUM(total_sale_price) AS total_sale, 
                                SUM(tax_paid) AS total_tax
                            FROM sales_details
                            GROUP BY sales_details_invoice
                        ) sd ON s.sales_invoice = sd.sales_details_invoice
                        LEFT JOIN (
                            SELECT 
                                due_invoice_no, 
                                SUM(due_amount - due_paid_amount) AS customer_due,
                                SUM(due_paid_amount) AS total_due_paid
                            FROM customer_due
                            GROUP BY due_invoice_no
                        ) cd ON s.sales_invoice = cd.due_invoice_no
                        LEFT JOIN customer c 
                            ON c.customer_id = s.customer_type AND s.customer_type REGEXP \'^[0-9]+\'
                        LEFT JOIN `user` u 
                            ON u.user_id = s.seller_id ', 0)
 2 SYSTEMPATH\Database\BaseConnection.php(729): CodeIgniter\Database\MySQLi\Connection->execute(' SELECT 
                            s.sales_invoice,
                            s.sales_date,
                            s.seller_id,
                            u.user_name AS seller_name,    -- ✅ Added seller name
                            sd.total_sale,
                            sd.total_tax,
                            s.discount,
                            s.others_cost,
                            s.paid_amount,
                            IFNULL(cd.customer_due, 0) AS customer_due,
                            IFNULL(cd.total_due_paid, 0) AS due_paid_amount,
                            (s.paid_amount + IFNULL(cd.total_due_paid, 0)) AS total_paid,
                            s.due_amount,
                            CASE 
                                WHEN s.customer_type REGEXP \'^[0-9]+$\' THEN c.cus_first_name
                                ELSE s.customer_type
                            END AS customer_name,
                            CASE
                                WHEN s.customer_type = \'Walk-In-Customer\' THEN \'Fully Paid\'
                                WHEN IFNULL(cd.customer_due, 0) = 0 THEN \'Fully Paid\'
                                ELSE \'Partially Paid\'
                            END AS payment_status
                        FROM sales s
                        JOIN (
                            SELECT 
                                sales_details_invoice, 
                                SUM(total_sale_price) AS total_sale, 
                                SUM(tax_paid) AS total_tax
                            FROM sales_details
                            GROUP BY sales_details_invoice
                        ) sd ON s.sales_invoice = sd.sales_details_invoice
                        LEFT JOIN (
                            SELECT 
                                due_invoice_no, 
                                SUM(due_amount - due_paid_amount) AS customer_due,
                                SUM(due_paid_amount) AS total_due_paid
                            FROM customer_due
                            GROUP BY due_invoice_no
                        ) cd ON s.sales_invoice = cd.due_invoice_no
                        LEFT JOIN customer c 
                            ON c.customer_id = s.customer_type AND s.customer_type REGEXP \'^[0-9]+\'
                        LEFT JOIN `user` u 
                            ON u.user_id = s.seller_id ')
 3 SYSTEMPATH\Database\BaseConnection.php(646): CodeIgniter\Database\BaseConnection->simpleQuery(' SELECT 
                            s.sales_invoice,
                            s.sales_date,
                            s.seller_id,
                            u.user_name AS seller_name,    -- ✅ Added seller name
                            sd.total_sale,
                            sd.total_tax,
                            s.discount,
                            s.others_cost,
                            s.paid_amount,
                            IFNULL(cd.customer_due, 0) AS customer_due,
                            IFNULL(cd.total_due_paid, 0) AS due_paid_amount,
                            (s.paid_amount + IFNULL(cd.total_due_paid, 0)) AS total_paid,
                            s.due_amount,
                            CASE 
                                WHEN s.customer_type REGEXP \'^[0-9]+$\' THEN c.cus_first_name
                                ELSE s.customer_type
                            END AS customer_name,
                            CASE
                                WHEN s.customer_type = \'Walk-In-Customer\' THEN \'Fully Paid\'
                                WHEN IFNULL(cd.customer_due, 0) = 0 THEN \'Fully Paid\'
                                ELSE \'Partially Paid\'
                            END AS payment_status
                        FROM sales s
                        JOIN (
                            SELECT 
                                sales_details_invoice, 
                                SUM(total_sale_price) AS total_sale, 
                                SUM(tax_paid) AS total_tax
                            FROM sales_details
                            GROUP BY sales_details_invoice
                        ) sd ON s.sales_invoice = sd.sales_details_invoice
                        LEFT JOIN (
                            SELECT 
                                due_invoice_no, 
                                SUM(due_amount - due_paid_amount) AS customer_due,
                                SUM(due_paid_amount) AS total_due_paid
                            FROM customer_due
                            GROUP BY due_invoice_no
                        ) cd ON s.sales_invoice = cd.due_invoice_no
                        LEFT JOIN customer c 
                            ON c.customer_id = s.customer_type AND s.customer_type REGEXP \'^[0-9]+\'
                        LEFT JOIN `user` u 
                            ON u.user_id = s.seller_id ')
 4 APPPATH\Controllers\SaleSummeryReport.php(100): CodeIgniter\Database\BaseConnection->query(' SELECT 
                            s.sales_invoice,
                            s.sales_date,
                            s.seller_id,
                            u.user_name AS seller_name,    -- ✅ Added seller name
                            sd.total_sale,
                            sd.total_tax,
                            s.discount,
                            s.others_cost,
                            s.paid_amount,
                            IFNULL(cd.customer_due, 0) AS customer_due,
                            IFNULL(cd.total_due_paid, 0) AS due_paid_amount,
                            (s.paid_amount + IFNULL(cd.total_due_paid, 0)) AS total_paid,
                            s.due_amount,
                            CASE 
                                WHEN s.customer_type REGEXP \'^[0-9]+$\' THEN c.cus_first_name
                                ELSE s.customer_type
                            END AS customer_name,
                            CASE
                                WHEN s.customer_type = \'Walk-In-Customer\' THEN \'Fully Paid\'
                                WHEN IFNULL(cd.customer_due, 0) = 0 THEN \'Fully Paid\'
                                ELSE \'Partially Paid\'
                            END AS payment_status
                        FROM sales s
                        JOIN (
                            SELECT 
                                sales_details_invoice, 
                                SUM(total_sale_price) AS total_sale, 
                                SUM(tax_paid) AS total_tax
                            FROM sales_details
                            GROUP BY sales_details_invoice
                        ) sd ON s.sales_invoice = sd.sales_details_invoice
                        LEFT JOIN (
                            SELECT 
                                due_invoice_no, 
                                SUM(due_amount - due_paid_amount) AS customer_due,
                                SUM(due_paid_amount) AS total_due_paid
                            FROM customer_due
                            GROUP BY due_invoice_no
                        ) cd ON s.sales_invoice = cd.due_invoice_no
                        LEFT JOIN customer c 
                            ON c.customer_id = s.customer_type AND s.customer_type REGEXP \'^[0-9]+\'
                        LEFT JOIN `user` u 
                            ON u.user_id = s.seller_id ')
 5 SYSTEMPATH\CodeIgniter.php(933): App\Controllers\SaleSummeryReport->index()
 6 SYSTEMPATH\CodeIgniter.php(507): CodeIgniter\CodeIgniter->runController(Object(App\Controllers\SaleSummeryReport))
 7 SYSTEMPATH\CodeIgniter.php(354): CodeIgniter\CodeIgniter->handleRequest(null, Object(Config\Cache), false)
 8 SYSTEMPATH\Boot.php(363): CodeIgniter\CodeIgniter->run()
 9 SYSTEMPATH\Boot.php(68): CodeIgniter\Boot::runCodeIgniter(Object(CodeIgniter\CodeIgniter))
10 FCPATH\index.php(59): CodeIgniter\Boot::bootWeb(Object(Config\Paths))
