DEBUG - 2026-04-07 06:00:28 --> Session: Class initialized using 'CodeIgniter\Session\Handlers\FileHandler' driver.
DEBUG - 2026-04-07 06:00:31 --> Session: Class initialized using 'CodeIgniter\Session\Handlers\FileHandler' driver.
DEBUG - 2026-04-07 06:00:32 --> Session: Class initialized using 'CodeIgniter\Session\Handlers\FileHandler' driver.
DEBUG - 2026-04-07 06:00:36 --> Session: Class initialized using 'CodeIgniter\Session\Handlers\FileHandler' driver.
DEBUG - 2026-04-07 06:01:05 --> Session: Class initialized using 'CodeIgniter\Session\Handlers\FileHandler' driver.
ERROR - 2026-04-07 06:01:14 --> mysqli_sql_exception: Unknown column 'quantity' in 'field list' in C:\laragon\www\pharmacy-project\system\Database\MySQLi\Connection.php:327
Stack trace:
#0 C:\laragon\www\pharmacy-project\system\Database\MySQLi\Connection.php(327): mysqli->query('SELECT piq.*, p...', 0)
#1 C:\laragon\www\pharmacy-project\system\Database\BaseConnection.php(729): CodeIgniter\Database\MySQLi\Connection->execute('SELECT piq.*, p...')
#2 C:\laragon\www\pharmacy-project\system\Database\BaseConnection.php(646): CodeIgniter\Database\BaseConnection->simpleQuery('SELECT piq.*, p...')
#3 C:\laragon\www\pharmacy-project\app\Controllers\profitloss.php(28): CodeIgniter\Database\BaseConnection->query('SELECT piq.*, p...')
#4 C:\laragon\www\pharmacy-project\system\CodeIgniter.php(933): App\Controllers\profitloss->index()
#5 C:\laragon\www\pharmacy-project\system\CodeIgniter.php(507): CodeIgniter\CodeIgniter->runController(Object(App\Controllers\profitloss))
#6 C:\laragon\www\pharmacy-project\system\CodeIgniter.php(354): CodeIgniter\CodeIgniter->handleRequest(NULL, Object(Config\Cache), false)
#7 C:\laragon\www\pharmacy-project\system\Boot.php(363): CodeIgniter\CodeIgniter->run()
#8 C:\laragon\www\pharmacy-project\system\Boot.php(68): CodeIgniter\Boot::runCodeIgniter(Object(CodeIgniter\CodeIgniter))
#9 C:\laragon\www\pharmacy-project\index.php(59): CodeIgniter\Boot::bootWeb(Object(Config\Paths))
#10 {main}
CRITICAL - 2026-04-07 06:01:14 --> CodeIgniter\Database\Exceptions\DatabaseException: Unknown column 'quantity' in 'field list'
[Method: GET, Route: profitloss]
in SYSTEMPATH\Database\BaseConnection.php on line 684.
 1 APPPATH\Controllers\profitloss.php(28): CodeIgniter\Database\BaseConnection->query('SELECT piq.*, productinitial_quantity + IFNULL(ppd.new_purchased,0) AS total_stock
      FROM product_inital_stock as piq
      LEFT JOIN (SELECT product_id,SUM(quantity) as new_purchased
      FROM product_purchase_details
      GROUP BY product_id) as ppd
      ON piq.product_id = ppd.product_id')
 2 SYSTEMPATH\CodeIgniter.php(933): App\Controllers\profitloss->index()
 3 SYSTEMPATH\CodeIgniter.php(507): CodeIgniter\CodeIgniter->runController(Object(App\Controllers\profitloss))
 4 SYSTEMPATH\CodeIgniter.php(354): CodeIgniter\CodeIgniter->handleRequest(null, Object(Config\Cache), false)
 5 SYSTEMPATH\Boot.php(363): CodeIgniter\CodeIgniter->run()
 6 SYSTEMPATH\Boot.php(68): CodeIgniter\Boot::runCodeIgniter(Object(CodeIgniter\CodeIgniter))
 7 FCPATH\index.php(59): CodeIgniter\Boot::bootWeb(Object(Config\Paths))
CRITICAL - 2026-04-07 06:01:14 --> [Caused by] CodeIgniter\Database\Exceptions\DatabaseException: Unknown column 'quantity' in 'field list'
in SYSTEMPATH\Database\MySQLi\Connection.php on line 332.
 1 SYSTEMPATH\Database\BaseConnection.php(729): CodeIgniter\Database\MySQLi\Connection->execute('SELECT piq.*, productinitial_quantity + IFNULL(ppd.new_purchased,0) AS total_stock
      FROM product_inital_stock as piq
      LEFT JOIN (SELECT product_id,SUM(quantity) as new_purchased
      FROM product_purchase_details
      GROUP BY product_id) as ppd
      ON piq.product_id = ppd.product_id')
 2 SYSTEMPATH\Database\BaseConnection.php(646): CodeIgniter\Database\BaseConnection->simpleQuery('SELECT piq.*, productinitial_quantity + IFNULL(ppd.new_purchased,0) AS total_stock
      FROM product_inital_stock as piq
      LEFT JOIN (SELECT product_id,SUM(quantity) as new_purchased
      FROM product_purchase_details
      GROUP BY product_id) as ppd
      ON piq.product_id = ppd.product_id')
 3 APPPATH\Controllers\profitloss.php(28): CodeIgniter\Database\BaseConnection->query('SELECT piq.*, productinitial_quantity + IFNULL(ppd.new_purchased,0) AS total_stock
      FROM product_inital_stock as piq
      LEFT JOIN (SELECT product_id,SUM(quantity) as new_purchased
      FROM product_purchase_details
      GROUP BY product_id) as ppd
      ON piq.product_id = ppd.product_id')
 4 SYSTEMPATH\CodeIgniter.php(933): App\Controllers\profitloss->index()
 5 SYSTEMPATH\CodeIgniter.php(507): CodeIgniter\CodeIgniter->runController(Object(App\Controllers\profitloss))
 6 SYSTEMPATH\CodeIgniter.php(354): CodeIgniter\CodeIgniter->handleRequest(null, Object(Config\Cache), false)
 7 SYSTEMPATH\Boot.php(363): CodeIgniter\CodeIgniter->run()
 8 SYSTEMPATH\Boot.php(68): CodeIgniter\Boot::runCodeIgniter(Object(CodeIgniter\CodeIgniter))
 9 FCPATH\index.php(59): CodeIgniter\Boot::bootWeb(Object(Config\Paths))
CRITICAL - 2026-04-07 06:01:14 --> [Caused by] mysqli_sql_exception: Unknown column 'quantity' in 'field list'
in SYSTEMPATH\Database\MySQLi\Connection.php on line 327.
 1 SYSTEMPATH\Database\MySQLi\Connection.php(327): mysqli->query('SELECT piq.*, productinitial_quantity + IFNULL(ppd.new_purchased,0) AS total_stock
      FROM product_inital_stock as piq
      LEFT JOIN (SELECT product_id,SUM(quantity) as new_purchased
      FROM product_purchase_details
      GROUP BY product_id) as ppd
      ON piq.product_id = ppd.product_id', 0)
 2 SYSTEMPATH\Database\BaseConnection.php(729): CodeIgniter\Database\MySQLi\Connection->execute('SELECT piq.*, productinitial_quantity + IFNULL(ppd.new_purchased,0) AS total_stock
      FROM product_inital_stock as piq
      LEFT JOIN (SELECT product_id,SUM(quantity) as new_purchased
      FROM product_purchase_details
      GROUP BY product_id) as ppd
      ON piq.product_id = ppd.product_id')
 3 SYSTEMPATH\Database\BaseConnection.php(646): CodeIgniter\Database\BaseConnection->simpleQuery('SELECT piq.*, productinitial_quantity + IFNULL(ppd.new_purchased,0) AS total_stock
      FROM product_inital_stock as piq
      LEFT JOIN (SELECT product_id,SUM(quantity) as new_purchased
      FROM product_purchase_details
      GROUP BY product_id) as ppd
      ON piq.product_id = ppd.product_id')
 4 APPPATH\Controllers\profitloss.php(28): CodeIgniter\Database\BaseConnection->query('SELECT piq.*, productinitial_quantity + IFNULL(ppd.new_purchased,0) AS total_stock
      FROM product_inital_stock as piq
      LEFT JOIN (SELECT product_id,SUM(quantity) as new_purchased
      FROM product_purchase_details
      GROUP BY product_id) as ppd
      ON piq.product_id = ppd.product_id')
 5 SYSTEMPATH\CodeIgniter.php(933): App\Controllers\profitloss->index()
 6 SYSTEMPATH\CodeIgniter.php(507): CodeIgniter\CodeIgniter->runController(Object(App\Controllers\profitloss))
 7 SYSTEMPATH\CodeIgniter.php(354): CodeIgniter\CodeIgniter->handleRequest(null, Object(Config\Cache), false)
 8 SYSTEMPATH\Boot.php(363): CodeIgniter\CodeIgniter->run()
 9 SYSTEMPATH\Boot.php(68): CodeIgniter\Boot::runCodeIgniter(Object(CodeIgniter\CodeIgniter))
10 FCPATH\index.php(59): CodeIgniter\Boot::bootWeb(Object(Config\Paths))
DEBUG - 2026-04-07 06:01:18 --> Session: Class initialized using 'CodeIgniter\Session\Handlers\FileHandler' driver.
DEBUG - 2026-04-07 06:01:22 --> Session: Class initialized using 'CodeIgniter\Session\Handlers\FileHandler' driver.
DEBUG - 2026-04-07 06:01:50 --> Session: Class initialized using 'CodeIgniter\Session\Handlers\FileHandler' driver.
DEBUG - 2026-04-07 06:01:53 --> Session: Class initialized using 'CodeIgniter\Session\Handlers\FileHandler' driver.
DEBUG - 2026-04-07 06:19:19 --> Session: Class initialized using 'CodeIgniter\Session\Handlers\FileHandler' driver.
